<html>
<body>
<pre>
<h1>µVision Build Log</h1>
<h2>Tool Versions:</h2>
IDE-Version: ¦ÌVision V5.35.0.0
Copyright (C) 2021 ARM Ltd and ARM Germany GmbH. All rights reserved.
License Information: wang asssmer, 1, LIC=HN0AE-5Y7DL-GKCBG-VRFQ8-FW8Z9-X52GQ
 
Tool Versions:
Toolchain:       MDK-ARM Plus  Version: 5.35.0.2
Toolchain Path:  C:\Keil_v5\ARM\ARMCLANG\Bin
C Compiler:      ArmClang.exe V6.16
Assembler:       Armasm.exe V6.16
Linker/Locator:  ArmLink.exe V6.16
Library Manager: ArmAr.exe V6.16
Hex Converter:   FromElf.exe V6.16
CPU DLL:         SARMCM3.DLL V5.35.0.2
Dialog DLL:      DCM.DLL V1.17.3.0
Target DLL:      STLink\ST-LINKIII-KEIL_SWO.dll V3.0.9.0
Dialog DLL:      TCM.DLL V1.53.0.0
 
<h2>Project:</h2>
C:\Users\m3098\Documents\GitHub\gd32f450\gd32_test1\gd32_test1.uvprojx
Project File Date:  10/17/2023

<h2>Output:</h2>
*** Using Compiler 'V6.16', folder: 'C:\Keil_v5\ARM\ARMCLANG\Bin'
Rebuild target 'Target 1'
compiling gd32f4xx_ctc.c...
compiling main.c...
compiling gd32f4xx_crc.c...
compiling gd32f4xx_dac.c...
compiling gd32f4xx_adc.c...
compiling 454software.c...
compiling gd32f4xx_can.c...
compiling gd32f4xx_dbg.c...
compiling gd32f4xx_dci.c...
compiling gd32f4xx_exti.c...
compiling gd32f4xx_dma.c...
compiling gd32f4xx_fmc.c...
compiling gd32f4xx_exmc.c...
compiling gd32f4xx_enet.c...
compiling gd32f4xx_fwdgt.c...
compiling gd32f4xx_gpio.c...
compiling gd32f4xx_i2c.c...
compiling gd32f4xx_ipa.c...
compiling gd32f4xx_iref.c...
compiling gd32f4xx_misc.c...
compiling gd32f4xx_pmu.c...
compiling gd32f4xx_rcu.c...
compiling gd32f4xx_syscfg.c...
compiling gd32f4xx_sdio.c...
compiling gd32f4xx_spi.c...
compiling gd32f4xx_rtc.c...
compiling gd32f4xx_tli.c...
compiling gd32f4xx_timer.c...
compiling gd32f4xx_trng.c...
compiling gd32f4xx_wwdgt.c...
assembling startup_gd32f450_470.s...
compiling gd32f4xx_usart.c...
compiling system_gd32f4xx.c...
linking...
Program Size: Code=3140 RO-data=460 RW-data=4 ZI-data=2148  
".\Objects\gd32_test1.axf" - 0 Error(s), 0 Warning(s).

<h2>Software Packages used:</h2>

Package Vendor: ARM
                http://www.keil.com/pack/ARM.CMSIS.5.9.0.pack
                ARM.CMSIS.5.9.0
                CMSIS (Common Microcontroller Software Interface Standard)
   * Component: CORE Version: 5.6.0

Package Vendor: GigaDevice
                https://gd32mcu.com/data/documents/pack/GigaDevice.GD32F4xx_DFP.3.0.3.pack
                GigaDevice.GD32F4xx_DFP.3.0.3
                GigaDevice GD32F4xx Series Device Support and Examples
   * Component: Libopt Version: 3.0.2
   * Component: Startup Version: 3.0.2
   * Component: ADC Version: 3.0.2
   * Component: CAN Version: 3.0.2
   * Component: CRC Version: 3.0.2
   * Component: CTC Version: 3.0.2
   * Component: DAC Version: 3.0.2
   * Component: DBG Version: 3.0.2
   * Component: DCI Version: 3.0.2
   * Component: DMA Version: 3.0.2
   * Component: ENET Version: 3.0.2
   * Component: EXMC Version: 3.0.2
   * Component: EXTI Version: 3.0.2
   * Component: FMC Version: 3.0.2
   * Component: FWDGT Version: 3.0.2
   * Component: GPIO Version: 3.0.2
   * Component: I2C Version: 3.0.2
   * Component: IPA Version: 3.0.2
   * Component: IREF Version: 3.0.2
   * Component: MISC Version: 3.0.2
   * Component: PMU Version: 3.0.2
   * Component: RCU Version: 3.0.2
   * Component: RTC Version: 3.0.2
   * Component: SDIO Version: 3.0.2
   * Component: SPI_I2S Version: 3.0.2
   * Component: SYSCFG Version: 3.0.2
   * Component: TIMER Version: 3.0.2
   * Component: TLI Version: 3.0.2
   * Component: TRNG Version: 3.0.2
   * Component: USART Version: 3.0.2
   * Component: WWDGT Version: 3.0.2

<h2>Collection of Component include folders:</h2>
  .\RTE\_Target_1
  C:\Keil_v5\Packs\ARM\CMSIS\5.9.0\CMSIS\Core\Include
  C:\Keil_v5\Packs\GigaDevice\GD32F4xx_DFP\3.0.3\Device\F4XX\Firmware\Peripherals\inc
  C:\Keil_v5\Packs\GigaDevice\GD32F4xx_DFP\3.0.3\Device\F4XX\Include

<h2>Collection of Component Files used:</h2>

   * Component: ARM::CMSIS:CORE:5.6.0

   * Component: GigaDevice::Device:Libopt:3.0.2
      Include file:  Device\F4XX\Include\gd32f4xx_libopt.h

   * Component: GigaDevice::Device:Startup:3.0.2
      Source file:   Device\F4XX\Source\system_gd32f4xx.c
      Include file:  Device\F4XX\Include\gd32f4xx.h
      Source file:   Device\F4XX\Source\ARM\startup_gd32f450_470.s

   * Component: GigaDevice::Device:StdPeripherals:ADC:3.0.2
      Include file:  Device\F4XX\Firmware\Peripherals\inc\gd32f4xx_adc.h
      Source file:   Device\F4XX\Firmware\Peripherals\src\gd32f4xx_adc.c

   * Component: GigaDevice::Device:StdPeripherals:CAN:3.0.2
      Include file:  Device\F4XX\Firmware\Peripherals\inc\gd32f4xx_can.h
      Source file:   Device\F4XX\Firmware\Peripherals\src\gd32f4xx_can.c

   * Component: GigaDevice::Device:StdPeripherals:CRC:3.0.2
      Source file:   Device\F4XX\Firmware\Peripherals\src\gd32f4xx_crc.c
      Include file:  Device\F4XX\Firmware\Peripherals\inc\gd32f4xx_crc.h

   * Component: GigaDevice::Device:StdPeripherals:CTC:3.0.2
      Source file:   Device\F4XX\Firmware\Peripherals\src\gd32f4xx_ctc.c
      Include file:  Device\F4XX\Firmware\Peripherals\inc\gd32f4xx_ctc.h

   * Component: GigaDevice::Device:StdPeripherals:DAC:3.0.2
      Include file:  Device\F4XX\Firmware\Peripherals\inc\gd32f4xx_dac.h
      Source file:   Device\F4XX\Firmware\Peripherals\src\gd32f4xx_dac.c

   * Component: GigaDevice::Device:StdPeripherals:DBG:3.0.2
      Include file:  Device\F4XX\Firmware\Peripherals\inc\gd32f4xx_dbg.h
      Source file:   Device\F4XX\Firmware\Peripherals\src\gd32f4xx_dbg.c

   * Component: GigaDevice::Device:StdPeripherals:DCI:3.0.2
      Source file:   Device\F4XX\Firmware\Peripherals\src\gd32f4xx_dci.c
      Include file:  Device\F4XX\Firmware\Peripherals\inc\gd32f4xx_dci.h

   * Component: GigaDevice::Device:StdPeripherals:DMA:3.0.2
      Source file:   Device\F4XX\Firmware\Peripherals\src\gd32f4xx_dma.c
      Include file:  Device\F4XX\Firmware\Peripherals\inc\gd32f4xx_dma.h

   * Component: GigaDevice::Device:StdPeripherals:ENET:3.0.2
      Source file:   Device\F4XX\Firmware\Peripherals\src\gd32f4xx_enet.c
      Include file:  Device\F4XX\Firmware\Peripherals\inc\gd32f4xx_enet.h

   * Component: GigaDevice::Device:StdPeripherals:EXMC:3.0.2
      Include file:  Device\F4XX\Firmware\Peripherals\inc\gd32f4xx_exmc.h
      Source file:   Device\F4XX\Firmware\Peripherals\src\gd32f4xx_exmc.c

   * Component: GigaDevice::Device:StdPeripherals:EXTI:3.0.2
      Include file:  Device\F4XX\Firmware\Peripherals\inc\gd32f4xx_exti.h
      Source file:   Device\F4XX\Firmware\Peripherals\src\gd32f4xx_exti.c

   * Component: GigaDevice::Device:StdPeripherals:FMC:3.0.2
      Include file:  Device\F4XX\Firmware\Peripherals\inc\gd32f4xx_fmc.h
      Source file:   Device\F4XX\Firmware\Peripherals\src\gd32f4xx_fmc.c

   * Component: GigaDevice::Device:StdPeripherals:FWDGT:3.0.2
      Source file:   Device\F4XX\Firmware\Peripherals\src\gd32f4xx_fwdgt.c
      Include file:  Device\F4XX\Firmware\Peripherals\inc\gd32f4xx_fwdgt.h

   * Component: GigaDevice::Device:StdPeripherals:GPIO:3.0.2
      Include file:  Device\F4XX\Firmware\Peripherals\inc\gd32f4xx_gpio.h
      Source file:   Device\F4XX\Firmware\Peripherals\src\gd32f4xx_gpio.c

   * Component: GigaDevice::Device:StdPeripherals:I2C:3.0.2
      Include file:  Device\F4XX\Firmware\Peripherals\inc\gd32f4xx_i2c.h
      Source file:   Device\F4XX\Firmware\Peripherals\src\gd32f4xx_i2c.c

   * Component: GigaDevice::Device:StdPeripherals:IPA:3.0.2
      Include file:  Device\F4XX\Firmware\Peripherals\inc\gd32f4xx_ipa.h
      Source file:   Device\F4XX\Firmware\Peripherals\src\gd32f4xx_ipa.c

   * Component: GigaDevice::Device:StdPeripherals:IREF:3.0.2
      Source file:   Device\F4XX\Firmware\Peripherals\src\gd32f4xx_iref.c
      Include file:  Device\F4XX\Firmware\Peripherals\inc\gd32f4xx_iref.h

   * Component: GigaDevice::Device:StdPeripherals:MISC:3.0.2
      Include file:  Device\F4XX\Firmware\Peripherals\inc\gd32f4xx_misc.h
      Source file:   Device\F4XX\Firmware\Peripherals\src\gd32f4xx_misc.c

   * Component: GigaDevice::Device:StdPeripherals:PMU:3.0.2
      Source file:   Device\F4XX\Firmware\Peripherals\src\gd32f4xx_pmu.c
      Include file:  Device\F4XX\Firmware\Peripherals\inc\gd32f4xx_pmu.h

   * Component: GigaDevice::Device:StdPeripherals:RCU:3.0.2
      Include file:  Device\F4XX\Firmware\Peripherals\inc\gd32f4xx_rcu.h
      Source file:   Device\F4XX\Firmware\Peripherals\src\gd32f4xx_rcu.c

   * Component: GigaDevice::Device:StdPeripherals:RTC:3.0.2
      Include file:  Device\F4XX\Firmware\Peripherals\inc\gd32f4xx_rtc.h
      Source file:   Device\F4XX\Firmware\Peripherals\src\gd32f4xx_rtc.c

   * Component: GigaDevice::Device:StdPeripherals:SDIO:3.0.2
      Include file:  Device\F4XX\Firmware\Peripherals\inc\gd32f4xx_sdio.h
      Source file:   Device\F4XX\Firmware\Peripherals\src\gd32f4xx_sdio.c

   * Component: GigaDevice::Device:StdPeripherals:SPI_I2S:3.0.2
      Include file:  Device\F4XX\Firmware\Peripherals\inc\gd32f4xx_spi.h
      Source file:   Device\F4XX\Firmware\Peripherals\src\gd32f4xx_spi.c

   * Component: GigaDevice::Device:StdPeripherals:SYSCFG:3.0.2
      Source file:   Device\F4XX\Firmware\Peripherals\src\gd32f4xx_syscfg.c
      Include file:  Device\F4XX\Firmware\Peripherals\inc\gd32f4xx_syscfg.h

   * Component: GigaDevice::Device:StdPeripherals:TIMER:3.0.2
      Include file:  Device\F4XX\Firmware\Peripherals\inc\gd32f4xx_timer.h
      Source file:   Device\F4XX\Firmware\Peripherals\src\gd32f4xx_timer.c

   * Component: GigaDevice::Device:StdPeripherals:TLI:3.0.2
      Include file:  Device\F4XX\Firmware\Peripherals\inc\gd32f4xx_tli.h
      Source file:   Device\F4XX\Firmware\Peripherals\src\gd32f4xx_tli.c

   * Component: GigaDevice::Device:StdPeripherals:TRNG:3.0.2
      Source file:   Device\F4XX\Firmware\Peripherals\src\gd32f4xx_trng.c
      Include file:  Device\F4XX\Firmware\Peripherals\inc\gd32f4xx_trng.h

   * Component: GigaDevice::Device:StdPeripherals:USART:3.0.2
      Source file:   Device\F4XX\Firmware\Peripherals\src\gd32f4xx_usart.c
      Include file:  Device\F4XX\Firmware\Peripherals\inc\gd32f4xx_usart.h

   * Component: GigaDevice::Device:StdPeripherals:WWDGT:3.0.2
      Source file:   Device\F4XX\Firmware\Peripherals\src\gd32f4xx_wwdgt.c
      Include file:  Device\F4XX\Firmware\Peripherals\inc\gd32f4xx_wwdgt.h
Build Time Elapsed:  00:00:02
</pre>
</body>
</html>
