Component: ARM Compiler 6.16 Tool: armlink [5dfeaa00]

==============================================================================

Section Cross References

    main.o(.text.main) refers to 454software.o(.text.init_454) for init_454
    main.o(.text.main) refers to gd32f4xx_gpio.o(.text.gpio_bit_toggle) for gpio_bit_toggle
    main.o(.text.main) refers to main.o(.rodata.str1.1) for .L.str
    main.o(.text.main) refers to 454software.o(.text.log_454) for log_454
    main.o(.text.main) refers to 454software.o(.text.P11_Initial) for P11_Initial
    main.o(.text.main) refers to 454software.o(.text.P11_StartT) for P11_StartT
    main.o(.text.main) refers to 454software.o(.text.ms_delay_454) for ms_delay_454
    main.o(.text.main) refers to 454software.o(.text.P11_ConStatus) for P11_ConStatus
    main.o(.text.main) refers to 454software.o(.text.P11_ResultT) for P11_ResultT
    main.o(.text.main) refers to 454software.o(.text.P11_StartP) for P11_StartP
    main.o(.text.main) refers to 454software.o(.text.P11_ResultP) for P11_ResultP
    main.o(.text.main) refers to 454software.o(.text.P11_Caculate) for P11_Caculate
    main.o(.text.main) refers to 454software.o(.text.floatToStr) for floatToStr
    main.o(.ARM.exidx.text.main) refers to main.o(.text.main) for [Anonymous Symbol]
    454software.o(.text.init_454) refers to 454software.o(.text.RCU_init_454) for RCU_init_454
    454software.o(.text.init_454) refers to 454software.o(.text.NVIC_init_454) for NVIC_init_454
    454software.o(.text.init_454) refers to gd32f4xx_gpio.o(.text.gpio_af_set) for gpio_af_set
    454software.o(.text.init_454) refers to gd32f4xx_gpio.o(.text.gpio_mode_set) for gpio_mode_set
    454software.o(.text.init_454) refers to gd32f4xx_gpio.o(.text.gpio_output_options_set) for gpio_output_options_set
    454software.o(.text.init_454) refers to gd32f4xx_rcu.o(.text.rcu_ckout1_config) for rcu_ckout1_config
    454software.o(.text.init_454) refers to gd32f4xx_gpio.o(.text.gpio_bit_set) for gpio_bit_set
    454software.o(.text.init_454) refers to gd32f4xx_timer.o(.text.timer_deinit) for timer_deinit
    454software.o(.text.init_454) refers to gd32f4xx_timer.o(.text.timer_init) for timer_init
    454software.o(.text.init_454) refers to gd32f4xx_timer.o(.text.timer_enable) for timer_enable
    454software.o(.text.init_454) refers to gd32f4xx_usart.o(.text.usart_deinit) for usart_deinit
    454software.o(.text.init_454) refers to gd32f4xx_usart.o(.text.usart_disable) for usart_disable
    454software.o(.text.init_454) refers to gd32f4xx_usart.o(.text.usart_word_length_set) for usart_word_length_set
    454software.o(.text.init_454) refers to gd32f4xx_usart.o(.text.usart_stop_bit_set) for usart_stop_bit_set
    454software.o(.text.init_454) refers to gd32f4xx_usart.o(.text.usart_baudrate_set) for usart_baudrate_set
    454software.o(.text.init_454) refers to gd32f4xx_usart.o(.text.usart_parity_config) for usart_parity_config
    454software.o(.text.init_454) refers to gd32f4xx_usart.o(.text.usart_hardware_flow_rts_config) for usart_hardware_flow_rts_config
    454software.o(.text.init_454) refers to gd32f4xx_usart.o(.text.usart_hardware_flow_cts_config) for usart_hardware_flow_cts_config
    454software.o(.text.init_454) refers to gd32f4xx_usart.o(.text.usart_receive_config) for usart_receive_config
    454software.o(.text.init_454) refers to gd32f4xx_usart.o(.text.usart_transmit_config) for usart_transmit_config
    454software.o(.text.init_454) refers to gd32f4xx_usart.o(.text.usart_dma_receive_config) for usart_dma_receive_config
    454software.o(.text.init_454) refers to gd32f4xx_usart.o(.text.usart_dma_transmit_config) for usart_dma_transmit_config
    454software.o(.text.init_454) refers to gd32f4xx_dma.o(.text.dma_deinit) for dma_deinit
    454software.o(.text.init_454) refers to gd32f4xx_dma.o(.text.dma_multi_data_para_struct_init) for dma_multi_data_para_struct_init
    454software.o(.text.init_454) refers to gd32f4xx_dma.o(.text.dma_multi_data_mode_init) for dma_multi_data_mode_init
    454software.o(.text.init_454) refers to gd32f4xx_dma.o(.text.dma_channel_subperipheral_select) for dma_channel_subperipheral_select
    454software.o(.text.init_454) refers to gd32f4xx_dma.o(.text.dma_interrupt_enable) for dma_interrupt_enable
    454software.o(.text.init_454) refers to gd32f4xx_usart.o(.text.usart_prescaler_config) for usart_prescaler_config
    454software.o(.text.init_454) refers to gd32f4xx_usart.o(.text.usart_enable) for usart_enable
    454software.o(.text.init_454) refers to gd32f4xx_i2c.o(.text.i2c_deinit) for i2c_deinit
    454software.o(.text.init_454) refers to gd32f4xx_i2c.o(.text.i2c_clock_config) for i2c_clock_config
    454software.o(.text.init_454) refers to gd32f4xx_i2c.o(.text.i2c_mode_addr_config) for i2c_mode_addr_config
    454software.o(.text.init_454) refers to gd32f4xx_i2c.o(.text.i2c_enable) for i2c_enable
    454software.o(.text.init_454) refers to gd32f4xx_i2c.o(.text.i2c_ack_config) for i2c_ack_config
[...]
    gd32f4xx_iref.c                          0x00000000   Number         0  gd32f4xx_iref.o ABSOLUTE
    gd32f4xx_misc.c                          0x00000000   Number         0  gd32f4xx_misc.o ABSOLUTE
    gd32f4xx_pmu.c                           0x00000000   Number         0  gd32f4xx_pmu.o ABSOLUTE
    gd32f4xx_rcu.c                           0x00000000   Number         0  gd32f4xx_rcu.o ABSOLUTE
    gd32f4xx_rtc.c                           0x00000000   Number         0  gd32f4xx_rtc.o ABSOLUTE
    gd32f4xx_sdio.c                          0x00000000   Number         0  gd32f4xx_sdio.o ABSOLUTE
    gd32f4xx_spi.c                           0x00000000   Number         0  gd32f4xx_spi.o ABSOLUTE
    gd32f4xx_syscfg.c                        0x00000000   Number         0  gd32f4xx_syscfg.o ABSOLUTE
    gd32f4xx_timer.c                         0x00000000   Number         0  gd32f4xx_timer.o ABSOLUTE
    gd32f4xx_tli.c                           0x00000000   Number         0  gd32f4xx_tli.o ABSOLUTE
    gd32f4xx_trng.c                          0x00000000   Number         0  gd32f4xx_trng.o ABSOLUTE
    gd32f4xx_usart.c                         0x00000000   Number         0  gd32f4xx_usart.o ABSOLUTE
    gd32f4xx_wwdgt.c                         0x00000000   Number         0  gd32f4xx_wwdgt.o ABSOLUTE
    main.c                                   0x00000000   Number         0  main.o ABSOLUTE
    system_gd32f4xx.c                        0x00000000   Number         0  system_gd32f4xx.o ABSOLUTE
    RESET                                    0x08000000   Section      428  startup_gd32f450_470.o(RESET)
    !!!main                                  0x080001ac   Section        8  __main.o(!!!main)
    !!!scatter                               0x080001b4   Section       52  __scatter.o(!!!scatter)
    !!handler_copy                           0x080001e8   Section       26  __scatter_copy.o(!!handler_copy)
    !!handler_zi                             0x08000204   Section       28  __scatter_zi.o(!!handler_zi)
    .ARM.Collect$$libinit$$00000000          0x08000220   Section        2  libinit.o(.ARM.Collect$$libinit$$00000000)
    .ARM.Collect$$libinit$$00000001          0x08000222   Section        4  libinit2.o(.ARM.Collect$$libinit$$00000001)
    .ARM.Collect$$libinit$$00000004          0x08000226   Section        0  libinit2.o(.ARM.Collect$$libinit$$00000004)
    .ARM.Collect$$libinit$$0000000A          0x08000226   Section        0  libinit2.o(.ARM.Collect$$libinit$$0000000A)
    .ARM.Collect$$libinit$$0000000C          0x08000226   Section        0  libinit2.o(.ARM.Collect$$libinit$$0000000C)
    .ARM.Collect$$libinit$$0000000E          0x08000226   Section        0  libinit2.o(.ARM.Collect$$libinit$$0000000E)
    .ARM.Collect$$libinit$$00000011          0x08000226   Section        0  libinit2.o(.ARM.Collect$$libinit$$00000011)
    .ARM.Collect$$libinit$$00000013          0x08000226   Section        0  libinit2.o(.ARM.Collect$$libinit$$00000013)
    .ARM.Collect$$libinit$$00000015          0x08000226   Section        0  libinit2.o(.ARM.Collect$$libinit$$00000015)
    .ARM.Collect$$libinit$$00000017          0x08000226   Section        0  libinit2.o(.ARM.Collect$$libinit$$00000017)
    .ARM.Collect$$libinit$$00000019          0x08000226   Section        0  libinit2.o(.ARM.Collect$$libinit$$00000019)
    .ARM.Collect$$libinit$$0000001B          0x08000226   Section        0  libinit2.o(.ARM.Collect$$libinit$$0000001B)
    .ARM.Collect$$libinit$$0000001D          0x08000226   Section        0  libinit2.o(.ARM.Collect$$libinit$$0000001D)
    .ARM.Collect$$libinit$$0000001F          0x08000226   Section        0  libinit2.o(.ARM.Collect$$libinit$$0000001F)
    .ARM.Collect$$libinit$$00000021          0x08000226   Section        0  libinit2.o(.ARM.Collect$$libinit$$00000021)
    .ARM.Collect$$libinit$$00000023          0x08000226   Section        0  libinit2.o(.ARM.Collect$$libinit$$00000023)
    .ARM.Collect$$libinit$$00000025          0x08000226   Section        0  libinit2.o(.ARM.Collect$$libinit$$00000025)
    .ARM.Collect$$libinit$$0000002C          0x08000226   Section        0  libinit2.o(.ARM.Collect$$libinit$$0000002C)
    .ARM.Collect$$libinit$$0000002E          0x08000226   Section        0  libinit2.o(.ARM.Collect$$libinit$$0000002E)
    .ARM.Collect$$libinit$$00000030          0x08000226   Section        0  libinit2.o(.ARM.Collect$$libinit$$00000030)
    .ARM.Collect$$libinit$$00000032          0x08000226   Section        0  libinit2.o(.ARM.Collect$$libinit$$00000032)
    .ARM.Collect$$libinit$$00000033          0x08000226   Section        2  libinit2.o(.ARM.Collect$$libinit$$00000033)
    .ARM.Collect$$libshutdown$$00000000      0x08000228   Section        2  libshutdown.o(.ARM.Collect$$libshutdown$$00000000)
    .ARM.Collect$$libshutdown$$00000002      0x0800022a   Section        0  libshutdown2.o(.ARM.Collect$$libshutdown$$00000002)
    .ARM.Collect$$libshutdown$$00000004      0x0800022a   Section        0  libshutdown2.o(.ARM.Collect$$libshutdown$$00000004)
    .ARM.Collect$$libshutdown$$00000007      0x0800022a   Section        0  libshutdown2.o(.ARM.Collect$$libshutdown$$00000007)
    .ARM.Collect$$libshutdown$$0000000A      0x0800022a   Section        0  libshutdown2.o(.ARM.Collect$$libshutdown$$0000000A)
    .ARM.Collect$$libshutdown$$0000000C      0x0800022a   Section        0  libshutdown2.o(.ARM.Collect$$libshutdown$$0000000C)
    .ARM.Collect$$libshutdown$$0000000F      0x0800022a   Section        0  libshutdown2.o(.ARM.Collect$$libshutdown$$0000000F)
    .ARM.Collect$$libshutdown$$00000010      0x0800022a   Section        2  libshutdown2.o(.ARM.Collect$$libshutdown$$00000010)
    .ARM.Collect$$rtentry$$00000000          0x0800022c   Section        0  __rtentry.o(.ARM.Collect$$rtentry$$00000000)
    .ARM.Collect$$rtentry$$00000002          0x0800022c   Section        0  __rtentry2.o(.ARM.Collect$$rtentry$$00000002)
    .ARM.Collect$$rtentry$$00000004          0x0800022c   Section        6  __rtentry4.o(.ARM.Collect$$rtentry$$00000004)
    .ARM.Collect$$rtentry$$00000009          0x08000232   Section        0  __rtentry2.o(.ARM.Collect$$rtentry$$00000009)
    .ARM.Collect$$rtentry$$0000000A          0x08000232   Section        4  __rtentry2.o(.ARM.Collect$$rtentry$$0000000A)
    .ARM.Collect$$rtentry$$0000000C          0x08000236   Section        0  __rtentry2.o(.ARM.Collect$$rtentry$$0000000C)
    .ARM.Collect$$rtentry$$0000000D          0x08000236   Section        8  __rtentry2.o(.ARM.Collect$$rtentry$$0000000D)
    .ARM.Collect$$rtexit$$00000000           0x0800023e   Section        2  rtexit.o(.ARM.Collect$$rtexit$$00000000)
    .ARM.Collect$$rtexit$$00000002           0x08000240   Section        0  rtexit2.o(.ARM.Collect$$rtexit$$00000002)
    .ARM.Collect$$rtexit$$00000003           0x08000240   Section        4  rtexit2.o(.ARM.Collect$$rtexit$$00000003)
    .ARM.Collect$$rtexit$$00000004           0x08000244   Section        6  rtexit2.o(.ARM.Collect$$rtexit$$00000004)
    $v0                                      0x0800024c   Number         0  startup_gd32f450_470.o(.text)
    .text                                    0x0800024c   Section       64  startup_gd32f450_470.o(.text)
    .text                                    0x0800028c   Section        0  heapauxi.o(.text)
    .text                                    0x08000292   Section        0  _rserrno.o(.text)
    .text                                    0x080002a8   Section        8  rt_errno_addr_intlibspace.o(.text)
    .text                                    0x080002b0   Section        8  libspace.o(.text)
    .text                                    0x080002b8   Section       74  sys_stackheap_outer.o(.text)
    .text                                    0x08000302   Section        0  exit.o(.text)
    .text                                    0x08000314   Section        0  sys_exit.o(.text)
    .text                                    0x08000320   Section        2  use_no_semi.o(.text)
    .text                                    0x08000322   Section        0  indicate_semi.o(.text)
    [Anonymous Symbol]                       0x08000324   Section        0  454software.o(.text.DMA0_Channel6_IRQHandler)
    [Anonymous Symbol]                       0x08000360   Section        0  454software.o(.text.I2C1_EV_IRQHandler)
    [Anonymous Symbol]                       0x08000370   Section        0  454software.o(.text.NVIC_init_454)
    [Anonymous Symbol]                       0x08000388   Section        0  454software.o(.text.P11_Caculate)
    [Anonymous Symbol]                       0x08000550   Section        0  454software.o(.text.P11_ConStatus)
    [Anonymous Symbol]                       0x08000598   Section        0  454software.o(.text.P11_Initial)
    [Anonymous Symbol]                       0x080005b8   Section        0  454software.o(.text.P11_ResultP)
    [Anonymous Symbol]                       0x08000610   Section        0  454software.o(.text.P11_ResultT)
    [Anonymous Symbol]                       0x08000658   Section        0  454software.o(.text.P11_StartP)
    [Anonymous Symbol]                       0x080006a4   Section        0  454software.o(.text.P11_StartT)
    [Anonymous Symbol]                       0x080006f0   Section        0  454software.o(.text.RCU_init_454)
    [Anonymous Symbol]                       0x08000768   Section        0  system_gd32f4xx.o(.text.SystemInit)
    [Anonymous Symbol]                       0x08000850   Section        0  gd32f4xx_dma.o(.text.dma_channel_disable)
    [Anonymous Symbol]                       0x08000874   Section        0  gd32f4xx_dma.o(.text.dma_channel_enable)
    [Anonymous Symbol]                       0x08000898   Section        0  gd32f4xx_dma.o(.text.dma_channel_subperipheral_select)
    [Anonymous Symbol]                       0x080008e0   Section        0  gd32f4xx_dma.o(.text.dma_deinit)
    [Anonymous Symbol]                       0x080009bc   Section        0  gd32f4xx_dma.o(.text.dma_interrupt_enable)
    [Anonymous Symbol]                       0x08000a04   Section        0  gd32f4xx_dma.o(.text.dma_interrupt_flag_clear)
    [Anonymous Symbol]                       0x08000a6c   Section        0  gd32f4xx_dma.o(.text.dma_interrupt_flag_get)
    [Anonymous Symbol]                       0x08000d4c   Section        0  gd32f4xx_dma.o(.text.dma_memory_address_config)
    [Anonymous Symbol]                       0x08000d90   Section        0  gd32f4xx_dma.o(.text.dma_multi_data_mode_init)
    [Anonymous Symbol]                       0x08000f1c   Section        0  gd32f4xx_dma.o(.text.dma_multi_data_para_struct_init)
    [Anonymous Symbol]                       0x08000f58   Section        0  gd32f4xx_dma.o(.text.dma_transfer_number_config)
    [Anonymous Symbol]                       0x08000f78   Section        0  454software.o(.text.floatToStr)
    [Anonymous Symbol]                       0x080010f8   Section        0  gd32f4xx_gpio.o(.text.gpio_af_set)
    [Anonymous Symbol]                       0x080011cc   Section        0  gd32f4xx_gpio.o(.text.gpio_bit_set)
    [Anonymous Symbol]                       0x080011dc   Section        0  gd32f4xx_gpio.o(.text.gpio_bit_toggle)
    [Anonymous Symbol]                       0x080011ec   Section        0  gd32f4xx_gpio.o(.text.gpio_mode_set)
    [Anonymous Symbol]                       0x08001288   Section        0  gd32f4xx_gpio.o(.text.gpio_output_options_set)
    [Anonymous Symbol]                       0x0800131c   Section        0  gd32f4xx_i2c.o(.text.i2c_ack_config)
    [Anonymous Symbol]                       0x08001348   Section        0  gd32f4xx_i2c.o(.text.i2c_ackpos_config)
    [Anonymous Symbol]                       0x08001374   Section        0  gd32f4xx_i2c.o(.text.i2c_clock_config)
    [Anonymous Symbol]                       0x080014d8   Section        0  gd32f4xx_i2c.o(.text.i2c_data_receive)
    [Anonymous Symbol]                       0x080014e8   Section        0  gd32f4xx_i2c.o(.text.i2c_data_transmit)
    [Anonymous Symbol]                       0x080014fc   Section        0  gd32f4xx_i2c.o(.text.i2c_deinit)
    [Anonymous Symbol]                       0x08001570   Section        0  gd32f4xx_i2c.o(.text.i2c_enable)
    [Anonymous Symbol]                       0x08001584   Section        0  gd32f4xx_i2c.o(.text.i2c_flag_clear)
    [Anonymous Symbol]                       0x080015c4   Section        0  gd32f4xx_i2c.o(.text.i2c_flag_get)
    [Anonymous Symbol]                       0x08001600   Section        0  gd32f4xx_i2c.o(.text.i2c_master_addressing)
    [Anonymous Symbol]                       0x08001630   Section        0  454software.o(.text.i2c_master_receive)
    [Anonymous Symbol]                       0x08001878   Section        0  454software.o(.text.i2c_master_send)
    [Anonymous Symbol]                       0x08001930   Section        0  gd32f4xx_i2c.o(.text.i2c_mode_addr_config)
    [Anonymous Symbol]                       0x08001970   Section        0  gd32f4xx_i2c.o(.text.i2c_start_on_bus)
    [Anonymous Symbol]                       0x08001984   Section        0  gd32f4xx_i2c.o(.text.i2c_stop_on_bus)
    [Anonymous Symbol]                       0x08001998   Section        0  454software.o(.text.init_454)
    [Anonymous Symbol]                       0x08001d7c   Section        0  454software.o(.text.log_454)
    [Anonymous Symbol]                       0x08001ddc   Section        0  main.o(.text.main)
    [Anonymous Symbol]                       0x08001eb8   Section        0  454software.o(.text.ms_delay_454)
    [Anonymous Symbol]                       0x08001f88   Section        0  gd32f4xx_misc.o(.text.nvic_irq_enable)
    [Anonymous Symbol]                       0x080020b4   Section        0  gd32f4xx_misc.o(.text.nvic_priority_group_set)
    [Anonymous Symbol]                       0x080020d0   Section        0  gd32f4xx_rcu.o(.text.rcu_ahb_clock_config)
    [Anonymous Symbol]                       0x080020f4   Section        0  gd32f4xx_rcu.o(.text.rcu_apb1_clock_config)
    [Anonymous Symbol]                       0x08002118   Section        0  gd32f4xx_rcu.o(.text.rcu_ckout1_config)
    [Anonymous Symbol]                       0x08002144   Section        0  gd32f4xx_rcu.o(.text.rcu_clock_freq_get)
    [Anonymous Symbol]                       0x080022a8   Section        0  gd32f4xx_rcu.o(.text.rcu_periph_clock_enable)
    [Anonymous Symbol]                       0x080022d0   Section        0  gd32f4xx_rcu.o(.text.rcu_periph_reset_disable)
    [Anonymous Symbol]                       0x080022f8   Section        0  gd32f4xx_rcu.o(.text.rcu_periph_reset_enable)
    system_clock_200m_25m_hxtal              0x08002321   Thumb Code   350  system_gd32f4xx.o(.text.system_clock_200m_25m_hxtal)
    [Anonymous Symbol]                       0x08002320   Section        0  system_gd32f4xx.o(.text.system_clock_200m_25m_hxtal)
    system_clock_config                      0x08002481   Thumb Code     8  system_gd32f4xx.o(.text.system_clock_config)
    [Anonymous Symbol]                       0x08002480   Section        0  system_gd32f4xx.o(.text.system_clock_config)
    [Anonymous Symbol]                       0x08002488   Section        0  gd32f4xx_timer.o(.text.timer_autoreload_value_config)
    [Anonymous Symbol]                       0x08002498   Section        0  gd32f4xx_timer.o(.text.timer_counter_value_config)
    [Anonymous Symbol]                       0x080024a8   Section        0  gd32f4xx_timer.o(.text.timer_deinit)
    [Anonymous Symbol]                       0x08002690   Section        0  gd32f4xx_timer.o(.text.timer_enable)
    [Anonymous Symbol]                       0x080026a4   Section        0  gd32f4xx_timer.o(.text.timer_flag_clear)
    [Anonymous Symbol]                       0x080026b8   Section        0  gd32f4xx_timer.o(.text.timer_flag_get)
    [Anonymous Symbol]                       0x080026e4   Section        0  gd32f4xx_timer.o(.text.timer_init)
    [Anonymous Symbol]                       0x080027e4   Section        0  454software.o(.text.usart1_send_454)
    [Anonymous Symbol]                       0x0800284c   Section        0  gd32f4xx_usart.o(.text.usart_baudrate_set)
    [Anonymous Symbol]                       0x080029a4   Section        0  gd32f4xx_usart.o(.text.usart_deinit)
    [Anonymous Symbol]                       0x08002ac4   Section        0  gd32f4xx_usart.o(.text.usart_disable)
    [Anonymous Symbol]                       0x08002ad8   Section        0  gd32f4xx_usart.o(.text.usart_dma_receive_config)
    [Anonymous Symbol]                       0x08002b04   Section        0  gd32f4xx_usart.o(.text.usart_dma_transmit_config)
    [Anonymous Symbol]                       0x08002b30   Section        0  gd32f4xx_usart.o(.text.usart_enable)
    [Anonymous Symbol]                       0x08002b44   Section        0  gd32f4xx_usart.o(.text.usart_flag_get)
    [Anonymous Symbol]                       0x08002b80   Section        0  gd32f4xx_usart.o(.text.usart_hardware_flow_cts_config)
    [Anonymous Symbol]                       0x08002bac   Section        0  gd32f4xx_usart.o(.text.usart_hardware_flow_rts_config)
    [Anonymous Symbol]                       0x08002bd8   Section        0  gd32f4xx_usart.o(.text.usart_parity_config)
    [Anonymous Symbol]                       0x08002bf8   Section        0  gd32f4xx_usart.o(.text.usart_prescaler_config)
    [Anonymous Symbol]                       0x08002c1c   Section        0  gd32f4xx_usart.o(.text.usart_receive_config)
    [Anonymous Symbol]                       0x08002c48   Section        0  gd32f4xx_usart.o(.text.usart_stop_bit_set)
    [Anonymous Symbol]                       0x08002c68   Section        0  gd32f4xx_usart.o(.text.usart_transmit_config)
    [Anonymous Symbol]                       0x08002c94   Section        0  gd32f4xx_usart.o(.text.usart_word_length_set)
    i.__ARM_fpclassify                       0x08002cb2   Section        0  fpclassify.o(i.__ARM_fpclassify)
    i.__hardfp_pow                           0x08002ce8   Section        0  pow.o(i.__hardfp_pow)
    i.__kernel_poly                          0x08003948   Section        0  poly.o(i.__kernel_poly)
    i.__mathlib_dbl_divzero                  0x08003a40   Section        0  dunder.o(i.__mathlib_dbl_divzero)
    i.__mathlib_dbl_infnan2                  0x08003a70   Section        0  dunder.o(i.__mathlib_dbl_infnan2)
    i.__mathlib_dbl_invalid                  0x08003a88   Section        0  dunder.o(i.__mathlib_dbl_invalid)
    i.__mathlib_dbl_overflow                 0x08003aa8   Section        0  dunder.o(i.__mathlib_dbl_overflow)
    i.__mathlib_dbl_underflow                0x08003ac8   Section        0  dunder.o(i.__mathlib_dbl_underflow)
    i.fabs                                   0x08003ae8   Section        0  fabs.o(i.fabs)
    i.sqrt                                   0x08003b00   Section        0  sqrt.o(i.sqrt)
    $v0                                      0x08003b6e   Number         0  basic.o(x$fpl$basic)
    x$fpl$basic                              0x08003b6e   Section       24  basic.o(x$fpl$basic)
    $v0                                      0x08003b88   Number         0  d2f.o(x$fpl$d2f)
    x$fpl$d2f                                0x08003b88   Section       98  d2f.o(x$fpl$d2f)
    $v0                                      0x08003bec   Number         0  daddsub_clz.o(x$fpl$dadd)
    x$fpl$dadd                               0x08003bec   Section      336  daddsub_clz.o(x$fpl$dadd)
    _dadd1                                   0x08003bfd   Thumb Code     0  daddsub_clz.o(x$fpl$dadd)
    $v0                                      0x08003d3c   Number         0  dcheck1.o(x$fpl$dcheck1)
    x$fpl$dcheck1                            0x08003d3c   Section       16  dcheck1.o(x$fpl$dcheck1)
    $v0                                      0x08003d4c   Number         0  dcmpi.o(x$fpl$dcmpinf)
    x$fpl$dcmpinf                            0x08003d4c   Section       24  dcmpi.o(x$fpl$dcmpinf)
    $v0                                      0x08003d64   Number         0  ddiv.o(x$fpl$ddiv)
    x$fpl$ddiv                               0x08003d64   Section      692  ddiv.o(x$fpl$ddiv)
    ddiv_entry                               0x08003d6b   Thumb Code     0  ddiv.o(x$fpl$ddiv)
    $v0                                      0x08004018   Number         0  deqf.o(x$fpl$deqf)
    x$fpl$deqf                               0x08004018   Section      120  deqf.o(x$fpl$deqf)
    $v0                                      0x08004090   Number         0  dflt_clz.o(x$fpl$dflt)
    x$fpl$dflt                               0x08004090   Section       46  dflt_clz.o(x$fpl$dflt)
    $v0                                      0x080040c0   Number         0  dgeqf.o(x$fpl$dgeqf)
    x$fpl$dgeqf                              0x080040c0   Section      120  dgeqf.o(x$fpl$dgeqf)
    $v0                                      0x08004138   Number         0  dleqf.o(x$fpl$dleqf)
    x$fpl$dleqf                              0x08004138   Section      120  dleqf.o(x$fpl$dleqf)
    $v0                                      0x080041b0   Number         0  dmul.o(x$fpl$dmul)
    x$fpl$dmul                               0x080041b0   Section      340  dmul.o(x$fpl$dmul)
    $v0                                      0x08004304   Number         0  dnaninf.o(x$fpl$dnaninf)
    x$fpl$dnaninf                            0x08004304   Section      156  dnaninf.o(x$fpl$dnaninf)
    $v0                                      0x080043a0   Number         0  dretinf.o(x$fpl$dretinf)
    x$fpl$dretinf                            0x080043a0   Section       12  dretinf.o(x$fpl$dretinf)
    $v0                                      0x080043ac   Number         0  drleqf.o(x$fpl$drleqf)
    x$fpl$drleqf                             0x080043ac   Section      108  drleqf.o(x$fpl$drleqf)
    $v0                                      0x08004418   Number         0  daddsub_clz.o(x$fpl$drsb)
    x$fpl$drsb                               0x08004418   Section       22  daddsub_clz.o(x$fpl$drsb)
    $v0                                      0x08004430   Number         0  dsqrt_umaal.o(x$fpl$dsqrt)
    x$fpl$dsqrt                              0x08004430   Section      408  dsqrt_umaal.o(x$fpl$dsqrt)
    $v0                                      0x080045c8   Number         0  daddsub_clz.o(x$fpl$dsub)
    x$fpl$dsub                               0x080045c8   Section      476  daddsub_clz.o(x$fpl$dsub)
    _dsub1                                   0x080045d9   Thumb Code     0  daddsub_clz.o(x$fpl$dsub)
    $v0                                      0x080047a4   Number         0  f2d.o(x$fpl$f2d)
    x$fpl$f2d                                0x080047a4   Section       86  f2d.o(x$fpl$f2d)
    $v0                                      0x080047fa   Number         0  dcmp.o(x$fpl$fcmp)
    x$fpl$fcmp                               0x080047fa   Section       84  dcmp.o(x$fpl$fcmp)
    $v0                                      0x0800484e   Number         0  fnaninf.o(x$fpl$fnaninf)
    x$fpl$fnaninf                            0x0800484e   Section      140  fnaninf.o(x$fpl$fnaninf)
    $v0                                      0x080048da   Number         0  fpinit.o(x$fpl$fpinit)
    x$fpl$fpinit                             0x080048da   Section       26  fpinit.o(x$fpl$fpinit)
    $v0                                      0x080048f4   Number         0  fretinf.o(x$fpl$fretinf)
    x$fpl$fretinf                            0x080048f4   Section       10  fretinf.o(x$fpl$fretinf)
    $v0                                      0x080048fe   Number         0  retnan.o(x$fpl$retnan)
    x$fpl$retnan                             0x080048fe   Section      100  retnan.o(x$fpl$retnan)
    $v0                                      0x08004962   Number         0  scalbn.o(x$fpl$scalbn)
    x$fpl$scalbn                             0x08004962   Section       92  scalbn.o(x$fpl$scalbn)
    $v0                                      0x080049be   Number         0  trapv.o(x$fpl$trapveneer)
    x$fpl$trapveneer                         0x080049be   Section       48  trapv.o(x$fpl$trapveneer)
    x$fpl$usenofp                            0x080049ee   Section        0  usenofp.o(x$fpl$usenofp)
    bp                                       0x080049f0   Data          16  pow.o(.constdata)
    .constdata                               0x080049f0   Section      136  pow.o(.constdata)
    dp_h                                     0x08004a00   Data          16  pow.o(.constdata)
    dp_l                                     0x08004a10   Data          16  pow.o(.constdata)
    L                                        0x08004a20   Data          48  pow.o(.constdata)
    P                                        0x08004a50   Data          40  pow.o(.constdata)
    .constdata                               0x08004a78   Section        8  qnan.o(.constdata)
    .L.str                                   0x08004a80   Data          11  main.o(.rodata.str1.1)
    [Anonymous Symbol]                       0x08004a80   Section        0  main.o(.rodata.str1.1)
    .L.str.1                                 0x08004a8b   Data           9  main.o(.rodata.str1.1)
    .L.str.2                                 0x08004a94   Data          10  main.o(.rodata.str1.1)
    .L.str                                   0x08004a9e   Data          20  454software.o(.rodata.str1.1)
    [Anonymous Symbol]                       0x08004a9e   Section        0  454software.o(.rodata.str1.1)
    .L.str.1                                 0x08004ab2   Data          13  454software.o(.rodata.str1.1)
    .bss                                     0x20000008   Section       96  libspace.o(.bss)
    Heap_Mem                                 0x20000078   Data        1024  startup_gd32f450_470.o(HEAP)
    HEAP                                     0x20000078   Section     1024  startup_gd32f450_470.o(HEAP)
    Stack_Mem                                0x20000478   Data        1024  startup_gd32f450_470.o(STACK)
    STACK                                    0x20000478   Section     1024  startup_gd32f450_470.o(STACK)
    __initial_sp                             0x20000878   Data           0  startup_gd32f450_470.o(STACK)

    Global Symbols

    Symbol Name                              Value     Ov Type        Size  Object(Section)

    BuildAttributes$$THM_ISAv4$E$P$D$K$B$S$7EM$VFPi3$EXTD16$VFPS$VFMA$PE$A:L22UL41UL21$X:L11$S22US41US21$IEEE1$IW$~IW$USESV6$~STKCKD$USESV7$~SHL$OTIME$ROPI$IEEEX$EBA8$UX$STANDARDLIB$REQ8$PRES8$EABIv2 0x00000000   Number         0  anon$$obj.o ABSOLUTE
    __ARM_exceptions_init                     - Undefined Weak Reference
    __alloca_initialize                       - Undefined Weak Reference
    __arm_preinit_                            - Undefined Weak Reference
    __cpp_initialize__aeabi_                  - Undefined Weak Reference
    __cxa_finalize                            - Undefined Weak Reference
    __rt_locale                               - Undefined Weak Reference
    __sigvec_lookup                           - Undefined Weak Reference
    _atexit_init                              - Undefined Weak Reference
    _call_atexit_fns                          - Undefined Weak Reference
    _clock_init                               - Undefined Weak Reference
    _fp_trap_init                             - Undefined Weak Reference
    _fp_trap_shutdown                         - Undefined Weak Reference
    _get_lc_collate                           - Undefined Weak Reference
    _get_lc_ctype                             - Undefined Weak Reference
    _get_lc_monetary                          - Undefined Weak Reference
    _get_lc_numeric                           - Undefined Weak Reference
    _get_lc_time                              - Undefined Weak Reference
    _getenv_init                              - Undefined Weak Reference
    _handle_redirection                       - Undefined Weak Reference
    _init_alloc                               - Undefined Weak Reference
    _init_user_alloc                          - Undefined Weak Reference
    _initio                                   - Undefined Weak Reference
    _rand_init                                - Undefined Weak Reference
    _signal_finish                            - Undefined Weak Reference
    _signal_init                              - Undefined Weak Reference
    _terminate_alloc                          - Undefined Weak Reference
    _terminate_user_alloc                     - Undefined Weak Reference
    _terminateio                              - Undefined Weak Reference
    __Vectors_Size                           0x000001ac   Number         0  startup_gd32f450_470.o ABSOLUTE
    __Vectors                                0x08000000   Data           4  startup_gd32f450_470.o(RESET)
    __Vectors_End                            0x080001ac   Data           0  startup_gd32f450_470.o(RESET)
    __main                                   0x080001ad   Thumb Code     8  __main.o(!!!main)
    __scatterload                            0x080001b5   Thumb Code     0  __scatter.o(!!!scatter)
    __scatterload_rt2                        0x080001b5   Thumb Code    44  __scatter.o(!!!scatter)
    __scatterload_rt2_thumb_only             0x080001b5   Thumb Code     0  __scatter.o(!!!scatter)
    __scatterload_null                       0x080001c3   Thumb Code     0  __scatter.o(!!!scatter)
    __scatterload_copy                       0x080001e9   Thumb Code    26  __scatter_copy.o(!!handler_copy)
    __scatterload_zeroinit                   0x08000205   Thumb Code    28  __scatter_zi.o(!!handler_zi)
    __rt_lib_init                            0x08000221   Thumb Code     0  libinit.o(.ARM.Collect$$libinit$$00000000)
    __rt_lib_init_fp_1                       0x08000223   Thumb Code     0  libinit2.o(.ARM.Collect$$libinit$$00000001)
    __rt_lib_init_alloca_1                   0x08000227   Thumb Code     0  libinit2.o(.ARM.Collect$$libinit$$0000002E)
    __rt_lib_init_argv_1                     0x08000227   Thumb Code     0  libinit2.o(.ARM.Collect$$libinit$$0000002C)
    __rt_lib_init_atexit_1                   0x08000227   Thumb Code     0  libinit2.o(.ARM.Collect$$libinit$$0000001B)
    __rt_lib_init_clock_1                    0x08000227   Thumb Code     0  libinit2.o(.ARM.Collect$$libinit$$00000021)
    __rt_lib_init_cpp_1                      0x08000227   Thumb Code     0  libinit2.o(.ARM.Collect$$libinit$$00000032)
    __rt_lib_init_exceptions_1               0x08000227   Thumb Code     0  libinit2.o(.ARM.Collect$$libinit$$00000030)
    __rt_lib_init_fp_trap_1                  0x08000227   Thumb Code     0  libinit2.o(.ARM.Collect$$libinit$$0000001F)
    __rt_lib_init_getenv_1                   0x08000227   Thumb Code     0  libinit2.o(.ARM.Collect$$libinit$$00000023)
    __rt_lib_init_heap_1                     0x08000227   Thumb Code     0  libinit2.o(.ARM.Collect$$libinit$$0000000A)
    __rt_lib_init_lc_collate_1               0x08000227   Thumb Code     0  libinit2.o(.ARM.Collect$$libinit$$00000011)
    __rt_lib_init_lc_ctype_1                 0x08000227   Thumb Code     0  libinit2.o(.ARM.Collect$$libinit$$00000013)
    __rt_lib_init_lc_monetary_1              0x08000227   Thumb Code     0  libinit2.o(.ARM.Collect$$libinit$$00000015)
    __rt_lib_init_lc_numeric_1               0x08000227   Thumb Code     0  libinit2.o(.ARM.Collect$$libinit$$00000017)
    __rt_lib_init_lc_time_1                  0x08000227   Thumb Code     0  libinit2.o(.ARM.Collect$$libinit$$00000019)
    __rt_lib_init_preinit_1                  0x08000227   Thumb Code     0  libinit2.o(.ARM.Collect$$libinit$$00000004)
    __rt_lib_init_rand_1                     0x08000227   Thumb Code     0  libinit2.o(.ARM.Collect$$libinit$$0000000E)
    __rt_lib_init_return                     0x08000227   Thumb Code     0  libinit2.o(.ARM.Collect$$libinit$$00000033)
    __rt_lib_init_signal_1                   0x08000227   Thumb Code     0  libinit2.o(.ARM.Collect$$libinit$$0000001D)
    __rt_lib_init_stdio_1                    0x08000227   Thumb Code     0  libinit2.o(.ARM.Collect$$libinit$$00000025)
    __rt_lib_init_user_alloc_1               0x08000227   Thumb Code     0  libinit2.o(.ARM.Collect$$libinit$$0000000C)
    __rt_lib_shutdown                        0x08000229   Thumb Code     0  libshutdown.o(.ARM.Collect$$libshutdown$$00000000)
    __rt_lib_shutdown_cpp_1                  0x0800022b   Thumb Code     0  libshutdown2.o(.ARM.Collect$$libshutdown$$00000002)
    __rt_lib_shutdown_fp_trap_1              0x0800022b   Thumb Code     0  libshutdown2.o(.ARM.Collect$$libshutdown$$00000007)
    __rt_lib_shutdown_heap_1                 0x0800022b   Thumb Code     0  libshutdown2.o(.ARM.Collect$$libshutdown$$0000000F)
    __rt_lib_shutdown_return                 0x0800022b   Thumb Code     0  libshutdown2.o(.ARM.Collect$$libshutdown$$00000010)
    __rt_lib_shutdown_signal_1               0x0800022b   Thumb Code     0  libshutdown2.o(.ARM.Collect$$libshutdown$$0000000A)
    __rt_lib_shutdown_stdio_1                0x0800022b   Thumb Code     0  libshutdown2.o(.ARM.Collect$$libshutdown$$00000004)
    __rt_lib_shutdown_user_alloc_1           0x0800022b   Thumb Code     0  libshutdown2.o(.ARM.Collect$$libshutdown$$0000000C)
    __rt_entry                               0x0800022d   Thumb Code     0  __rtentry.o(.ARM.Collect$$rtentry$$00000000)
    __rt_entry_presh_1                       0x0800022d   Thumb Code     0  __rtentry2.o(.ARM.Collect$$rtentry$$00000002)
    __rt_entry_sh                            0x0800022d   Thumb Code     0  __rtentry4.o(.ARM.Collect$$rtentry$$00000004)
    __rt_entry_li                            0x08000233   Thumb Code     0  __rtentry2.o(.ARM.Collect$$rtentry$$0000000A)
    __rt_entry_postsh_1                      0x08000233   Thumb Code     0  __rtentry2.o(.ARM.Collect$$rtentry$$00000009)
    __rt_entry_main                          0x08000237   Thumb Code     0  __rtentry2.o(.ARM.Collect$$rtentry$$0000000D)
    __rt_entry_postli_1                      0x08000237   Thumb Code     0  __rtentry2.o(.ARM.Collect$$rtentry$$0000000C)
    __rt_exit                                0x0800023f   Thumb Code     0  rtexit.o(.ARM.Collect$$rtexit$$00000000)
    __rt_exit_ls                             0x08000241   Thumb Code     0  rtexit2.o(.ARM.Collect$$rtexit$$00000003)
    __rt_exit_prels_1                        0x08000241   Thumb Code     0  rtexit2.o(.ARM.Collect$$rtexit$$00000002)
    __rt_exit_exit                           0x08000245   Thumb Code     0  rtexit2.o(.ARM.Collect$$rtexit$$00000004)
    Reset_Handler                            0x0800024d   Thumb Code     8  startup_gd32f450_470.o(.text)
    NMI_Handler                              0x08000255   Thumb Code     2  startup_gd32f450_470.o(.text)
    HardFault_Handler                        0x08000257   Thumb Code     2  startup_gd32f450_470.o(.text)
    MemManage_Handler                        0x08000259   Thumb Code     2  startup_gd32f450_470.o(.text)
    BusFault_Handler                         0x0800025b   Thumb Code     2  startup_gd32f450_470.o(.text)
    UsageFault_Handler                       0x0800025d   Thumb Code     2  startup_gd32f450_470.o(.text)
    SVC_Handler                              0x0800025f   Thumb Code     2  startup_gd32f450_470.o(.text)
    DebugMon_Handler                         0x08000261   Thumb Code     2  startup_gd32f450_470.o(.text)
    PendSV_Handler                           0x08000263   Thumb Code     2  startup_gd32f450_470.o(.text)
    SysTick_Handler                          0x08000265   Thumb Code     2  startup_gd32f450_470.o(.text)
    ADC_IRQHandler                           0x08000267   Thumb Code     0  startup_gd32f450_470.o(.text)
    CAN0_EWMC_IRQHandler                     0x08000267   Thumb Code     0  startup_gd32f450_470.o(.text)
    CAN0_RX0_IRQHandler                      0x08000267   Thumb Code     0  startup_gd32f450_470.o(.text)
    CAN0_RX1_IRQHandler                      0x08000267   Thumb Code     0  startup_gd32f450_470.o(.text)
    CAN0_TX_IRQHandler                       0x08000267   Thumb Code     0  startup_gd32f450_470.o(.text)
    CAN1_EWMC_IRQHandler                     0x08000267   Thumb Code     0  startup_gd32f450_470.o(.text)
    CAN1_RX0_IRQHandler                      0x08000267   Thumb Code     0  startup_gd32f450_470.o(.text)
    CAN1_RX1_IRQHandler                      0x08000267   Thumb Code     0  startup_gd32f450_470.o(.text)
    CAN1_TX_IRQHandler                       0x08000267   Thumb Code     0  startup_gd32f450_470.o(.text)
    DCI_IRQHandler                           0x08000267   Thumb Code     0  startup_gd32f450_470.o(.text)
    DMA0_Channel0_IRQHandler                 0x08000267   Thumb Code     0  startup_gd32f450_470.o(.text)
    DMA0_Channel1_IRQHandler                 0x08000267   Thumb Code     0  startup_gd32f450_470.o(.text)
    DMA0_Channel2_IRQHandler                 0x08000267   Thumb Code     0  startup_gd32f450_470.o(.text)
    DMA0_Channel3_IRQHandler                 0x08000267   Thumb Code     0  startup_gd32f450_470.o(.text)
    DMA0_Channel4_IRQHandler                 0x08000267   Thumb Code     0  startup_gd32f450_470.o(.text)
    DMA0_Channel5_IRQHandler                 0x08000267   Thumb Code     0  startup_gd32f450_470.o(.text)
    DMA0_Channel7_IRQHandler                 0x08000267   Thumb Code     0  startup_gd32f450_470.o(.text)
    DMA1_Channel0_IRQHandler                 0x08000267   Thumb Code     0  startup_gd32f450_470.o(.text)
    DMA1_Channel1_IRQHandler                 0x08000267   Thumb Code     0  startup_gd32f450_470.o(.text)
    DMA1_Channel2_IRQHandler                 0x08000267   Thumb Code     0  startup_gd32f450_470.o(.text)
    DMA1_Channel3_IRQHandler                 0x08000267   Thumb Code     0  startup_gd32f450_470.o(.text)
    DMA1_Channel4_IRQHandler                 0x08000267   Thumb Code     0  startup_gd32f450_470.o(.text)
    DMA1_Channel5_IRQHandler                 0x08000267   Thumb Code     0  startup_gd32f450_470.o(.text)
    DMA1_Channel6_IRQHandler                 0x08000267   Thumb Code     0  startup_gd32f450_470.o(.text)
    DMA1_Channel7_IRQHandler                 0x08000267   Thumb Code     0  startup_gd32f450_470.o(.text)
    ENET_IRQHandler                          0x08000267   Thumb Code     0  startup_gd32f450_470.o(.text)
    ENET_WKUP_IRQHandler                     0x08000267   Thumb Code     0  startup_gd32f450_470.o(.text)
    EXMC_IRQHandler                          0x08000267   Thumb Code     0  startup_gd32f450_470.o(.text)
    EXTI0_IRQHandler                         0x08000267   Thumb Code     0  startup_gd32f450_470.o(.text)
    EXTI10_15_IRQHandler                     0x08000267   Thumb Code     0  startup_gd32f450_470.o(.text)
    EXTI1_IRQHandler                         0x08000267   Thumb Code     0  startup_gd32f450_470.o(.text)
    EXTI2_IRQHandler                         0x08000267   Thumb Code     0  startup_gd32f450_470.o(.text)
    EXTI3_IRQHandler                         0x08000267   Thumb Code     0  startup_gd32f450_470.o(.text)
    EXTI4_IRQHandler                         0x08000267   Thumb Code     0  startup_gd32f450_470.o(.text)
    EXTI5_9_IRQHandler                       0x08000267   Thumb Code     0  startup_gd32f450_470.o(.text)
    FMC_IRQHandler                           0x08000267   Thumb Code     0  startup_gd32f450_470.o(.text)
    FPU_IRQHandler                           0x08000267   Thumb Code     0  startup_gd32f450_470.o(.text)
    I2C0_ER_IRQHandler                       0x08000267   Thumb Code     0  startup_gd32f450_470.o(.text)
    I2C0_EV_IRQHandler                       0x08000267   Thumb Code     0  startup_gd32f450_470.o(.text)
    I2C1_ER_IRQHandler                       0x08000267   Thumb Code     0  startup_gd32f450_470.o(.text)
    I2C2_ER_IRQHandler                       0x08000267   Thumb Code     0  startup_gd32f450_470.o(.text)
    I2C2_EV_IRQHandler                       0x08000267   Thumb Code     0  startup_gd32f450_470.o(.text)
    IPA_IRQHandler                           0x08000267   Thumb Code     0  startup_gd32f450_470.o(.text)
    LVD_IRQHandler                           0x08000267   Thumb Code     0  startup_gd32f450_470.o(.text)
    RCU_CTC_IRQHandler                       0x08000267   Thumb Code     0  startup_gd32f450_470.o(.text)
    RTC_Alarm_IRQHandler                     0x08000267   Thumb Code     0  startup_gd32f450_470.o(.text)
    RTC_WKUP_IRQHandler                      0x08000267   Thumb Code     0  startup_gd32f450_470.o(.text)
    SDIO_IRQHandler                          0x08000267   Thumb Code     0  startup_gd32f450_470.o(.text)
    SPI0_IRQHandler                          0x08000267   Thumb Code     0  startup_gd32f450_470.o(.text)
    SPI1_IRQHandler                          0x08000267   Thumb Code     0  startup_gd32f450_470.o(.text)
    SPI2_IRQHandler                          0x08000267   Thumb Code     0  startup_gd32f450_470.o(.text)
    SPI3_IRQHandler                          0x08000267   Thumb Code     0  startup_gd32f450_470.o(.text)
    SPI4_IRQHandler                          0x08000267   Thumb Code     0  startup_gd32f450_470.o(.text)
    SPI5_IRQHandler                          0x08000267   Thumb Code     0  startup_gd32f450_470.o(.text)
    TAMPER_STAMP_IRQHandler                  0x08000267   Thumb Code     0  startup_gd32f450_470.o(.text)
    TIMER0_BRK_TIMER8_IRQHandler             0x08000267   Thumb Code     0  startup_gd32f450_470.o(.text)
    TIMER0_Channel_IRQHandler                0x08000267   Thumb Code     0  startup_gd32f450_470.o(.text)
    TIMER0_TRG_CMT_TIMER10_IRQHandler        0x08000267   Thumb Code     0  startup_gd32f450_470.o(.text)
    TIMER0_UP_TIMER9_IRQHandler              0x08000267   Thumb Code     0  startup_gd32f450_470.o(.text)
    TIMER1_IRQHandler                        0x08000267   Thumb Code     0  startup_gd32f450_470.o(.text)
    TIMER2_IRQHandler                        0x08000267   Thumb Code     0  startup_gd32f450_470.o(.text)
    TIMER3_IRQHandler                        0x08000267   Thumb Code     0  startup_gd32f450_470.o(.text)
    TIMER4_IRQHandler                        0x08000267   Thumb Code     0  startup_gd32f450_470.o(.text)
    TIMER5_DAC_IRQHandler                    0x08000267   Thumb Code     0  startup_gd32f450_470.o(.text)
    TIMER6_IRQHandler                        0x08000267   Thumb Code     0  startup_gd32f450_470.o(.text)
    TIMER7_BRK_TIMER11_IRQHandler            0x08000267   Thumb Code     0  startup_gd32f450_470.o(.text)
    TIMER7_Channel_IRQHandler                0x08000267   Thumb Code     0  startup_gd32f450_470.o(.text)
    TIMER7_TRG_CMT_TIMER13_IRQHandler        0x08000267   Thumb Code     0  startup_gd32f450_470.o(.text)
    TIMER7_UP_TIMER12_IRQHandler             0x08000267   Thumb Code     0  startup_gd32f450_470.o(.text)
    TLI_ER_IRQHandler                        0x08000267   Thumb Code     0  startup_gd32f450_470.o(.text)
    TLI_IRQHandler                           0x08000267   Thumb Code     0  startup_gd32f450_470.o(.text)
    TRNG_IRQHandler                          0x08000267   Thumb Code     0  startup_gd32f450_470.o(.text)
    UART3_IRQHandler                         0x08000267   Thumb Code     0  startup_gd32f450_470.o(.text)
    UART4_IRQHandler                         0x08000267   Thumb Code     0  startup_gd32f450_470.o(.text)
    UART6_IRQHandler                         0x08000267   Thumb Code     0  startup_gd32f450_470.o(.text)
    UART7_IRQHandler                         0x08000267   Thumb Code     0  startup_gd32f450_470.o(.text)
    USART0_IRQHandler                        0x08000267   Thumb Code     0  startup_gd32f450_470.o(.text)
    USART1_IRQHandler                        0x08000267   Thumb Code     0  startup_gd32f450_470.o(.text)
    USART2_IRQHandler                        0x08000267   Thumb Code     0  startup_gd32f450_470.o(.text)
    USART5_IRQHandler                        0x08000267   Thumb Code     0  startup_gd32f450_470.o(.text)
    USBFS_IRQHandler                         0x08000267   Thumb Code     0  startup_gd32f450_470.o(.text)
    USBFS_WKUP_IRQHandler                    0x08000267   Thumb Code     0  startup_gd32f450_470.o(.text)
    USBHS_EP1_In_IRQHandler                  0x08000267   Thumb Code     0  startup_gd32f450_470.o(.text)
    USBHS_EP1_Out_IRQHandler                 0x08000267   Thumb Code     0  startup_gd32f450_470.o(.text)
    USBHS_IRQHandler                         0x08000267   Thumb Code     0  startup_gd32f450_470.o(.text)
    USBHS_WKUP_IRQHandler                    0x08000267   Thumb Code     0  startup_gd32f450_470.o(.text)
    WWDGT_IRQHandler                         0x08000267   Thumb Code     0  startup_gd32f450_470.o(.text)
    __user_initial_stackheap                 0x08000269   Thumb Code    10  startup_gd32f450_470.o(.text)
    __use_two_region_memory                  0x0800028d   Thumb Code     2  heapauxi.o(.text)
    __rt_heap_escrow$2region                 0x0800028f   Thumb Code     2  heapauxi.o(.text)
    __rt_heap_expand$2region                 0x08000291   Thumb Code     2  heapauxi.o(.text)
    __read_errno                             0x08000293   Thumb Code    10  _rserrno.o(.text)
    __set_errno                              0x0800029d   Thumb Code    12  _rserrno.o(.text)
    __aeabi_errno_addr                       0x080002a9   Thumb Code     8  rt_errno_addr_intlibspace.o(.text)
    __errno$intlibspace                      0x080002a9   Thumb Code     0  rt_errno_addr_intlibspace.o(.text)
    __rt_errno_addr$intlibspace              0x080002a9   Thumb Code     0  rt_errno_addr_intlibspace.o(.text)
    __user_libspace                          0x080002b1   Thumb Code     8  libspace.o(.text)
    __user_perproc_libspace                  0x080002b1   Thumb Code     0  libspace.o(.text)
    __user_perthread_libspace                0x080002b1   Thumb Code     0  libspace.o(.text)
    __user_setup_stackheap                   0x080002b9   Thumb Code    74  sys_stackheap_outer.o(.text)
    exit                                     0x08000303   Thumb Code    18  exit.o(.text)
    _sys_exit                                0x08000315   Thumb Code     8  sys_exit.o(.text)
    __I$use$semihosting                      0x08000321   Thumb Code     0  use_no_semi.o(.text)
    __use_no_semihosting_swi                 0x08000321   Thumb Code     2  use_no_semi.o(.text)
    __semihosting_library_function           0x08000323   Thumb Code     0  indicate_semi.o(.text)
    DMA0_Channel6_IRQHandler                 0x08000325   Thumb Code    58  454software.o(.text.DMA0_Channel6_IRQHandler)
    I2C1_EV_IRQHandler                       0x08000361   Thumb Code    16  454software.o(.text.I2C1_EV_IRQHandler)
    NVIC_init_454                            0x08000371   Thumb Code    22  454software.o(.text.NVIC_init_454)
    P11_Caculate                             0x08000389   Thumb Code   456  454software.o(.text.P11_Caculate)
    P11_ConStatus                            0x08000551   Thumb Code    72  454software.o(.text.P11_ConStatus)
    P11_Initial                              0x08000599   Thumb Code    30  454software.o(.text.P11_Initial)
    P11_ResultP                              0x080005b9   Thumb Code    86  454software.o(.text.P11_ResultP)
    P11_ResultT                              0x08000611   Thumb Code    70  454software.o(.text.P11_ResultT)
    P11_StartP                               0x08000659   Thumb Code    74  454software.o(.text.P11_StartP)
    P11_StartT                               0x080006a5   Thumb Code    74  454software.o(.text.P11_StartT)
    RCU_init_454                             0x080006f1   Thumb Code   118  454software.o(.text.RCU_init_454)
    SystemInit                               0x08000769   Thumb Code   232  system_gd32f4xx.o(.text.SystemInit)
    dma_channel_disable                      0x08000851   Thumb Code    34  gd32f4xx_dma.o(.text.dma_channel_disable)
    dma_channel_enable                       0x08000875   Thumb Code    34  gd32f4xx_dma.o(.text.dma_channel_enable)
    dma_channel_subperipheral_select         0x08000899   Thumb Code    72  gd32f4xx_dma.o(.text.dma_channel_subperipheral_select)
    dma_deinit                               0x080008e1   Thumb Code   220  gd32f4xx_dma.o(.text.dma_deinit)
    dma_interrupt_enable                     0x080009bd   Thumb Code    70  gd32f4xx_dma.o(.text.dma_interrupt_enable)
    dma_interrupt_flag_clear                 0x08000a05   Thumb Code   102  gd32f4xx_dma.o(.text.dma_interrupt_flag_clear)
    dma_interrupt_flag_get                   0x08000a6d   Thumb Code   734  gd32f4xx_dma.o(.text.dma_interrupt_flag_get)
    dma_memory_address_config                0x08000d4d   Thumb Code    66  gd32f4xx_dma.o(.text.dma_memory_address_config)
    dma_multi_data_mode_init                 0x08000d91   Thumb Code   394  gd32f4xx_dma.o(.text.dma_multi_data_mode_init)
    dma_multi_data_para_struct_init          0x08000f1d   Thumb Code    60  gd32f4xx_dma.o(.text.dma_multi_data_para_struct_init)
    dma_transfer_number_config               0x08000f59   Thumb Code    32  gd32f4xx_dma.o(.text.dma_transfer_number_config)
    floatToStr                               0x08000f79   Thumb Code   382  454software.o(.text.floatToStr)
    gpio_af_set                              0x080010f9   Thumb Code   212  gd32f4xx_gpio.o(.text.gpio_af_set)
    gpio_bit_set                             0x080011cd   Thumb Code    16  gd32f4xx_gpio.o(.text.gpio_bit_set)
    gpio_bit_toggle                          0x080011dd   Thumb Code    16  gd32f4xx_gpio.o(.text.gpio_bit_toggle)
    gpio_mode_set                            0x080011ed   Thumb Code   156  gd32f4xx_gpio.o(.text.gpio_mode_set)
    gpio_output_options_set                  0x08001289   Thumb Code   146  gd32f4xx_gpio.o(.text.gpio_output_options_set)
    i2c_ack_config                           0x0800131d   Thumb Code    42  gd32f4xx_i2c.o(.text.i2c_ack_config)
    i2c_ackpos_config                        0x08001349   Thumb Code    42  gd32f4xx_i2c.o(.text.i2c_ackpos_config)
    i2c_clock_config                         0x08001375   Thumb Code   354  gd32f4xx_i2c.o(.text.i2c_clock_config)
    i2c_data_receive                         0x080014d9   Thumb Code    14  gd32f4xx_i2c.o(.text.i2c_data_receive)
    i2c_data_transmit                        0x080014e9   Thumb Code    20  gd32f4xx_i2c.o(.text.i2c_data_transmit)
    i2c_deinit                               0x080014fd   Thumb Code   116  gd32f4xx_i2c.o(.text.i2c_deinit)
    i2c_enable                               0x08001571   Thumb Code    18  gd32f4xx_i2c.o(.text.i2c_enable)
    i2c_flag_clear                           0x08001585   Thumb Code    62  gd32f4xx_i2c.o(.text.i2c_flag_clear)
    i2c_flag_get                             0x080015c5   Thumb Code    58  gd32f4xx_i2c.o(.text.i2c_flag_get)
    i2c_master_addressing                    0x08001601   Thumb Code    46  gd32f4xx_i2c.o(.text.i2c_master_addressing)
    i2c_master_receive                       0x08001631   Thumb Code   584  454software.o(.text.i2c_master_receive)
    i2c_master_send                          0x08001879   Thumb Code   182  454software.o(.text.i2c_master_send)
    i2c_mode_addr_config                     0x08001931   Thumb Code    64  gd32f4xx_i2c.o(.text.i2c_mode_addr_config)
    i2c_start_on_bus                         0x08001971   Thumb Code    18  gd32f4xx_i2c.o(.text.i2c_start_on_bus)
    i2c_stop_on_bus                          0x08001985   Thumb Code    18  gd32f4xx_i2c.o(.text.i2c_stop_on_bus)
    init_454                                 0x08001999   Thumb Code   996  454software.o(.text.init_454)
    log_454                                  0x08001d7d   Thumb Code    96  454software.o(.text.log_454)
    main                                     0x08001ddd   Thumb Code   218  main.o(.text.main)
    ms_delay_454                             0x08001eb9   Thumb Code   208  454software.o(.text.ms_delay_454)
    nvic_irq_enable                          0x08001f89   Thumb Code   298  gd32f4xx_misc.o(.text.nvic_irq_enable)
    nvic_priority_group_set                  0x080020b5   Thumb Code    28  gd32f4xx_misc.o(.text.nvic_priority_group_set)
    rcu_ahb_clock_config                     0x080020d1   Thumb Code    36  gd32f4xx_rcu.o(.text.rcu_ahb_clock_config)
    rcu_apb1_clock_config                    0x080020f5   Thumb Code    36  gd32f4xx_rcu.o(.text.rcu_apb1_clock_config)
    rcu_ckout1_config                        0x08002119   Thumb Code    42  gd32f4xx_rcu.o(.text.rcu_ckout1_config)
    rcu_clock_freq_get                       0x08002145   Thumb Code   354  gd32f4xx_rcu.o(.text.rcu_clock_freq_get)
    rcu_periph_clock_enable                  0x080022a9   Thumb Code    40  gd32f4xx_rcu.o(.text.rcu_periph_clock_enable)
    rcu_periph_reset_disable                 0x080022d1   Thumb Code    40  gd32f4xx_rcu.o(.text.rcu_periph_reset_disable)
    rcu_periph_reset_enable                  0x080022f9   Thumb Code    40  gd32f4xx_rcu.o(.text.rcu_periph_reset_enable)
    timer_autoreload_value_config            0x08002489   Thumb Code    16  gd32f4xx_timer.o(.text.timer_autoreload_value_config)
    timer_counter_value_config               0x08002499   Thumb Code    16  gd32f4xx_timer.o(.text.timer_counter_value_config)
    timer_deinit                             0x080024a9   Thumb Code   488  gd32f4xx_timer.o(.text.timer_deinit)
    timer_enable                             0x08002691   Thumb Code    18  gd32f4xx_timer.o(.text.timer_enable)
    timer_flag_clear                         0x080026a5   Thumb Code    18  gd32f4xx_timer.o(.text.timer_flag_clear)
    timer_flag_get                           0x080026b9   Thumb Code    42  gd32f4xx_timer.o(.text.timer_flag_get)
    timer_init                               0x080026e5   Thumb Code   256  gd32f4xx_timer.o(.text.timer_init)
    usart1_send_454                          0x080027e5   Thumb Code   102  454software.o(.text.usart1_send_454)
    usart_baudrate_set                       0x0800284d   Thumb Code   344  gd32f4xx_usart.o(.text.usart_baudrate_set)
    usart_deinit                             0x080029a5   Thumb Code   286  gd32f4xx_usart.o(.text.usart_deinit)
    usart_disable                            0x08002ac5   Thumb Code    18  gd32f4xx_usart.o(.text.usart_disable)
    usart_dma_receive_config                 0x08002ad9   Thumb Code    42  gd32f4xx_usart.o(.text.usart_dma_receive_config)
    usart_dma_transmit_config                0x08002b05   Thumb Code    42  gd32f4xx_usart.o(.text.usart_dma_transmit_config)
    usart_enable                             0x08002b31   Thumb Code    18  gd32f4xx_usart.o(.text.usart_enable)
    usart_flag_get                           0x08002b45   Thumb Code    58  gd32f4xx_usart.o(.text.usart_flag_get)
    usart_hardware_flow_cts_config           0x08002b81   Thumb Code    42  gd32f4xx_usart.o(.text.usart_hardware_flow_cts_config)
    usart_hardware_flow_rts_config           0x08002bad   Thumb Code    42  gd32f4xx_usart.o(.text.usart_hardware_flow_rts_config)
    usart_parity_config                      0x08002bd9   Thumb Code    30  gd32f4xx_usart.o(.text.usart_parity_config)
    usart_prescaler_config                   0x08002bf9   Thumb Code    34  gd32f4xx_usart.o(.text.usart_prescaler_config)
    usart_receive_config                     0x08002c1d   Thumb Code    42  gd32f4xx_usart.o(.text.usart_receive_config)
    usart_stop_bit_set                       0x08002c49   Thumb Code    30  gd32f4xx_usart.o(.text.usart_stop_bit_set)
    usart_transmit_config                    0x08002c69   Thumb Code    42  gd32f4xx_usart.o(.text.usart_transmit_config)
    usart_word_length_set                    0x08002c95   Thumb Code    30  gd32f4xx_usart.o(.text.usart_word_length_set)
    __ARM_fpclassify                         0x08002cb3   Thumb Code    48  fpclassify.o(i.__ARM_fpclassify)
    __hardfp_pow                             0x08002ce9   Thumb Code  3088  pow.o(i.__hardfp_pow)
    __kernel_poly                            0x08003949   Thumb Code   248  poly.o(i.__kernel_poly)
    __mathlib_dbl_divzero                    0x08003a41   Thumb Code    28  dunder.o(i.__mathlib_dbl_divzero)
    __mathlib_dbl_infnan2                    0x08003a71   Thumb Code    20  dunder.o(i.__mathlib_dbl_infnan2)
    __mathlib_dbl_invalid                    0x08003a89   Thumb Code    24  dunder.o(i.__mathlib_dbl_invalid)
    __mathlib_dbl_overflow                   0x08003aa9   Thumb Code    24  dunder.o(i.__mathlib_dbl_overflow)
    __mathlib_dbl_underflow                  0x08003ac9   Thumb Code    24  dunder.o(i.__mathlib_dbl_underflow)
    fabs                                     0x08003ae9   Thumb Code    24  fabs.o(i.fabs)
    sqrt                                     0x08003b01   Thumb Code   110  sqrt.o(i.sqrt)
    __aeabi_dneg                             0x08003b6f   Thumb Code     0  basic.o(x$fpl$basic)
    _dneg                                    0x08003b6f   Thumb Code     6  basic.o(x$fpl$basic)
    __aeabi_fneg                             0x08003b75   Thumb Code     0  basic.o(x$fpl$basic)
    _fneg                                    0x08003b75   Thumb Code     6  basic.o(x$fpl$basic)
    _dabs                                    0x08003b7b   Thumb Code     6  basic.o(x$fpl$basic)
    _fabs                                    0x08003b81   Thumb Code     6  basic.o(x$fpl$basic)
    __aeabi_d2f                              0x08003b89   Thumb Code     0  d2f.o(x$fpl$d2f)
    _d2f                                     0x08003b89   Thumb Code    98  d2f.o(x$fpl$d2f)
    __aeabi_dadd                             0x08003bed   Thumb Code     0  daddsub_clz.o(x$fpl$dadd)
    _dadd                                    0x08003bed   Thumb Code   332  daddsub_clz.o(x$fpl$dadd)
    __fpl_dcheck_NaN1                        0x08003d3d   Thumb Code    10  dcheck1.o(x$fpl$dcheck1)
    __fpl_dcmp_Inf                           0x08003d4d   Thumb Code    24  dcmpi.o(x$fpl$dcmpinf)
    __aeabi_ddiv                             0x08003d65   Thumb Code     0  ddiv.o(x$fpl$ddiv)
    _ddiv                                    0x08003d65   Thumb Code   556  ddiv.o(x$fpl$ddiv)
    __aeabi_cdcmpeq                          0x08004019   Thumb Code     0  deqf.o(x$fpl$deqf)
    _dcmpeq                                  0x08004019   Thumb Code   120  deqf.o(x$fpl$deqf)
    __aeabi_i2d                              0x08004091   Thumb Code     0  dflt_clz.o(x$fpl$dflt)
    _dflt                                    0x08004091   Thumb Code    46  dflt_clz.o(x$fpl$dflt)
    __aeabi_cdcmpge                          0x080040c1   Thumb Code     0  dgeqf.o(x$fpl$dgeqf)
    _dcmpge                                  0x080040c1   Thumb Code   120  dgeqf.o(x$fpl$dgeqf)
    __aeabi_cdcmple                          0x08004139   Thumb Code     0  dleqf.o(x$fpl$dleqf)
    _dcmple                                  0x08004139   Thumb Code   120  dleqf.o(x$fpl$dleqf)
    __fpl_dcmple_InfNaN                      0x0800419b   Thumb Code     0  dleqf.o(x$fpl$dleqf)
    __aeabi_dmul                             0x080041b1   Thumb Code     0  dmul.o(x$fpl$dmul)
    _dmul                                    0x080041b1   Thumb Code   332  dmul.o(x$fpl$dmul)
    __fpl_dnaninf                            0x08004305   Thumb Code   156  dnaninf.o(x$fpl$dnaninf)
    __fpl_dretinf                            0x080043a1   Thumb Code    12  dretinf.o(x$fpl$dretinf)
    __aeabi_cdrcmple                         0x080043ad   Thumb Code     0  drleqf.o(x$fpl$drleqf)
    _drcmple                                 0x080043ad   Thumb Code   108  drleqf.o(x$fpl$drleqf)
    __aeabi_drsub                            0x08004419   Thumb Code     0  daddsub_clz.o(x$fpl$drsb)
    _drsb                                    0x08004419   Thumb Code    22  daddsub_clz.o(x$fpl$drsb)
    _dsqrt                                   0x08004431   Thumb Code   404  dsqrt_umaal.o(x$fpl$dsqrt)
    __aeabi_dsub                             0x080045c9   Thumb Code     0  daddsub_clz.o(x$fpl$dsub)
    _dsub                                    0x080045c9   Thumb Code   472  daddsub_clz.o(x$fpl$dsub)
    __aeabi_f2d                              0x080047a5   Thumb Code     0  f2d.o(x$fpl$f2d)
    _f2d                                     0x080047a5   Thumb Code    86  f2d.o(x$fpl$f2d)
    __aeabi_dcmpeq                           0x080047fb   Thumb Code     0  dcmp.o(x$fpl$fcmp)
    _deq                                     0x080047fb   Thumb Code    14  dcmp.o(x$fpl$fcmp)
    _dneq                                    0x08004809   Thumb Code    14  dcmp.o(x$fpl$fcmp)
    __aeabi_dcmpgt                           0x08004817   Thumb Code     0  dcmp.o(x$fpl$fcmp)
    _dgr                                     0x08004817   Thumb Code    14  dcmp.o(x$fpl$fcmp)
    __aeabi_dcmpge                           0x08004825   Thumb Code     0  dcmp.o(x$fpl$fcmp)
    _dgeq                                    0x08004825   Thumb Code    14  dcmp.o(x$fpl$fcmp)
    __aeabi_dcmple                           0x08004833   Thumb Code     0  dcmp.o(x$fpl$fcmp)
    _dleq                                    0x08004833   Thumb Code    14  dcmp.o(x$fpl$fcmp)
    __aeabi_dcmplt                           0x08004841   Thumb Code     0  dcmp.o(x$fpl$fcmp)
    _dls                                     0x08004841   Thumb Code    14  dcmp.o(x$fpl$fcmp)
    __fpl_fnaninf                            0x0800484f   Thumb Code   140  fnaninf.o(x$fpl$fnaninf)
    _fp_init                                 0x080048db   Thumb Code    26  fpinit.o(x$fpl$fpinit)
    __fplib_config_fpu_vfp                   0x080048f3   Thumb Code     0  fpinit.o(x$fpl$fpinit)
    __fplib_config_pureend_doubles           0x080048f3   Thumb Code     0  fpinit.o(x$fpl$fpinit)
    __fpl_fretinf                            0x080048f5   Thumb Code    10  fretinf.o(x$fpl$fretinf)
    __fpl_return_NaN                         0x080048ff   Thumb Code   100  retnan.o(x$fpl$retnan)
    __ARM_scalbn                             0x08004963   Thumb Code    92  scalbn.o(x$fpl$scalbn)
    __fpl_cmpreturn                          0x080049bf   Thumb Code    48  trapv.o(x$fpl$trapveneer)
    __I$use$fp                               0x080049ee   Number         0  usenofp.o(x$fpl$usenofp)
    __mathlib_zero                           0x08004a78   Data           8  qnan.o(.constdata)
    Region$$Table$$Base                      0x08004ac0   Number         0  anon$$obj.o(Region$$Table)
    Region$$Table$$Limit                     0x08004ae0   Number         0  anon$$obj.o(Region$$Table)
    SystemCoreClock                          0x20000000   Data           4  system_gd32f4xx.o(.data.SystemCoreClock)
    __libspace_start                         0x20000008   Data          96  libspace.o(.bss)
    __temporary_stack_top$libspace           0x20000068   Data           0  libspace.o(.bss)
    strOutput_454                            0x20000068   Data          12  454software.o(.bss.strOutput_454)



==============================================================================

Memory Map of the image

  Image Entry point : 0x080001ad

  Load Region LR_IROM1 (Base: 0x08000000, Size: 0x00004ae8, Max: 0x00300000, ABSOLUTE)

    Execution Region ER_IROM1 (Exec base: 0x08000000, Load base: 0x08000000, Size: 0x00004ae0, Max: 0x00300000, ABSOLUTE)

    Exec Addr    Load Addr    Size         Type   Attr      Idx    E Section Name        Object

    0x08000000   0x08000000   0x000001ac   Data   RO         1975    RESET               startup_gd32f450_470.o
    0x080001ac   0x080001ac   0x00000008   Code   RO         2003  * !!!main             c_w.l(__main.o)
    0x080001b4   0x080001b4   0x00000034   Code   RO         2266    !!!scatter          c_w.l(__scatter.o)
    0x080001e8   0x080001e8   0x0000001a   Code   RO         2268    !!handler_copy      c_w.l(__scatter_copy.o)
    0x08000202   0x08000202   0x00000002   PAD
    0x08000204   0x08000204   0x0000001c   Code   RO         2270    !!handler_zi        c_w.l(__scatter_zi.o)
    0x08000220   0x08000220   0x00000002   Code   RO         2129    .ARM.Collect$$libinit$$00000000  c_w.l(libinit.o)
    0x08000222   0x08000222   0x00000004   Code   RO         2134    .ARM.Collect$$libinit$$00000001  c_w.l(libinit2.o)
    0x08000226   0x08000226   0x00000000   Code   RO         2137    .ARM.Collect$$libinit$$00000004  c_w.l(libinit2.o)
    0x08000226   0x08000226   0x00000000   Code   RO         2140    .ARM.Collect$$libinit$$0000000A  c_w.l(libinit2.o)
    0x08000226   0x08000226   0x00000000   Code   RO         2142    .ARM.Collect$$libinit$$0000000C  c_w.l(libinit2.o)
    0x08000226   0x08000226   0x00000000   Code   RO         2144    .ARM.Collect$$libinit$$0000000E  c_w.l(libinit2.o)
    0x08000226   0x08000226   0x00000000   Code   RO         2147    .ARM.Collect$$libinit$$00000011  c_w.l(libinit2.o)
    0x08000226   0x08000226   0x00000000   Code   RO         2149    .ARM.Collect$$libinit$$00000013  c_w.l(libinit2.o)
    0x08000226   0x08000226   0x00000000   Code   RO         2151    .ARM.Collect$$libinit$$00000015  c_w.l(libinit2.o)
    0x08000226   0x08000226   0x00000000   Code   RO         2153    .ARM.Collect$$libinit$$00000017  c_w.l(libinit2.o)
    0x08000226   0x08000226   0x00000000   Code   RO         2155    .ARM.Collect$$libinit$$00000019  c_w.l(libinit2.o)
    0x08000226   0x08000226   0x00000000   Code   RO         2157    .ARM.Collect$$libinit$$0000001B  c_w.l(libinit2.o)
    0x08000226   0x08000226   0x00000000   Code   RO         2159    .ARM.Collect$$libinit$$0000001D  c_w.l(libinit2.o)
    0x08000226   0x08000226   0x00000000   Code   RO         2161    .ARM.Collect$$libinit$$0000001F  c_w.l(libinit2.o)
    0x08000226   0x08000226   0x00000000   Code   RO         2163    .ARM.Collect$$libinit$$00000021  c_w.l(libinit2.o)
    0x08000226   0x08000226   0x00000000   Code   RO         2165    .ARM.Collect$$libinit$$00000023  c_w.l(libinit2.o)
    0x08000226   0x08000226   0x00000000   Code   RO         2167    .ARM.Collect$$libinit$$00000025  c_w.l(libinit2.o)
    0x08000226   0x08000226   0x00000000   Code   RO         2171    .ARM.Collect$$libinit$$0000002C  c_w.l(libinit2.o)
    0x08000226   0x08000226   0x00000000   Code   RO         2173    .ARM.Collect$$libinit$$0000002E  c_w.l(libinit2.o)
    0x08000226   0x08000226   0x00000000   Code   RO         2175    .ARM.Collect$$libinit$$00000030  c_w.l(libinit2.o)
    0x08000226   0x08000226   0x00000000   Code   RO         2177    .ARM.Collect$$libinit$$00000032  c_w.l(libinit2.o)
    0x08000226   0x08000226   0x00000002   Code   RO         2178    .ARM.Collect$$libinit$$00000033  c_w.l(libinit2.o)
    0x08000228   0x08000228   0x00000002   Code   RO         2202    .ARM.Collect$$libshutdown$$00000000  c_w.l(libshutdown.o)
    0x0800022a   0x0800022a   0x00000000   Code   RO         2217    .ARM.Collect$$libshutdown$$00000002  c_w.l(libshutdown2.o)
    0x0800022a   0x0800022a   0x00000000   Code   RO         2219    .ARM.Collect$$libshutdown$$00000004  c_w.l(libshutdown2.o)
    0x0800022a   0x0800022a   0x00000000   Code   RO         2222    .ARM.Collect$$libshutdown$$00000007  c_w.l(libshutdown2.o)
    0x0800022a   0x0800022a   0x00000000   Code   RO         2225    .ARM.Collect$$libshutdown$$0000000A  c_w.l(libshutdown2.o)
    0x0800022a   0x0800022a   0x00000000   Code   RO         2227    .ARM.Collect$$libshutdown$$0000000C  c_w.l(libshutdown2.o)
    0x0800022a   0x0800022a   0x00000000   Code   RO         2230    .ARM.Collect$$libshutdown$$0000000F  c_w.l(libshutdown2.o)
    0x0800022a   0x0800022a   0x00000002   Code   RO         2231    .ARM.Collect$$libshutdown$$00000010  c_w.l(libshutdown2.o)
    0x0800022c   0x0800022c   0x00000000   Code   RO         2028    .ARM.Collect$$rtentry$$00000000  c_w.l(__rtentry.o)
    0x0800022c   0x0800022c   0x00000000   Code   RO         2092    .ARM.Collect$$rtentry$$00000002  c_w.l(__rtentry2.o)
    0x0800022c   0x0800022c   0x00000006   Code   RO         2104    .ARM.Collect$$rtentry$$00000004  c_w.l(__rtentry4.o)
    0x08000232   0x08000232   0x00000000   Code   RO         2094    .ARM.Collect$$rtentry$$00000009  c_w.l(__rtentry2.o)
    0x08000232   0x08000232   0x00000004   Code   RO         2095    .ARM.Collect$$rtentry$$0000000A  c_w.l(__rtentry2.o)
    0x08000236   0x08000236   0x00000000   Code   RO         2097    .ARM.Collect$$rtentry$$0000000C  c_w.l(__rtentry2.o)
    0x08000236   0x08000236   0x00000008   Code   RO         2098    .ARM.Collect$$rtentry$$0000000D  c_w.l(__rtentry2.o)
    0x0800023e   0x0800023e   0x00000002   Code   RO         2132    .ARM.Collect$$rtexit$$00000000  c_w.l(rtexit.o)
    0x08000240   0x08000240   0x00000000   Code   RO         2182    .ARM.Collect$$rtexit$$00000002  c_w.l(rtexit2.o)
    0x08000240   0x08000240   0x00000004   Code   RO         2183    .ARM.Collect$$rtexit$$00000003  c_w.l(rtexit2.o)
    0x08000244   0x08000244   0x00000006   Code   RO         2184    .ARM.Collect$$rtexit$$00000004  c_w.l(rtexit2.o)
    0x0800024a   0x0800024a   0x00000002   PAD
    0x0800024c   0x0800024c   0x00000040   Code   RO         1976    .text               startup_gd32f450_470.o
    0x0800028c   0x0800028c   0x00000006   Code   RO         2001    .text               c_w.l(heapauxi.o)
    0x08000292   0x08000292   0x00000016   Code   RO         2029    .text               c_w.l(_rserrno.o)
    0x080002a8   0x080002a8   0x00000008   Code   RO         2109    .text               c_w.l(rt_errno_addr_intlibspace.o)
    0x080002b0   0x080002b0   0x00000008   Code   RO         2117    .text               c_w.l(libspace.o)
    0x080002b8   0x080002b8   0x0000004a   Code   RO         2120    .text               c_w.l(sys_stackheap_outer.o)
    0x08000302   0x08000302   0x00000012   Code   RO         2122    .text               c_w.l(exit.o)
    0x08000314   0x08000314   0x0000000c   Code   RO         2192    .text               c_w.l(sys_exit.o)
    0x08000320   0x08000320   0x00000002   Code   RO         2207    .text               c_w.l(use_no_semi.o)
    0x08000322   0x08000322   0x00000000   Code   RO         2209    .text               c_w.l(indicate_semi.o)
    0x08000322   0x08000322   0x00000002   PAD
    0x08000324   0x08000324   0x0000003a   Code   RO           56    .text.DMA0_Channel6_IRQHandler  454software.o
    0x0800035e   0x0800035e   0x00000002   PAD
    0x08000360   0x08000360   0x00000010   Code   RO           54    .text.I2C1_EV_IRQHandler  454software.o
    0x08000370   0x08000370   0x00000016   Code   RO           16    .text.NVIC_init_454  454software.o
    0x08000386   0x08000386   0x00000002   PAD
    0x08000388   0x08000388   0x000001c8   Code   RO           52    .text.P11_Caculate  454software.o
    0x08000550   0x08000550   0x00000048   Code   RO           46    .text.P11_ConStatus  454software.o
    0x08000598   0x08000598   0x0000001e   Code   RO           40    .text.P11_Initial   454software.o
    0x080005b6   0x080005b6   0x00000002   PAD
    0x080005b8   0x080005b8   0x00000056   Code   RO           48    .text.P11_ResultP   454software.o
    0x0800060e   0x0800060e   0x00000002   PAD
    0x08000610   0x08000610   0x00000046   Code   RO           50    .text.P11_ResultT   454software.o
    0x08000656   0x08000656   0x00000002   PAD
    0x08000658   0x08000658   0x0000004a   Code   RO           42    .text.P11_StartP    454software.o
    0x080006a2   0x080006a2   0x00000002   PAD
    0x080006a4   0x080006a4   0x0000004a   Code   RO           44    .text.P11_StartT    454software.o
    0x080006ee   0x080006ee   0x00000002   PAD
    0x080006f0   0x080006f0   0x00000076   Code   RO           14    .text.RCU_init_454  454software.o
    0x08000766   0x08000766   0x00000002   PAD
    0x08000768   0x08000768   0x000000e8   Code   RO         1983    .text.SystemInit    system_gd32f4xx.o
    0x08000850   0x08000850   0x00000022   Code   RO          480    .text.dma_channel_disable  gd32f4xx_dma.o
    0x08000872   0x08000872   0x00000002   PAD
    0x08000874   0x08000874   0x00000022   Code   RO          478    .text.dma_channel_enable  gd32f4xx_dma.o
    0x08000896   0x08000896   0x00000002   PAD
    0x08000898   0x08000898   0x00000048   Code   RO          488    .text.dma_channel_subperipheral_select  gd32f4xx_dma.o
    0x080008e0   0x080008e0   0x000000dc   Code   RO          442    .text.dma_deinit    gd32f4xx_dma.o
    0x080009bc   0x080009bc   0x00000046   Code   RO          500    .text.dma_interrupt_enable  gd32f4xx_dma.o
    0x08000a02   0x08000a02   0x00000002   PAD
    0x08000a04   0x08000a04   0x00000066   Code   RO          506    .text.dma_interrupt_flag_clear  gd32f4xx_dma.o
    0x08000a6a   0x08000a6a   0x00000002   PAD
    0x08000a6c   0x08000a6c   0x000002de   Code   RO          504    .text.dma_interrupt_flag_get  gd32f4xx_dma.o
    0x08000d4a   0x08000d4a   0x00000002   PAD
    0x08000d4c   0x08000d4c   0x00000042   Code   RO          454    .text.dma_memory_address_config  gd32f4xx_dma.o
    0x08000d8e   0x08000d8e   0x00000002   PAD
    0x08000d90   0x08000d90   0x0000018a   Code   RO          450    .text.dma_multi_data_mode_init  gd32f4xx_dma.o
    0x08000f1a   0x08000f1a   0x00000002   PAD
    0x08000f1c   0x08000f1c   0x0000003c   Code   RO          446    .text.dma_multi_data_para_struct_init  gd32f4xx_dma.o
    0x08000f58   0x08000f58   0x00000020   Code   RO          456    .text.dma_transfer_number_config  gd32f4xx_dma.o
    0x08000f78   0x08000f78   0x0000017e   Code   RO           30    .text.floatToStr    454software.o
    0x080010f6   0x080010f6   0x00000002   PAD
    0x080010f8   0x080010f8   0x000000d4   Code   RO          951    .text.gpio_af_set   gd32f4xx_gpio.o
    0x080011cc   0x080011cc   0x00000010   Code   RO          935    .text.gpio_bit_set  gd32f4xx_gpio.o
    0x080011dc   0x080011dc   0x00000010   Code   RO          955    .text.gpio_bit_toggle  gd32f4xx_gpio.o
    0x080011ec   0x080011ec   0x0000009c   Code   RO          931    .text.gpio_mode_set  gd32f4xx_gpio.o
    0x08001288   0x08001288   0x00000092   Code   RO          933    .text.gpio_output_options_set  gd32f4xx_gpio.o
    0x0800131a   0x0800131a   0x00000002   PAD
    0x0800131c   0x0800131c   0x0000002a   Code   RO          974    .text.i2c_ack_config  gd32f4xx_i2c.o
    0x08001346   0x08001346   0x00000002   PAD
    0x08001348   0x08001348   0x0000002a   Code   RO          976    .text.i2c_ackpos_config  gd32f4xx_i2c.o
    0x08001372   0x08001372   0x00000002   PAD
    0x08001374   0x08001374   0x00000162   Code   RO          968    .text.i2c_clock_config  gd32f4xx_i2c.o
    0x080014d6   0x080014d6   0x00000002   PAD
    0x080014d8   0x080014d8   0x0000000e   Code   RO          994    .text.i2c_data_receive  gd32f4xx_i2c.o
    0x080014e6   0x080014e6   0x00000002   PAD
    0x080014e8   0x080014e8   0x00000014   Code   RO          992    .text.i2c_data_transmit  gd32f4xx_i2c.o
    0x080014fc   0x080014fc   0x00000074   Code   RO          966    .text.i2c_deinit    gd32f4xx_i2c.o
    0x08001570   0x08001570   0x00000012   Code   RO          984    .text.i2c_enable    gd32f4xx_i2c.o
    0x08001582   0x08001582   0x00000002   PAD
    0x08001584   0x08001584   0x0000003e   Code   RO         1032    .text.i2c_flag_clear  gd32f4xx_i2c.o
    0x080015c2   0x080015c2   0x00000002   PAD
    0x080015c4   0x080015c4   0x0000003a   Code   RO         1030    .text.i2c_flag_get  gd32f4xx_i2c.o
    0x080015fe   0x080015fe   0x00000002   PAD
    0x08001600   0x08001600   0x0000002e   Code   RO          978    .text.i2c_master_addressing  gd32f4xx_i2c.o
    0x0800162e   0x0800162e   0x00000002   PAD
    0x08001630   0x08001630   0x00000248   Code   RO           36    .text.i2c_master_receive  454software.o
    0x08001878   0x08001878   0x000000b6   Code   RO           38    .text.i2c_master_send  454software.o
    0x0800192e   0x0800192e   0x00000002   PAD
    0x08001930   0x08001930   0x00000040   Code   RO          970    .text.i2c_mode_addr_config  gd32f4xx_i2c.o
    0x08001970   0x08001970   0x00000012   Code   RO          988    .text.i2c_start_on_bus  gd32f4xx_i2c.o
    0x08001982   0x08001982   0x00000002   PAD
    0x08001984   0x08001984   0x00000012   Code   RO          990    .text.i2c_stop_on_bus  gd32f4xx_i2c.o
    0x08001996   0x08001996   0x00000002   PAD
    0x08001998   0x08001998   0x000003e4   Code   RO           12    .text.init_454      454software.o
    0x08001d7c   0x08001d7c   0x00000060   Code   RO           22    .text.log_454       454software.o
    0x08001ddc   0x08001ddc   0x000000da   Code   RO            2    .text.main          main.o
    0x08001eb6   0x08001eb6   0x00000002   PAD
    0x08001eb8   0x08001eb8   0x000000d0   Code   RO           18    .text.ms_delay_454  454software.o
    0x08001f88   0x08001f88   0x0000012a   Code   RO         1131    .text.nvic_irq_enable  gd32f4xx_misc.o
    0x080020b2   0x080020b2   0x00000002   PAD
    0x080020b4   0x080020b4   0x0000001c   Code   RO         1129    .text.nvic_priority_group_set  gd32f4xx_misc.o
    0x080020d0   0x080020d0   0x00000024   Code   RO         1224    .text.rcu_ahb_clock_config  gd32f4xx_rcu.o
    0x080020f4   0x080020f4   0x00000024   Code   RO         1226    .text.rcu_apb1_clock_config  gd32f4xx_rcu.o
    0x08002118   0x08002118   0x0000002a   Code   RO         1232    .text.rcu_ckout1_config  gd32f4xx_rcu.o
    0x08002142   0x08002142   0x00000002   PAD
    0x08002144   0x08002144   0x00000162   Code   RO         1292    .text.rcu_clock_freq_get  gd32f4xx_rcu.o
    0x080022a6   0x080022a6   0x00000002   PAD
    0x080022a8   0x080022a8   0x00000028   Code   RO         1204    .text.rcu_periph_clock_enable  gd32f4xx_rcu.o
    0x080022d0   0x080022d0   0x00000028   Code   RO         1214    .text.rcu_periph_reset_disable  gd32f4xx_rcu.o
    0x080022f8   0x080022f8   0x00000028   Code   RO         1212    .text.rcu_periph_reset_enable  gd32f4xx_rcu.o
    0x08002320   0x08002320   0x0000015e   Code   RO         1989    .text.system_clock_200m_25m_hxtal  system_gd32f4xx.o
    0x0800247e   0x0800247e   0x00000002   PAD
    0x08002480   0x08002480   0x00000008   Code   RO         1985    .text.system_clock_config  system_gd32f4xx.o
    0x08002488   0x08002488   0x00000010   Code   RO         1629    .text.timer_autoreload_value_config  gd32f4xx_timer.o
    0x08002498   0x08002498   0x00000010   Code   RO         1631    .text.timer_counter_value_config  gd32f4xx_timer.o
    0x080024a8   0x080024a8   0x000001e8   Code   RO         1601    .text.timer_deinit  gd32f4xx_timer.o
    0x08002690   0x08002690   0x00000012   Code   RO         1607    .text.timer_enable  gd32f4xx_timer.o
    0x080026a2   0x080026a2   0x00000002   PAD
    0x080026a4   0x080026a4   0x00000012   Code   RO         1735    .text.timer_flag_clear  gd32f4xx_timer.o
    0x080026b6   0x080026b6   0x00000002   PAD
    0x080026b8   0x080026b8   0x0000002a   Code   RO         1733    .text.timer_flag_get  gd32f4xx_timer.o
    0x080026e2   0x080026e2   0x00000002   PAD
    0x080026e4   0x080026e4   0x00000100   Code   RO         1605    .text.timer_init    gd32f4xx_timer.o
    0x080027e4   0x080027e4   0x00000066   Code   RO           24    .text.usart1_send_454  454software.o
    0x0800284a   0x0800284a   0x00000002   PAD
    0x0800284c   0x0800284c   0x00000158   Code   RO         1838    .text.usart_baudrate_set  gd32f4xx_usart.o
    0x080029a4   0x080029a4   0x0000011e   Code   RO         1836    .text.usart_deinit  gd32f4xx_usart.o
    0x08002ac2   0x08002ac2   0x00000002   PAD
    0x08002ac4   0x08002ac4   0x00000012   Code   RO         1848    .text.usart_disable  gd32f4xx_usart.o
    0x08002ad6   0x08002ad6   0x00000002   PAD
    0x08002ad8   0x08002ad8   0x0000002a   Code   RO         1930    .text.usart_dma_receive_config  gd32f4xx_usart.o
    0x08002b02   0x08002b02   0x00000002   PAD
    0x08002b04   0x08002b04   0x0000002a   Code   RO         1932    .text.usart_dma_transmit_config  gd32f4xx_usart.o
    0x08002b2e   0x08002b2e   0x00000002   PAD
    0x08002b30   0x08002b30   0x00000012   Code   RO         1846    .text.usart_enable  gd32f4xx_usart.o
    0x08002b42   0x08002b42   0x00000002   PAD
    0x08002b44   0x08002b44   0x0000003a   Code   RO         1934    .text.usart_flag_get  gd32f4xx_usart.o
    0x08002b7e   0x08002b7e   0x00000002   PAD
    0x08002b80   0x08002b80   0x0000002a   Code   RO         1922    .text.usart_hardware_flow_cts_config  gd32f4xx_usart.o
    0x08002baa   0x08002baa   0x00000002   PAD
    0x08002bac   0x08002bac   0x0000002a   Code   RO         1920    .text.usart_hardware_flow_rts_config  gd32f4xx_usart.o
    0x08002bd6   0x08002bd6   0x00000002   PAD
    0x08002bd8   0x08002bd8   0x0000001e   Code   RO         1840    .text.usart_parity_config  gd32f4xx_usart.o
    0x08002bf6   0x08002bf6   0x00000002   PAD
    0x08002bf8   0x08002bf8   0x00000022   Code   RO         1916    .text.usart_prescaler_config  gd32f4xx_usart.o
    0x08002c1a   0x08002c1a   0x00000002   PAD
    0x08002c1c   0x08002c1c   0x0000002a   Code   RO         1852    .text.usart_receive_config  gd32f4xx_usart.o
    0x08002c46   0x08002c46   0x00000002   PAD
    0x08002c48   0x08002c48   0x0000001e   Code   RO         1844    .text.usart_stop_bit_set  gd32f4xx_usart.o
    0x08002c66   0x08002c66   0x00000002   PAD
    0x08002c68   0x08002c68   0x0000002a   Code   RO         1850    .text.usart_transmit_config  gd32f4xx_usart.o
    0x08002c92   0x08002c92   0x00000002   PAD
    0x08002c94   0x08002c94   0x0000001e   Code   RO         1842    .text.usart_word_length_set  gd32f4xx_usart.o
    0x08002cb2   0x08002cb2   0x00000030   Code   RO         2080    i.__ARM_fpclassify  m_wm.l(fpclassify.o)
    0x08002ce2   0x08002ce2   0x00000006   PAD
    0x08002ce8   0x08002ce8   0x00000c60   Code   RO         2021    i.__hardfp_pow      m_wm.l(pow.o)
    0x08003948   0x08003948   0x000000f8   Code   RO         2082    i.__kernel_poly     m_wm.l(poly.o)
    0x08003a40   0x08003a40   0x00000030   Code   RO         2060    i.__mathlib_dbl_divzero  m_wm.l(dunder.o)
    0x08003a70   0x08003a70   0x00000014   Code   RO         2062    i.__mathlib_dbl_infnan2  m_wm.l(dunder.o)
    0x08003a84   0x08003a84   0x00000004   PAD
    0x08003a88   0x08003a88   0x00000020   Code   RO         2063    i.__mathlib_dbl_invalid  m_wm.l(dunder.o)
    0x08003aa8   0x08003aa8   0x00000020   Code   RO         2064    i.__mathlib_dbl_overflow  m_wm.l(dunder.o)
    0x08003ac8   0x08003ac8   0x00000020   Code   RO         2066    i.__mathlib_dbl_underflow  m_wm.l(dunder.o)
    0x08003ae8   0x08003ae8   0x00000018   Code   RO         2076    i.fabs              m_wm.l(fabs.o)
    0x08003b00   0x08003b00   0x0000006e   Code   RO         2087    i.sqrt              m_wm.l(sqrt.o)
    0x08003b6e   0x08003b6e   0x00000018   Code   RO         2031    x$fpl$basic         fz_wm.l(basic.o)
    0x08003b86   0x08003b86   0x00000002   PAD
    0x08003b88   0x08003b88   0x00000062   Code   RO         2005    x$fpl$d2f           fz_wm.l(d2f.o)
    0x08003bea   0x08003bea   0x00000002   PAD
    0x08003bec   0x08003bec   0x00000150   Code   RO         2007    x$fpl$dadd          fz_wm.l(daddsub_clz.o)
    0x08003d3c   0x08003d3c   0x00000010   Code   RO         2111    x$fpl$dcheck1       fz_wm.l(dcheck1.o)
    0x08003d4c   0x08003d4c   0x00000018   Code   RO         2113    x$fpl$dcmpinf       fz_wm.l(dcmpi.o)
    0x08003d64   0x08003d64   0x000002b4   Code   RO         2016    x$fpl$ddiv          fz_wm.l(ddiv.o)
    0x08004018   0x08004018   0x00000078   Code   RO         2033    x$fpl$deqf          fz_wm.l(deqf.o)
    0x08004090   0x08004090   0x0000002e   Code   RO         2036    x$fpl$dflt          fz_wm.l(dflt_clz.o)
    0x080040be   0x080040be   0x00000002   PAD
    0x080040c0   0x080040c0   0x00000078   Code   RO         2041    x$fpl$dgeqf         fz_wm.l(dgeqf.o)
    0x08004138   0x08004138   0x00000078   Code   RO         2043    x$fpl$dleqf         fz_wm.l(dleqf.o)
    0x080041b0   0x080041b0   0x00000154   Code   RO         2045    x$fpl$dmul          fz_wm.l(dmul.o)
    0x08004304   0x08004304   0x0000009c   Code   RO         2047    x$fpl$dnaninf       fz_wm.l(dnaninf.o)
    0x080043a0   0x080043a0   0x0000000c   Code   RO         2049    x$fpl$dretinf       fz_wm.l(dretinf.o)
    0x080043ac   0x080043ac   0x0000006c   Code   RO         2051    x$fpl$drleqf        fz_wm.l(drleqf.o)
    0x08004418   0x08004418   0x00000016   Code   RO         2008    x$fpl$drsb          fz_wm.l(daddsub_clz.o)
    0x0800442e   0x0800442e   0x00000002   PAD
    0x08004430   0x08004430   0x00000198   Code   RO         2115    x$fpl$dsqrt         fz_wm.l(dsqrt_umaal.o)
    0x080045c8   0x080045c8   0x000001dc   Code   RO         2009    x$fpl$dsub          fz_wm.l(daddsub_clz.o)
    0x080047a4   0x080047a4   0x00000056   Code   RO         2019    x$fpl$f2d           fz_wm.l(f2d.o)
    0x080047fa   0x080047fa   0x00000054   Code   RO         2013    x$fpl$fcmp          fz_wm.l(dcmp.o)
    0x0800484e   0x0800484e   0x0000008c   Code   RO         2053    x$fpl$fnaninf       fz_wm.l(fnaninf.o)
    0x080048da   0x080048da   0x0000001a   Code   RO         2190    x$fpl$fpinit        fz_wm.l(fpinit.o)
    0x080048f4   0x080048f4   0x0000000a   Code   RO         2055    x$fpl$fretinf       fz_wm.l(fretinf.o)
    0x080048fe   0x080048fe   0x00000064   Code   RO         2130    x$fpl$retnan        fz_wm.l(retnan.o)
    0x08004962   0x08004962   0x0000005c   Code   RO         2057    x$fpl$scalbn        fz_wm.l(scalbn.o)
    0x080049be   0x080049be   0x00000030   Code   RO         2179    x$fpl$trapveneer    fz_wm.l(trapv.o)
    0x080049ee   0x080049ee   0x00000000   Code   RO         2059    x$fpl$usenofp       fz_wm.l(usenofp.o)
    0x080049ee   0x080049ee   0x00000002   PAD
    0x080049f0   0x080049f0   0x00000088   Data   RO         2024    .constdata          m_wm.l(pow.o)
    0x08004a78   0x08004a78   0x00000008   Data   RO         2084    .constdata          m_wm.l(qnan.o)
    0x08004a80   0x08004a80   0x0000001e   Data   RO            4    .rodata.str1.1      main.o
    0x08004a9e   0x08004a9e   0x00000021   Data   RO           58    .rodata.str1.1      454software.o
    0x08004abf   0x08004abf   0x00000001   PAD
    0x08004ac0   0x08004ac0   0x00000020   Data   RO         2265    Region$$Table       anon$$obj.o


    Execution Region RW_IRAM1 (Exec base: 0x20000000, Load base: 0x08004ae0, Size: 0x00000878, Max: 0x00030000, ABSOLUTE)

    Exec Addr    Load Addr    Size         Type   Attr      Idx    E Section Name        Object

    0x20000000   0x08004ae0   0x00000004   Data   RW         1991    .data.SystemCoreClock  system_gd32f4xx.o
    0x20000004   0x08004ae4   0x00000004   PAD
    0x20000008        -       0x00000060   Zero   RW         2118    .bss                c_w.l(libspace.o)
    0x20000068        -       0x0000000c   Zero   RW           59    .bss.strOutput_454  454software.o
    0x20000074   0x08004ae4   0x00000004   PAD
    0x20000078        -       0x00000400   Zero   RW         1974    HEAP                startup_gd32f450_470.o
    0x20000478        -       0x00000400   Zero   RW         1973    STACK               startup_gd32f450_470.o


==============================================================================

Image component sizes


      Code (inc. data)   RO Data    RW Data    ZI Data      Debug   Object Name

      3626         56         33          0         12      11642   454software.o
      1818         64          0          0          0       8570   gd32f4xx_dma.o
       546          0          0          0          0       4943   gd32f4xx_gpio.o
       872          0          0          0          0      10075   gd32f4xx_i2c.o
       326          0          0          0          0       3007   gd32f4xx_misc.o
       588          4          0          0          0      15000   gd32f4xx_rcu.o
       854          0          0          0          0      17218   gd32f4xx_timer.o
      1100          0          0          0          0      11988   gd32f4xx_usart.o
       218          0         30          0          0        848   main.o
        64         26        428          0       2048        928   startup_gd32f450_470.o
       590          0          0          4          0       2464   system_gd32f4xx.o

    ----------------------------------------------------------------------
     10702        150        524          4       2068      86683   Object Totals
         0          0         32          0          0          0   (incl. Generated)
       100          0          1          0          8          0   (incl. Padding)

    ----------------------------------------------------------------------

      Code (inc. data)   RO Data    RW Data    ZI Data      Debug   Library Member Name

         8          0          0          0          0         68   __main.o
         0          0          0          0          0          0   __rtentry.o
        12          0          0          0          0          0   __rtentry2.o
         6          0          0          0          0          0   __rtentry4.o
        52          8          0          0          0          0   __scatter.o
        26          0          0          0          0          0   __scatter_copy.o
        28          0          0          0          0          0   __scatter_zi.o
        22          0          0          0          0        100   _rserrno.o
        18          0          0          0          0         80   exit.o
         6          0          0          0          0        152   heapauxi.o
         0          0          0          0          0          0   indicate_semi.o
         2          0          0          0          0          0   libinit.o
         6          0          0          0          0          0   libinit2.o
         2          0          0          0          0          0   libshutdown.o
         2          0          0          0          0          0   libshutdown2.o
         8          4          0          0         96         68   libspace.o
         8          4          0          0          0         68   rt_errno_addr_intlibspace.o
         2          0          0          0          0          0   rtexit.o
        10          0          0          0          0          0   rtexit2.o
        12          4          0          0          0         68   sys_exit.o
        74          0          0          0          0         80   sys_stackheap_outer.o
         2          0          0          0          0         68   use_no_semi.o
        24          0          0          0          0        164   basic.o
        98          4          0          0          0        140   d2f.o
       834         16          0          0          0        516   daddsub_clz.o
        16          4          0          0          0        116   dcheck1.o
        84          0          0          0          0        244   dcmp.o
        24          0          0          0          0        116   dcmpi.o
       692        140          0          0          0        264   ddiv.o
       120          4          0          0          0        140   deqf.o
        46          0          0          0          0        116   dflt_clz.o
       120          4          0          0          0        140   dgeqf.o
       120          4          0          0          0        140   dleqf.o
       340         12          0          0          0        152   dmul.o
       156          4          0          0          0        140   dnaninf.o
        12          0          0          0          0        116   dretinf.o
       108          0          0          0          0        128   drleqf.o
       408         56          0          0          0        168   dsqrt_umaal.o
        86          4          0          0          0        132   f2d.o
       140          4          0          0          0        132   fnaninf.o
        26          0          0          0          0        116   fpinit.o
        10          0          0          0          0        116   fretinf.o
       100          0          0          0          0        116   retnan.o
        92          0          0          0          0        116   scalbn.o
        48          0          0          0          0        116   trapv.o
         0          0          0          0          0          0   usenofp.o
       164         44          0          0          0        620   dunder.o
        24          0          0          0          0        124   fabs.o
        48          0          0          0          0        124   fpclassify.o
       248          0          0          0          0        152   poly.o
      3168        296        136          0          0        352   pow.o
         0          0          8          0          0          0   qnan.o
       110          0          0          0          0        148   sqrt.o

    ----------------------------------------------------------------------
      7798        616        144          0         96       5916   Library Totals
        26          0          0          0          0          0   (incl. Padding)

    ----------------------------------------------------------------------

      Code (inc. data)   RO Data    RW Data    ZI Data      Debug   Library Name

       306         20          0          0         96        752   c_w.l
      3704        256          0          0          0       3644   fz_wm.l
      3762        340        144          0          0       1520   m_wm.l

    ----------------------------------------------------------------------
      7798        616        144          0         96       5916   Library Totals

    ----------------------------------------------------------------------

==============================================================================


      Code (inc. data)   RO Data    RW Data    ZI Data      Debug   

     18500        766        668          4       2164      88859   Grand Totals
     18500        766        668          4       2164      88859   ELF Image Totals
     18500        766        668          4          0          0   ROM Totals

==============================================================================

    Total RO  Size (Code + RO Data)                19168 (  18.72kB)
    Total RW  Size (RW Data + ZI Data)              2168 (   2.12kB)
    Total ROM Size (Code + RO Data + RW Data)      19172 (  18.72kB)

==============================================================================

