Component: ARM Compiler 6.16 Tool: armlink [5dfeaa00]

==============================================================================

Section Cross References

    main.o(.ARM.exidx.text.main) refers to main.o(.text.main) for [Anonymous Symbol]
    startup_gd32f450_470.o(STACK) refers (Special) to heapauxi.o(.text) for __use_two_region_memory
    startup_gd32f450_470.o(HEAP) refers (Special) to heapauxi.o(.text) for __use_two_region_memory
    startup_gd32f450_470.o(RESET) refers (Special) to heapauxi.o(.text) for __use_two_region_memory
    startup_gd32f450_470.o(RESET) refers to startup_gd32f450_470.o(STACK) for __initial_sp
    startup_gd32f450_470.o(RESET) refers to startup_gd32f450_470.o(.text) for Reset_Handler
    startup_gd32f450_470.o(.text) refers (Special) to heapauxi.o(.text) for __use_two_region_memory
    startup_gd32f450_470.o(.text) refers to system_gd32f4xx.o(.text.SystemInit) for SystemInit
    startup_gd32f450_470.o(.text) refers to __main.o(!!!main) for __main
    startup_gd32f450_470.o(.text) refers to startup_gd32f450_470.o(HEAP) for Heap_Mem
    startup_gd32f450_470.o(.text) refers to startup_gd32f450_470.o(STACK) for Stack_Mem
    system_gd32f4xx.o(.text.SystemInit) refers to system_gd32f4xx.o(.text.system_clock_config) for system_clock_config
    system_gd32f4xx.o(.ARM.exidx.text.SystemInit) refers to system_gd32f4xx.o(.text.SystemInit) for [Anonymous Symbol]
    system_gd32f4xx.o(.text.system_clock_config) refers to system_gd32f4xx.o(.text.system_clock_200m_25m_hxtal) for system_clock_200m_25m_hxtal
    system_gd32f4xx.o(.ARM.exidx.text.system_clock_config) refers to system_gd32f4xx.o(.text.system_clock_config) for [Anonymous Symbol]
    system_gd32f4xx.o(.text.SystemCoreClockUpdate) refers to system_gd32f4xx.o(.data.SystemCoreClock) for SystemCoreClock
    system_gd32f4xx.o(.ARM.exidx.text.SystemCoreClockUpdate) refers to system_gd32f4xx.o(.text.SystemCoreClockUpdate) for [Anonymous Symbol]
    system_gd32f4xx.o(.ARM.exidx.text.system_clock_200m_25m_hxtal) refers to system_gd32f4xx.o(.text.system_clock_200m_25m_hxtal) for [Anonymous Symbol]
    gd32f4xx_gpio.o(.text.gpio_deinit) refers to gd32f4xx_rcu.o(.text.rcu_periph_reset_enable) for rcu_periph_reset_enable
    gd32f4xx_gpio.o(.text.gpio_deinit) refers to gd32f4xx_rcu.o(.text.rcu_periph_reset_disable) for rcu_periph_reset_disable
    gd32f4xx_gpio.o(.ARM.exidx.text.gpio_deinit) refers to gd32f4xx_gpio.o(.text.gpio_deinit) for [Anonymous Symbol]
    gd32f4xx_gpio.o(.ARM.exidx.text.gpio_mode_set) refers to gd32f4xx_gpio.o(.text.gpio_mode_set) for [Anonymous Symbol]
    gd32f4xx_gpio.o(.ARM.exidx.text.gpio_output_options_set) refers to gd32f4xx_gpio.o(.text.gpio_output_options_set) for [Anonymous Symbol]
    gd32f4xx_gpio.o(.ARM.exidx.text.gpio_bit_set) refers to gd32f4xx_gpio.o(.text.gpio_bit_set) for [Anonymous Symbol]
    gd32f4xx_gpio.o(.ARM.exidx.text.gpio_bit_reset) refers to gd32f4xx_gpio.o(.text.gpio_bit_reset) for [Anonymous Symbol]
    gd32f4xx_gpio.o(.ARM.exidx.text.gpio_bit_write) refers to gd32f4xx_gpio.o(.text.gpio_bit_write) for [Anonymous Symbol]
    gd32f4xx_gpio.o(.ARM.exidx.text.gpio_port_write) refers to gd32f4xx_gpio.o(.text.gpio_port_write) for [Anonymous Symbol]
    gd32f4xx_gpio.o(.ARM.exidx.text.gpio_input_bit_get) refers to gd32f4xx_gpio.o(.text.gpio_input_bit_get) for [Anonymous Symbol]
    gd32f4xx_gpio.o(.ARM.exidx.text.gpio_input_port_get) refers to gd32f4xx_gpio.o(.text.gpio_input_port_get) for [Anonymous Symbol]
    gd32f4xx_gpio.o(.ARM.exidx.text.gpio_output_bit_get) refers to gd32f4xx_gpio.o(.text.gpio_output_bit_get) for [Anonymous Symbol]
    gd32f4xx_gpio.o(.ARM.exidx.text.gpio_output_port_get) refers to gd32f4xx_gpio.o(.text.gpio_output_port_get) for [Anonymous Symbol]
    gd32f4xx_gpio.o(.ARM.exidx.text.gpio_af_set) refers to gd32f4xx_gpio.o(.text.gpio_af_set) for [Anonymous Symbol]
    gd32f4xx_gpio.o(.ARM.exidx.text.gpio_pin_lock) refers to gd32f4xx_gpio.o(.text.gpio_pin_lock) for [Anonymous Symbol]
    gd32f4xx_gpio.o(.ARM.exidx.text.gpio_bit_toggle) refers to gd32f4xx_gpio.o(.text.gpio_bit_toggle) for [Anonymous Symbol]
    gd32f4xx_gpio.o(.ARM.exidx.text.gpio_port_toggle) refers to gd32f4xx_gpio.o(.text.gpio_port_toggle) for [Anonymous Symbol]
    gd32f4xx_misc.o(.ARM.exidx.text.nvic_priority_group_set) refers to gd32f4xx_misc.o(.text.nvic_priority_group_set) for [Anonymous Symbol]
    gd32f4xx_misc.o(.text.nvic_irq_enable) refers to gd32f4xx_misc.o(.text.nvic_priority_group_set) for nvic_priority_group_set
    gd32f4xx_misc.o(.ARM.exidx.text.nvic_irq_enable) refers to gd32f4xx_misc.o(.text.nvic_irq_enable) for [Anonymous Symbol]
    gd32f4xx_misc.o(.ARM.exidx.text.nvic_irq_disable) refers to gd32f4xx_misc.o(.text.nvic_irq_disable) for [Anonymous Symbol]
    gd32f4xx_misc.o(.ARM.exidx.text.nvic_vector_table_set) refers to gd32f4xx_misc.o(.text.nvic_vector_table_set) for [Anonymous Symbol]
    gd32f4xx_misc.o(.ARM.exidx.text.system_lowpower_set) refers to gd32f4xx_misc.o(.text.system_lowpower_set) for [Anonymous Symbol]
    gd32f4xx_misc.o(.ARM.exidx.text.system_lowpower_reset) refers to gd32f4xx_misc.o(.text.system_lowpower_reset) for [Anonymous Symbol]
    gd32f4xx_misc.o(.ARM.exidx.text.systick_clksource_set) refers to gd32f4xx_misc.o(.text.systick_clksource_set) for [Anonymous Symbol]
    gd32f4xx_pmu.o(.text.pmu_deinit) refers to gd32f4xx_rcu.o(.text.rcu_periph_reset_enable) for rcu_periph_reset_enable
    gd32f4xx_pmu.o(.text.pmu_deinit) refers to gd32f4xx_rcu.o(.text.rcu_periph_reset_disable) for rcu_periph_reset_disable
    gd32f4xx_pmu.o(.ARM.exidx.text.pmu_deinit) refers to gd32f4xx_pmu.o(.text.pmu_deinit) for [Anonymous Symbol]
    gd32f4xx_pmu.o(.ARM.exidx.text.pmu_lvd_select) refers to gd32f4xx_pmu.o(.text.pmu_lvd_select) for [Anonymous Symbol]
    gd32f4xx_pmu.o(.ARM.exidx.text.pmu_lvd_disable) refers to gd32f4xx_pmu.o(.text.pmu_lvd_disable) for [Anonymous Symbol]
    gd32f4xx_pmu.o(.ARM.exidx.text.pmu_ldo_output_select) refers to gd32f4xx_pmu.o(.text.pmu_ldo_output_select) for [Anonymous Symbol]
    gd32f4xx_pmu.o(.ARM.exidx.text.pmu_highdriver_mode_enable) refers to gd32f4xx_pmu.o(.text.pmu_highdriver_mode_enable) for [Anonymous Symbol]
    gd32f4xx_pmu.o(.ARM.exidx.text.pmu_highdriver_mode_disable) refers to gd32f4xx_pmu.o(.text.pmu_highdriver_mode_disable) for [Anonymous Symbol]
    gd32f4xx_pmu.o(.text.pmu_highdriver_switch_select) refers to gd32f4xx_pmu.o(.text.pmu_flag_get) for pmu_flag_get
    gd32f4xx_pmu.o(.ARM.exidx.text.pmu_highdriver_switch_select) refers to gd32f4xx_pmu.o(.text.pmu_highdriver_switch_select) for [Anonymous Symbol]
    gd32f4xx_pmu.o(.ARM.exidx.text.pmu_flag_get) refers to gd32f4xx_pmu.o(.text.pmu_flag_get) for [Anonymous Symbol]
    gd32f4xx_pmu.o(.ARM.exidx.text.pmu_lowdriver_mode_enable) refers to gd32f4xx_pmu.o(.text.pmu_lowdriver_mode_enable) for [Anonymous Symbol]
    gd32f4xx_pmu.o(.ARM.exidx.text.pmu_lowdriver_mode_disable) refers to gd32f4xx_pmu.o(.text.pmu_lowdriver_mode_disable) for [Anonymous Symbol]
    gd32f4xx_pmu.o(.ARM.exidx.text.pmu_lowpower_driver_config) refers to gd32f4xx_pmu.o(.text.pmu_lowpower_driver_config) for [Anonymous Symbol]
    gd32f4xx_pmu.o(.ARM.exidx.text.pmu_normalpower_driver_config) refers to gd32f4xx_pmu.o(.text.pmu_normalpower_driver_config) for [Anonymous Symbol]
    gd32f4xx_pmu.o(.ARM.exidx.text.pmu_to_sleepmode) refers to gd32f4xx_pmu.o(.text.pmu_to_sleepmode) for [Anonymous Symbol]
    gd32f4xx_pmu.o(.text.pmu_to_deepsleepmode) refers to gd32f4xx_pmu.o(.bss.pmu_to_deepsleepmode.reg_snap) for pmu_to_deepsleepmode.reg_snap
    gd32f4xx_pmu.o(.ARM.exidx.text.pmu_to_deepsleepmode) refers to gd32f4xx_pmu.o(.text.pmu_to_deepsleepmode) for [Anonymous Symbol]
    gd32f4xx_pmu.o(.ARM.exidx.text.pmu_to_standbymode) refers to gd32f4xx_pmu.o(.text.pmu_to_standbymode) for [Anonymous Symbol]
    gd32f4xx_pmu.o(.ARM.exidx.text.pmu_wakeup_pin_enable) refers to gd32f4xx_pmu.o(.text.pmu_wakeup_pin_enable) for [Anonymous Symbol]
    gd32f4xx_pmu.o(.ARM.exidx.text.pmu_wakeup_pin_disable) refers to gd32f4xx_pmu.o(.text.pmu_wakeup_pin_disable) for [Anonymous Symbol]
    gd32f4xx_pmu.o(.ARM.exidx.text.pmu_backup_ldo_config) refers to gd32f4xx_pmu.o(.text.pmu_backup_ldo_config) for [Anonymous Symbol]
    gd32f4xx_pmu.o(.ARM.exidx.text.pmu_backup_write_enable) refers to gd32f4xx_pmu.o(.text.pmu_backup_write_enable) for [Anonymous Symbol]
    gd32f4xx_pmu.o(.ARM.exidx.text.pmu_backup_write_disable) refers to gd32f4xx_pmu.o(.text.pmu_backup_write_disable) for [Anonymous Symbol]
    gd32f4xx_pmu.o(.ARM.exidx.text.pmu_flag_clear) refers to gd32f4xx_pmu.o(.text.pmu_flag_clear) for [Anonymous Symbol]
    gd32f4xx_rcu.o(.text.rcu_deinit) refers to gd32f4xx_rcu.o(.text.rcu_osci_stab_wait) for rcu_osci_stab_wait
    gd32f4xx_rcu.o(.ARM.exidx.text.rcu_deinit) refers to gd32f4xx_rcu.o(.text.rcu_deinit) for [Anonymous Symbol]
    gd32f4xx_rcu.o(.text.rcu_osci_stab_wait) refers to gd32f4xx_rcu.o(.text.rcu_flag_get) for rcu_flag_get
    gd32f4xx_rcu.o(.ARM.exidx.text.rcu_osci_stab_wait) refers to gd32f4xx_rcu.o(.text.rcu_osci_stab_wait) for [Anonymous Symbol]
    gd32f4xx_rcu.o(.ARM.exidx.text.rcu_periph_clock_enable) refers to gd32f4xx_rcu.o(.text.rcu_periph_clock_enable) for [Anonymous Symbol]
    gd32f4xx_rcu.o(.ARM.exidx.text.rcu_periph_clock_disable) refers to gd32f4xx_rcu.o(.text.rcu_periph_clock_disable) for [Anonymous Symbol]
    gd32f4xx_rcu.o(.ARM.exidx.text.rcu_periph_clock_sleep_enable) refers to gd32f4xx_rcu.o(.text.rcu_periph_clock_sleep_enable) for [Anonymous Symbol]
    gd32f4xx_rcu.o(.ARM.exidx.text.rcu_periph_clock_sleep_disable) refers to gd32f4xx_rcu.o(.text.rcu_periph_clock_sleep_disable) for [Anonymous Symbol]
    gd32f4xx_rcu.o(.ARM.exidx.text.rcu_periph_reset_enable) refers to gd32f4xx_rcu.o(.text.rcu_periph_reset_enable) for [Anonymous Symbol]
    gd32f4xx_rcu.o(.ARM.exidx.text.rcu_periph_reset_disable) refers to gd32f4xx_rcu.o(.text.rcu_periph_reset_disable) for [Anonymous Symbol]
    gd32f4xx_rcu.o(.ARM.exidx.text.rcu_bkp_reset_enable) refers to gd32f4xx_rcu.o(.text.rcu_bkp_reset_enable) for [Anonymous Symbol]
    gd32f4xx_rcu.o(.ARM.exidx.text.rcu_bkp_reset_disable) refers to gd32f4xx_rcu.o(.text.rcu_bkp_reset_disable) for [Anonymous Symbol]
    gd32f4xx_rcu.o(.ARM.exidx.text.rcu_system_clock_source_config) refers to gd32f4xx_rcu.o(.text.rcu_system_clock_source_config) for [Anonymous Symbol]
    gd32f4xx_rcu.o(.ARM.exidx.text.rcu_system_clock_source_get) refers to gd32f4xx_rcu.o(.text.rcu_system_clock_source_get) for [Anonymous Symbol]
    gd32f4xx_rcu.o(.ARM.exidx.text.rcu_ahb_clock_config) refers to gd32f4xx_rcu.o(.text.rcu_ahb_clock_config) for [Anonymous Symbol]
    gd32f4xx_rcu.o(.ARM.exidx.text.rcu_apb1_clock_config) refers to gd32f4xx_rcu.o(.text.rcu_apb1_clock_config) for [Anonymous Symbol]
    gd32f4xx_rcu.o(.ARM.exidx.text.rcu_apb2_clock_config) refers to gd32f4xx_rcu.o(.text.rcu_apb2_clock_config) for [Anonymous Symbol]
    gd32f4xx_rcu.o(.ARM.exidx.text.rcu_ckout0_config) refers to gd32f4xx_rcu.o(.text.rcu_ckout0_config) for [Anonymous Symbol]
    gd32f4xx_rcu.o(.ARM.exidx.text.rcu_ckout1_config) refers to gd32f4xx_rcu.o(.text.rcu_ckout1_config) for [Anonymous Symbol]
    gd32f4xx_rcu.o(.ARM.exidx.text.rcu_pll_config) refers to gd32f4xx_rcu.o(.text.rcu_pll_config) for [Anonymous Symbol]
    gd32f4xx_rcu.o(.ARM.exidx.text.rcu_plli2s_config) refers to gd32f4xx_rcu.o(.text.rcu_plli2s_config) for [Anonymous Symbol]
    gd32f4xx_rcu.o(.ARM.exidx.text.rcu_pllsai_config) refers to gd32f4xx_rcu.o(.text.rcu_pllsai_config) for [Anonymous Symbol]
    gd32f4xx_rcu.o(.ARM.exidx.text.rcu_rtc_clock_config) refers to gd32f4xx_rcu.o(.text.rcu_rtc_clock_config) for [Anonymous Symbol]
    gd32f4xx_rcu.o(.ARM.exidx.text.rcu_rtc_div_config) refers to gd32f4xx_rcu.o(.text.rcu_rtc_div_config) for [Anonymous Symbol]
    gd32f4xx_rcu.o(.ARM.exidx.text.rcu_i2s_clock_config) refers to gd32f4xx_rcu.o(.text.rcu_i2s_clock_config) for [Anonymous Symbol]
    gd32f4xx_rcu.o(.ARM.exidx.text.rcu_ck48m_clock_config) refers to gd32f4xx_rcu.o(.text.rcu_ck48m_clock_config) for [Anonymous Symbol]
    gd32f4xx_rcu.o(.ARM.exidx.text.rcu_pll48m_clock_config) refers to gd32f4xx_rcu.o(.text.rcu_pll48m_clock_config) for [Anonymous Symbol]
    gd32f4xx_rcu.o(.ARM.exidx.text.rcu_timer_clock_prescaler_config) refers to gd32f4xx_rcu.o(.text.rcu_timer_clock_prescaler_config) for [Anonymous Symbol]
    gd32f4xx_rcu.o(.ARM.exidx.text.rcu_tli_clock_div_config) refers to gd32f4xx_rcu.o(.text.rcu_tli_clock_div_config) for [Anonymous Symbol]
    gd32f4xx_rcu.o(.ARM.exidx.text.rcu_flag_get) refers to gd32f4xx_rcu.o(.text.rcu_flag_get) for [Anonymous Symbol]
    gd32f4xx_rcu.o(.ARM.exidx.text.rcu_all_reset_flag_clear) refers to gd32f4xx_rcu.o(.text.rcu_all_reset_flag_clear) for [Anonymous Symbol]
    gd32f4xx_rcu.o(.ARM.exidx.text.rcu_interrupt_flag_get) refers to gd32f4xx_rcu.o(.text.rcu_interrupt_flag_get) for [Anonymous Symbol]
    gd32f4xx_rcu.o(.ARM.exidx.text.rcu_interrupt_flag_clear) refers to gd32f4xx_rcu.o(.text.rcu_interrupt_flag_clear) for [Anonymous Symbol]
    gd32f4xx_rcu.o(.ARM.exidx.text.rcu_interrupt_enable) refers to gd32f4xx_rcu.o(.text.rcu_interrupt_enable) for [Anonymous Symbol]
    gd32f4xx_rcu.o(.ARM.exidx.text.rcu_interrupt_disable) refers to gd32f4xx_rcu.o(.text.rcu_interrupt_disable) for [Anonymous Symbol]
    gd32f4xx_rcu.o(.ARM.exidx.text.rcu_lxtal_drive_capability_config) refers to gd32f4xx_rcu.o(.text.rcu_lxtal_drive_capability_config) for [Anonymous Symbol]
    gd32f4xx_rcu.o(.ARM.exidx.text.rcu_osci_on) refers to gd32f4xx_rcu.o(.text.rcu_osci_on) for [Anonymous Symbol]
    gd32f4xx_rcu.o(.ARM.exidx.text.rcu_osci_off) refers to gd32f4xx_rcu.o(.text.rcu_osci_off) for [Anonymous Symbol]
    gd32f4xx_rcu.o(.ARM.exidx.text.rcu_osci_bypass_mode_enable) refers to gd32f4xx_rcu.o(.text.rcu_osci_bypass_mode_enable) for [Anonymous Symbol]
    gd32f4xx_rcu.o(.ARM.exidx.text.rcu_osci_bypass_mode_disable) refers to gd32f4xx_rcu.o(.text.rcu_osci_bypass_mode_disable) for [Anonymous Symbol]
    gd32f4xx_rcu.o(.ARM.exidx.text.rcu_hxtal_clock_monitor_enable) refers to gd32f4xx_rcu.o(.text.rcu_hxtal_clock_monitor_enable) for [Anonymous Symbol]
    gd32f4xx_rcu.o(.ARM.exidx.text.rcu_hxtal_clock_monitor_disable) refers to gd32f4xx_rcu.o(.text.rcu_hxtal_clock_monitor_disable) for [Anonymous Symbol]
    gd32f4xx_rcu.o(.ARM.exidx.text.rcu_irc16m_adjust_value_set) refers to gd32f4xx_rcu.o(.text.rcu_irc16m_adjust_value_set) for [Anonymous Symbol]
    gd32f4xx_rcu.o(.ARM.exidx.text.rcu_voltage_key_unlock) refers to gd32f4xx_rcu.o(.text.rcu_voltage_key_unlock) for [Anonymous Symbol]
    gd32f4xx_rcu.o(.ARM.exidx.text.rcu_deepsleep_voltage_set) refers to gd32f4xx_rcu.o(.text.rcu_deepsleep_voltage_set) for [Anonymous Symbol]
    gd32f4xx_rcu.o(.ARM.exidx.text.rcu_spread_spectrum_config) refers to gd32f4xx_rcu.o(.text.rcu_spread_spectrum_config) for [Anonymous Symbol]
    gd32f4xx_rcu.o(.ARM.exidx.text.rcu_spread_spectrum_enable) refers to gd32f4xx_rcu.o(.text.rcu_spread_spectrum_enable) for [Anonymous Symbol]
    gd32f4xx_rcu.o(.ARM.exidx.text.rcu_spread_spectrum_disable) refers to gd32f4xx_rcu.o(.text.rcu_spread_spectrum_disable) for [Anonymous Symbol]
    gd32f4xx_rcu.o(.ARM.exidx.text.rcu_clock_freq_get) refers to gd32f4xx_rcu.o(.text.rcu_clock_freq_get) for [Anonymous Symbol]
    __main.o(!!!main) refers to __rtentry.o(.ARM.Collect$$rtentry$$00000000) for __rt_entry
    __rtentry.o(.ARM.Collect$$rtentry$$00000000) refers (Special) to __rtentry2.o(.ARM.Collect$$rtentry$$0000000A) for __rt_entry_li
    __rtentry.o(.ARM.Collect$$rtentry$$00000000) refers (Special) to __rtentry2.o(.ARM.Collect$$rtentry$$0000000D) for __rt_entry_main
    __rtentry.o(.ARM.Collect$$rtentry$$00000000) refers (Special) to __rtentry2.o(.ARM.Collect$$rtentry$$0000000C) for __rt_entry_postli_1
    __rtentry.o(.ARM.Collect$$rtentry$$00000000) refers (Special) to __rtentry2.o(.ARM.Collect$$rtentry$$00000009) for __rt_entry_postsh_1
    __rtentry.o(.ARM.Collect$$rtentry$$00000000) refers (Special) to __rtentry2.o(.ARM.Collect$$rtentry$$00000002) for __rt_entry_presh_1
    __rtentry.o(.ARM.Collect$$rtentry$$00000000) refers (Special) to __rtentry4.o(.ARM.Collect$$rtentry$$00000004) for __rt_entry_sh
    __rtentry2.o(.ARM.Collect$$rtentry$$00000008) refers to boardinit2.o(.text) for _platform_post_stackheap_init
    __rtentry2.o(.ARM.Collect$$rtentry$$0000000A) refers to libinit.o(.ARM.Collect$$libinit$$00000000) for __rt_lib_init
    __rtentry2.o(.ARM.Collect$$rtentry$$0000000B) refers to boardinit3.o(.text) for _platform_post_lib_init
    __rtentry2.o(.ARM.Collect$$rtentry$$0000000D) refers to main.o(.text.main) for main
    __rtentry2.o(.ARM.Collect$$rtentry$$0000000D) refers to exit.o(.text) for exit
    __rtentry2.o(.ARM.exidx) refers to __rtentry2.o(.ARM.Collect$$rtentry$$00000001) for .ARM.Collect$$rtentry$$00000001
    __rtentry2.o(.ARM.exidx) refers to __rtentry2.o(.ARM.Collect$$rtentry$$00000008) for .ARM.Collect$$rtentry$$00000008
    __rtentry2.o(.ARM.exidx) refers to __rtentry2.o(.ARM.Collect$$rtentry$$0000000A) for .ARM.Collect$$rtentry$$0000000A
    __rtentry2.o(.ARM.exidx) refers to __rtentry2.o(.ARM.Collect$$rtentry$$0000000B) for .ARM.Collect$$rtentry$$0000000B
    __rtentry2.o(.ARM.exidx) refers to __rtentry2.o(.ARM.Collect$$rtentry$$0000000D) for .ARM.Collect$$rtentry$$0000000D
    __rtentry4.o(.ARM.Collect$$rtentry$$00000004) refers to sys_stackheap_outer.o(.text) for __user_setup_stackheap
    __rtentry4.o(.ARM.exidx) refers to __rtentry4.o(.ARM.Collect$$rtentry$$00000004) for .ARM.Collect$$rtentry$$00000004
    sys_stackheap_outer.o(.text) refers to libspace.o(.text) for __user_perproc_libspace
    sys_stackheap_outer.o(.text) refers to startup_gd32f450_470.o(.text) for __user_initial_stackheap
    exit.o(.text) refers to rtexit.o(.ARM.Collect$$rtexit$$00000000) for __rt_exit
    libinit.o(.ARM.Collect$$libinit$$00000000) refers (Special) to libinit2.o(.ARM.Collect$$libinit$$0000002E) for __rt_lib_init_alloca_1
    libinit.o(.ARM.Collect$$libinit$$00000000) refers (Special) to libinit2.o(.ARM.Collect$$libinit$$0000002C) for __rt_lib_init_argv_1
    libinit.o(.ARM.Collect$$libinit$$00000000) refers (Special) to libinit2.o(.ARM.Collect$$libinit$$0000001B) for __rt_lib_init_atexit_1
    libinit.o(.ARM.Collect$$libinit$$00000000) refers (Special) to libinit2.o(.ARM.Collect$$libinit$$00000021) for __rt_lib_init_clock_1
    libinit.o(.ARM.Collect$$libinit$$00000000) refers (Special) to libinit2.o(.ARM.Collect$$libinit$$00000032) for __rt_lib_init_cpp_1
    libinit.o(.ARM.Collect$$libinit$$00000000) refers (Special) to libinit2.o(.ARM.Collect$$libinit$$00000030) for __rt_lib_init_exceptions_1
    libinit.o(.ARM.Collect$$libinit$$00000000) refers (Special) to libinit2.o(.ARM.Collect$$libinit$$00000001) for __rt_lib_init_fp_1
    libinit.o(.ARM.Collect$$libinit$$00000000) refers (Special) to libinit2.o(.ARM.Collect$$libinit$$0000001F) for __rt_lib_init_fp_trap_1
    libinit.o(.ARM.Collect$$libinit$$00000000) refers (Special) to libinit2.o(.ARM.Collect$$libinit$$00000023) for __rt_lib_init_getenv_1
    libinit.o(.ARM.Collect$$libinit$$00000000) refers (Special) to libinit2.o(.ARM.Collect$$libinit$$0000000A) for __rt_lib_init_heap_1
    libinit.o(.ARM.Collect$$libinit$$00000000) refers (Special) to libinit2.o(.ARM.Collect$$libinit$$00000011) for __rt_lib_init_lc_collate_1
    libinit.o(.ARM.Collect$$libinit$$00000000) refers (Special) to libinit2.o(.ARM.Collect$$libinit$$00000013) for __rt_lib_init_lc_ctype_1
    libinit.o(.ARM.Collect$$libinit$$00000000) refers (Special) to libinit2.o(.ARM.Collect$$libinit$$00000015) for __rt_lib_init_lc_monetary_1
    libinit.o(.ARM.Collect$$libinit$$00000000) refers (Special) to libinit2.o(.ARM.Collect$$libinit$$00000017) for __rt_lib_init_lc_numeric_1
    libinit.o(.ARM.Collect$$libinit$$00000000) refers (Special) to libinit2.o(.ARM.Collect$$libinit$$00000019) for __rt_lib_init_lc_time_1
    libinit.o(.ARM.Collect$$libinit$$00000000) refers (Special) to libinit2.o(.ARM.Collect$$libinit$$00000004) for __rt_lib_init_preinit_1
    libinit.o(.ARM.Collect$$libinit$$00000000) refers (Special) to libinit2.o(.ARM.Collect$$libinit$$0000000E) for __rt_lib_init_rand_1
    libinit.o(.ARM.Collect$$libinit$$00000000) refers (Special) to libinit2.o(.ARM.Collect$$libinit$$00000033) for __rt_lib_init_return
    libinit.o(.ARM.Collect$$libinit$$00000000) refers (Special) to libinit2.o(.ARM.Collect$$libinit$$0000001D) for __rt_lib_init_signal_1
    libinit.o(.ARM.Collect$$libinit$$00000000) refers (Special) to libinit2.o(.ARM.Collect$$libinit$$00000025) for __rt_lib_init_stdio_1
    libinit.o(.ARM.Collect$$libinit$$00000000) refers (Special) to libinit2.o(.ARM.Collect$$libinit$$0000000C) for __rt_lib_init_user_alloc_1
    libspace.o(.text) refers to libspace.o(.bss) for __libspace_start
    rtexit.o(.ARM.Collect$$rtexit$$00000000) refers (Special) to rtexit2.o(.ARM.Collect$$rtexit$$00000004) for __rt_exit_exit
    rtexit.o(.ARM.Collect$$rtexit$$00000000) refers (Special) to rtexit2.o(.ARM.Collect$$rtexit$$00000003) for __rt_exit_ls
    rtexit.o(.ARM.Collect$$rtexit$$00000000) refers (Special) to rtexit2.o(.ARM.Collect$$rtexit$$00000002) for __rt_exit_prels_1
    rtexit.o(.ARM.exidx) refers (Special) to rtexit2.o(.ARM.Collect$$rtexit$$00000004) for __rt_exit_exit
    rtexit.o(.ARM.exidx) refers (Special) to rtexit2.o(.ARM.Collect$$rtexit$$00000003) for __rt_exit_ls
    rtexit.o(.ARM.exidx) refers (Special) to rtexit2.o(.ARM.Collect$$rtexit$$00000002) for __rt_exit_prels_1
    rtexit.o(.ARM.exidx) refers to rtexit.o(.ARM.Collect$$rtexit$$00000000) for .ARM.Collect$$rtexit$$00000000
    libinit2.o(.ARM.Collect$$libinit$$00000001) refers to fpinit.o(x$fpl$fpinit) for _fp_init
    libinit2.o(.ARM.Collect$$libinit$$00000010) refers to libinit2.o(.ARM.Collect$$libinit$$0000000F) for .ARM.Collect$$libinit$$0000000F
    libinit2.o(.ARM.Collect$$libinit$$00000012) refers to libinit2.o(.ARM.Collect$$libinit$$0000000F) for .ARM.Collect$$libinit$$0000000F
    libinit2.o(.ARM.Collect$$libinit$$00000014) refers to libinit2.o(.ARM.Collect$$libinit$$0000000F) for .ARM.Collect$$libinit$$0000000F
    libinit2.o(.ARM.Collect$$libinit$$00000016) refers to libinit2.o(.ARM.Collect$$libinit$$0000000F) for .ARM.Collect$$libinit$$0000000F
    libinit2.o(.ARM.Collect$$libinit$$00000018) refers to libinit2.o(.ARM.Collect$$libinit$$0000000F) for .ARM.Collect$$libinit$$0000000F
    libinit2.o(.ARM.Collect$$libinit$$00000026) refers to argv_veneer.o(.emb_text) for __ARM_argv_veneer
    libinit2.o(.ARM.Collect$$libinit$$00000027) refers to argv_veneer.o(.emb_text) for __ARM_argv_veneer
    rtexit2.o(.ARM.Collect$$rtexit$$00000003) refers to libshutdown.o(.ARM.Collect$$libshutdown$$00000000) for __rt_lib_shutdown
    rtexit2.o(.ARM.Collect$$rtexit$$00000004) refers to sys_exit.o(.text) for _sys_exit
    rtexit2.o(.ARM.exidx) refers to rtexit2.o(.ARM.Collect$$rtexit$$00000001) for .ARM.Collect$$rtexit$$00000001
    rtexit2.o(.ARM.exidx) refers to rtexit2.o(.ARM.Collect$$rtexit$$00000003) for .ARM.Collect$$rtexit$$00000003
    rtexit2.o(.ARM.exidx) refers to rtexit2.o(.ARM.Collect$$rtexit$$00000004) for .ARM.Collect$$rtexit$$00000004
    argv_veneer.o(.emb_text) refers to no_argv.o(.text) for __ARM_get_argv
    sys_exit.o(.text) refers (Special) to use_no_semi.o(.text) for __I$use$semihosting
    sys_exit.o(.text) refers (Special) to indicate_semi.o(.text) for __semihosting_library_function
    sys_exit_hlt.o(.text) refers (Special) to use_no_semi.o(.text) for __I$use$semihosting
    sys_exit_hlt.o(.text) refers (Special) to indicate_semi.o(.text) for __semihosting_library_function
    _get_argv_nomalloc.o(.text) refers (Special) to hrguard.o(.text) for __heap_region$guard
    _get_argv_nomalloc.o(.text) refers to defsig_rtmem_outer.o(.text) for __rt_SIGRTMEM
    _get_argv_nomalloc.o(.text) refers to sys_command.o(.text) for _sys_command_string
    libshutdown.o(.ARM.Collect$$libshutdown$$00000000) refers (Special) to libshutdown2.o(.ARM.Collect$$libshutdown$$00000002) for __rt_lib_shutdown_cpp_1
    libshutdown.o(.ARM.Collect$$libshutdown$$00000000) refers (Special) to libshutdown2.o(.ARM.Collect$$libshutdown$$00000007) for __rt_lib_shutdown_fp_trap_1
    libshutdown.o(.ARM.Collect$$libshutdown$$00000000) refers (Special) to libshutdown2.o(.ARM.Collect$$libshutdown$$0000000F) for __rt_lib_shutdown_heap_1
    libshutdown.o(.ARM.Collect$$libshutdown$$00000000) refers (Special) to libshutdown2.o(.ARM.Collect$$libshutdown$$00000010) for __rt_lib_shutdown_return
    libshutdown.o(.ARM.Collect$$libshutdown$$00000000) refers (Special) to libshutdown2.o(.ARM.Collect$$libshutdown$$0000000A) for __rt_lib_shutdown_signal_1
    libshutdown.o(.ARM.Collect$$libshutdown$$00000000) refers (Special) to libshutdown2.o(.ARM.Collect$$libshutdown$$00000004) for __rt_lib_shutdown_stdio_1
    libshutdown.o(.ARM.Collect$$libshutdown$$00000000) refers (Special) to libshutdown2.o(.ARM.Collect$$libshutdown$$0000000C) for __rt_lib_shutdown_user_alloc_1
    sys_command.o(.text) refers (Special) to use_no_semi.o(.text) for __I$use$semihosting
    sys_command.o(.text) refers (Special) to indicate_semi.o(.text) for __semihosting_library_function
    sys_command_hlt.o(.text) refers (Special) to use_no_semi.o(.text) for __I$use$semihosting
    sys_command_hlt.o(.text) refers (Special) to indicate_semi.o(.text) for __semihosting_library_function
    defsig_rtmem_outer.o(.text) refers to defsig_rtmem_inner.o(.text) for __rt_SIGRTMEM_inner
    defsig_rtmem_outer.o(.text) refers to defsig_exit.o(.text) for __sig_exit
    defsig_rtmem_formal.o(.text) refers to rt_raise.o(.text) for __rt_raise
    rt_raise.o(.text) refers to __raise.o(.text) for __raise
    rt_raise.o(.text) refers to sys_exit.o(.text) for _sys_exit
    defsig_exit.o(.text) refers to sys_exit.o(.text) for _sys_exit
    defsig_rtmem_inner.o(.text) refers to defsig_general.o(.text) for __default_signal_display
    __raise.o(.text) refers to defsig.o(CL$$defsig) for __default_signal_handler
    defsig_general.o(.text) refers to sys_wrch.o(.text) for _ttywrch
    sys_wrch.o(.text) refers (Special) to use_no_semi.o(.text) for __I$use$semihosting
    sys_wrch.o(.text) refers (Special) to indicate_semi.o(.text) for __semihosting_library_function
    sys_wrch_hlt.o(.text) refers (Special) to use_no_semi.o(.text) for __I$use$semihosting
    sys_wrch_hlt.o(.text) refers (Special) to indicate_semi.o(.text) for __semihosting_library_function
    defsig.o(CL$$defsig) refers to defsig_rtmem_inner.o(.text) for __rt_SIGRTMEM_inner
    defsig_abrt_inner.o(.text) refers to defsig_general.o(.text) for __default_signal_display
    defsig_fpe_inner.o(.text) refers to defsig_general.o(.text) for __default_signal_display
    defsig_rtred_inner.o(.text) refers to defsig_general.o(.text) for __default_signal_display
    defsig_stak_inner.o(.text) refers to defsig_general.o(.text) for __default_signal_display
    defsig_pvfn_inner.o(.text) refers to defsig_general.o(.text) for __default_signal_display
    defsig_cppl_inner.o(.text) refers to defsig_general.o(.text) for __default_signal_display
    defsig_segv_inner.o(.text) refers to defsig_general.o(.text) for __default_signal_display
    defsig_other.o(.text) refers to defsig_general.o(.text) for __default_signal_display


==============================================================================

Removing Unused input sections from the image.

    Removing main.o(.text), (0 bytes).
    Removing main.o(.ARM.exidx.text.main), (8 bytes).
    Removing main.o(.ARM.use_no_argv), (4 bytes).
    Removing system_gd32f4xx.o(.text), (0 bytes).
    Removing system_gd32f4xx.o(.ARM.exidx.text.SystemInit), (8 bytes).
    Removing system_gd32f4xx.o(.ARM.exidx.text.system_clock_config), (8 bytes).
    Removing system_gd32f4xx.o(.text.SystemCoreClockUpdate), (282 bytes).
    Removing system_gd32f4xx.o(.ARM.exidx.text.SystemCoreClockUpdate), (8 bytes).
    Removing system_gd32f4xx.o(.ARM.exidx.text.system_clock_200m_25m_hxtal), (8 bytes).
    Removing system_gd32f4xx.o(.data.SystemCoreClock), (4 bytes).
    Removing system_gd32f4xx.o(.rodata.cst16), (16 bytes).
    Removing gd32f4xx_gpio.o(.text), (0 bytes).
    Removing gd32f4xx_gpio.o(.text.gpio_deinit), (318 bytes).
    Removing gd32f4xx_gpio.o(.ARM.exidx.text.gpio_deinit), (8 bytes).
    Removing gd32f4xx_gpio.o(.text.gpio_mode_set), (156 bytes).
    Removing gd32f4xx_gpio.o(.ARM.exidx.text.gpio_mode_set), (8 bytes).
    Removing gd32f4xx_gpio.o(.text.gpio_output_options_set), (146 bytes).
    Removing gd32f4xx_gpio.o(.ARM.exidx.text.gpio_output_options_set), (8 bytes).
    Removing gd32f4xx_gpio.o(.text.gpio_bit_set), (16 bytes).
    Removing gd32f4xx_gpio.o(.ARM.exidx.text.gpio_bit_set), (8 bytes).
    Removing gd32f4xx_gpio.o(.text.gpio_bit_reset), (16 bytes).
    Removing gd32f4xx_gpio.o(.ARM.exidx.text.gpio_bit_reset), (8 bytes).
    Removing gd32f4xx_gpio.o(.text.gpio_bit_write), (38 bytes).
    Removing gd32f4xx_gpio.o(.ARM.exidx.text.gpio_bit_write), (8 bytes).
    Removing gd32f4xx_gpio.o(.text.gpio_port_write), (20 bytes).
    Removing gd32f4xx_gpio.o(.ARM.exidx.text.gpio_port_write), (8 bytes).
    Removing gd32f4xx_gpio.o(.text.gpio_input_bit_get), (42 bytes).
    Removing gd32f4xx_gpio.o(.ARM.exidx.text.gpio_input_bit_get), (8 bytes).
    Removing gd32f4xx_gpio.o(.text.gpio_input_port_get), (14 bytes).
    Removing gd32f4xx_gpio.o(.ARM.exidx.text.gpio_input_port_get), (8 bytes).
    Removing gd32f4xx_gpio.o(.text.gpio_output_bit_get), (42 bytes).
    Removing gd32f4xx_gpio.o(.ARM.exidx.text.gpio_output_bit_get), (8 bytes).
    Removing gd32f4xx_gpio.o(.text.gpio_output_port_get), (14 bytes).
    Removing gd32f4xx_gpio.o(.ARM.exidx.text.gpio_output_port_get), (8 bytes).
    Removing gd32f4xx_gpio.o(.text.gpio_af_set), (212 bytes).
    Removing gd32f4xx_gpio.o(.ARM.exidx.text.gpio_af_set), (8 bytes).
    Removing gd32f4xx_gpio.o(.text.gpio_pin_lock), (54 bytes).
    Removing gd32f4xx_gpio.o(.ARM.exidx.text.gpio_pin_lock), (8 bytes).
    Removing gd32f4xx_gpio.o(.text.gpio_bit_toggle), (16 bytes).
    Removing gd32f4xx_gpio.o(.ARM.exidx.text.gpio_bit_toggle), (8 bytes).
    Removing gd32f4xx_gpio.o(.text.gpio_port_toggle), (16 bytes).
    Removing gd32f4xx_gpio.o(.ARM.exidx.text.gpio_port_toggle), (8 bytes).
    Removing gd32f4xx_misc.o(.text), (0 bytes).
    Removing gd32f4xx_misc.o(.text.nvic_priority_group_set), (28 bytes).
    Removing gd32f4xx_misc.o(.ARM.exidx.text.nvic_priority_group_set), (8 bytes).
    Removing gd32f4xx_misc.o(.text.nvic_irq_enable), (298 bytes).
    Removing gd32f4xx_misc.o(.ARM.exidx.text.nvic_irq_enable), (8 bytes).
    Removing gd32f4xx_misc.o(.text.nvic_irq_disable), (40 bytes).
    Removing gd32f4xx_misc.o(.ARM.exidx.text.nvic_irq_disable), (8 bytes).
    Removing gd32f4xx_misc.o(.text.nvic_vector_table_set), (40 bytes).
    Removing gd32f4xx_misc.o(.ARM.exidx.text.nvic_vector_table_set), (8 bytes).
    Removing gd32f4xx_misc.o(.text.system_lowpower_set), (28 bytes).
    Removing gd32f4xx_misc.o(.ARM.exidx.text.system_lowpower_set), (8 bytes).
    Removing gd32f4xx_misc.o(.text.system_lowpower_reset), (28 bytes).
    Removing gd32f4xx_misc.o(.ARM.exidx.text.system_lowpower_reset), (8 bytes).
    Removing gd32f4xx_misc.o(.text.systick_clksource_set), (52 bytes).
    Removing gd32f4xx_misc.o(.ARM.exidx.text.systick_clksource_set), (8 bytes).
    Removing gd32f4xx_pmu.o(.text), (0 bytes).
    Removing gd32f4xx_pmu.o(.text.pmu_deinit), (24 bytes).
    Removing gd32f4xx_pmu.o(.ARM.exidx.text.pmu_deinit), (8 bytes).
    Removing gd32f4xx_pmu.o(.text.pmu_lvd_select), (48 bytes).
    Removing gd32f4xx_pmu.o(.ARM.exidx.text.pmu_lvd_select), (8 bytes).
    Removing gd32f4xx_pmu.o(.text.pmu_lvd_disable), (18 bytes).
    Removing gd32f4xx_pmu.o(.ARM.exidx.text.pmu_lvd_disable), (8 bytes).
    Removing gd32f4xx_pmu.o(.text.pmu_ldo_output_select), (32 bytes).
    Removing gd32f4xx_pmu.o(.ARM.exidx.text.pmu_ldo_output_select), (8 bytes).
    Removing gd32f4xx_pmu.o(.text.pmu_highdriver_mode_enable), (18 bytes).
    Removing gd32f4xx_pmu.o(.ARM.exidx.text.pmu_highdriver_mode_enable), (8 bytes).
    Removing gd32f4xx_pmu.o(.text.pmu_highdriver_mode_disable), (18 bytes).
    Removing gd32f4xx_pmu.o(.ARM.exidx.text.pmu_highdriver_mode_disable), (8 bytes).
    Removing gd32f4xx_pmu.o(.text.pmu_highdriver_switch_select), (52 bytes).
    Removing gd32f4xx_pmu.o(.ARM.exidx.text.pmu_highdriver_switch_select), (8 bytes).
    Removing gd32f4xx_pmu.o(.text.pmu_flag_get), (46 bytes).
    Removing gd32f4xx_pmu.o(.ARM.exidx.text.pmu_flag_get), (8 bytes).
    Removing gd32f4xx_pmu.o(.text.pmu_lowdriver_mode_enable), (18 bytes).
    Removing gd32f4xx_pmu.o(.ARM.exidx.text.pmu_lowdriver_mode_enable), (8 bytes).
    Removing gd32f4xx_pmu.o(.text.pmu_lowdriver_mode_disable), (18 bytes).
    Removing gd32f4xx_pmu.o(.ARM.exidx.text.pmu_lowdriver_mode_disable), (8 bytes).
    Removing gd32f4xx_pmu.o(.text.pmu_lowpower_driver_config), (32 bytes).
    Removing gd32f4xx_pmu.o(.ARM.exidx.text.pmu_lowpower_driver_config), (8 bytes).
    Removing gd32f4xx_pmu.o(.text.pmu_normalpower_driver_config), (32 bytes).
    Removing gd32f4xx_pmu.o(.ARM.exidx.text.pmu_normalpower_driver_config), (8 bytes).
    Removing gd32f4xx_pmu.o(.text.pmu_to_sleepmode), (42 bytes).
    Removing gd32f4xx_pmu.o(.ARM.exidx.text.pmu_to_sleepmode), (8 bytes).
    Removing gd32f4xx_pmu.o(.text.pmu_to_deepsleepmode), (336 bytes).
    Removing gd32f4xx_pmu.o(.ARM.exidx.text.pmu_to_deepsleepmode), (8 bytes).
    Removing gd32f4xx_pmu.o(.text.pmu_to_standbymode), (68 bytes).
    Removing gd32f4xx_pmu.o(.ARM.exidx.text.pmu_to_standbymode), (8 bytes).
    Removing gd32f4xx_pmu.o(.text.pmu_wakeup_pin_enable), (18 bytes).
    Removing gd32f4xx_pmu.o(.ARM.exidx.text.pmu_wakeup_pin_enable), (8 bytes).
    Removing gd32f4xx_pmu.o(.text.pmu_wakeup_pin_disable), (18 bytes).
    Removing gd32f4xx_pmu.o(.ARM.exidx.text.pmu_wakeup_pin_disable), (8 bytes).
    Removing gd32f4xx_pmu.o(.text.pmu_backup_ldo_config), (32 bytes).
    Removing gd32f4xx_pmu.o(.ARM.exidx.text.pmu_backup_ldo_config), (8 bytes).
    Removing gd32f4xx_pmu.o(.text.pmu_backup_write_enable), (18 bytes).
    Removing gd32f4xx_pmu.o(.ARM.exidx.text.pmu_backup_write_enable), (8 bytes).
    Removing gd32f4xx_pmu.o(.text.pmu_backup_write_disable), (18 bytes).
    Removing gd32f4xx_pmu.o(.ARM.exidx.text.pmu_backup_write_disable), (8 bytes).
    Removing gd32f4xx_pmu.o(.text.pmu_flag_clear), (62 bytes).
    Removing gd32f4xx_pmu.o(.ARM.exidx.text.pmu_flag_clear), (8 bytes).
    Removing gd32f4xx_pmu.o(.bss.pmu_to_deepsleepmode.reg_snap), (16 bytes).
    Removing gd32f4xx_rcu.o(.text), (0 bytes).
    Removing gd32f4xx_rcu.o(.text.rcu_deinit), (164 bytes).
    Removing gd32f4xx_rcu.o(.ARM.exidx.text.rcu_deinit), (8 bytes).
    Removing gd32f4xx_rcu.o(.text.rcu_osci_stab_wait), (754 bytes).
    Removing gd32f4xx_rcu.o(.ARM.exidx.text.rcu_osci_stab_wait), (8 bytes).
    Removing gd32f4xx_rcu.o(.text.rcu_periph_clock_enable), (40 bytes).
    Removing gd32f4xx_rcu.o(.ARM.exidx.text.rcu_periph_clock_enable), (8 bytes).
    Removing gd32f4xx_rcu.o(.text.rcu_periph_clock_disable), (40 bytes).
    Removing gd32f4xx_rcu.o(.ARM.exidx.text.rcu_periph_clock_disable), (8 bytes).
    Removing gd32f4xx_rcu.o(.text.rcu_periph_clock_sleep_enable), (40 bytes).
    Removing gd32f4xx_rcu.o(.ARM.exidx.text.rcu_periph_clock_sleep_enable), (8 bytes).
    Removing gd32f4xx_rcu.o(.text.rcu_periph_clock_sleep_disable), (40 bytes).
    Removing gd32f4xx_rcu.o(.ARM.exidx.text.rcu_periph_clock_sleep_disable), (8 bytes).
    Removing gd32f4xx_rcu.o(.text.rcu_periph_reset_enable), (40 bytes).
    Removing gd32f4xx_rcu.o(.ARM.exidx.text.rcu_periph_reset_enable), (8 bytes).
    Removing gd32f4xx_rcu.o(.text.rcu_periph_reset_disable), (40 bytes).
    Removing gd32f4xx_rcu.o(.ARM.exidx.text.rcu_periph_reset_disable), (8 bytes).
    Removing gd32f4xx_rcu.o(.text.rcu_bkp_reset_enable), (18 bytes).
    Removing gd32f4xx_rcu.o(.ARM.exidx.text.rcu_bkp_reset_enable), (8 bytes).
    Removing gd32f4xx_rcu.o(.text.rcu_bkp_reset_disable), (18 bytes).
    Removing gd32f4xx_rcu.o(.ARM.exidx.text.rcu_bkp_reset_disable), (8 bytes).
    Removing gd32f4xx_rcu.o(.text.rcu_system_clock_source_config), (36 bytes).
    Removing gd32f4xx_rcu.o(.ARM.exidx.text.rcu_system_clock_source_config), (8 bytes).
    Removing gd32f4xx_rcu.o(.text.rcu_system_clock_source_get), (16 bytes).
    Removing gd32f4xx_rcu.o(.ARM.exidx.text.rcu_system_clock_source_get), (8 bytes).
    Removing gd32f4xx_rcu.o(.text.rcu_ahb_clock_config), (36 bytes).
    Removing gd32f4xx_rcu.o(.ARM.exidx.text.rcu_ahb_clock_config), (8 bytes).
    Removing gd32f4xx_rcu.o(.text.rcu_apb1_clock_config), (36 bytes).
    Removing gd32f4xx_rcu.o(.ARM.exidx.text.rcu_apb1_clock_config), (8 bytes).
    Removing gd32f4xx_rcu.o(.text.rcu_apb2_clock_config), (36 bytes).
    Removing gd32f4xx_rcu.o(.ARM.exidx.text.rcu_apb2_clock_config), (8 bytes).
    Removing gd32f4xx_rcu.o(.text.rcu_ckout0_config), (42 bytes).
    Removing gd32f4xx_rcu.o(.ARM.exidx.text.rcu_ckout0_config), (8 bytes).
    Removing gd32f4xx_rcu.o(.text.rcu_ckout1_config), (42 bytes).
    Removing gd32f4xx_rcu.o(.ARM.exidx.text.rcu_ckout1_config), (8 bytes).
    Removing gd32f4xx_rcu.o(.text.rcu_pll_config), (228 bytes).
    Removing gd32f4xx_rcu.o(.ARM.exidx.text.rcu_pll_config), (8 bytes).
    Removing gd32f4xx_rcu.o(.text.rcu_plli2s_config), (86 bytes).
    Removing gd32f4xx_rcu.o(.ARM.exidx.text.rcu_plli2s_config), (8 bytes).
    Removing gd32f4xx_rcu.o(.text.rcu_pllsai_config), (136 bytes).
    Removing gd32f4xx_rcu.o(.ARM.exidx.text.rcu_pllsai_config), (8 bytes).
    Removing gd32f4xx_rcu.o(.text.rcu_rtc_clock_config), (36 bytes).
    Removing gd32f4xx_rcu.o(.ARM.exidx.text.rcu_rtc_clock_config), (8 bytes).
    Removing gd32f4xx_rcu.o(.text.rcu_rtc_div_config), (36 bytes).
    Removing gd32f4xx_rcu.o(.ARM.exidx.text.rcu_rtc_div_config), (8 bytes).
    Removing gd32f4xx_rcu.o(.text.rcu_i2s_clock_config), (36 bytes).
    Removing gd32f4xx_rcu.o(.ARM.exidx.text.rcu_i2s_clock_config), (8 bytes).
    Removing gd32f4xx_rcu.o(.text.rcu_ck48m_clock_config), (36 bytes).
    Removing gd32f4xx_rcu.o(.ARM.exidx.text.rcu_ck48m_clock_config), (8 bytes).
    Removing gd32f4xx_rcu.o(.text.rcu_pll48m_clock_config), (36 bytes).
    Removing gd32f4xx_rcu.o(.ARM.exidx.text.rcu_pll48m_clock_config), (8 bytes).
    Removing gd32f4xx_rcu.o(.text.rcu_timer_clock_prescaler_config), (56 bytes).
    Removing gd32f4xx_rcu.o(.ARM.exidx.text.rcu_timer_clock_prescaler_config), (8 bytes).
    Removing gd32f4xx_rcu.o(.text.rcu_tli_clock_div_config), (36 bytes).
    Removing gd32f4xx_rcu.o(.ARM.exidx.text.rcu_tli_clock_div_config), (8 bytes).
    Removing gd32f4xx_rcu.o(.text.rcu_flag_get), (62 bytes).
    Removing gd32f4xx_rcu.o(.ARM.exidx.text.rcu_flag_get), (8 bytes).
    Removing gd32f4xx_rcu.o(.text.rcu_all_reset_flag_clear), (18 bytes).
    Removing gd32f4xx_rcu.o(.ARM.exidx.text.rcu_all_reset_flag_clear), (8 bytes).
    Removing gd32f4xx_rcu.o(.text.rcu_interrupt_flag_get), (62 bytes).
    Removing gd32f4xx_rcu.o(.ARM.exidx.text.rcu_interrupt_flag_get), (8 bytes).
    Removing gd32f4xx_rcu.o(.text.rcu_interrupt_flag_clear), (40 bytes).
    Removing gd32f4xx_rcu.o(.ARM.exidx.text.rcu_interrupt_flag_clear), (8 bytes).
    Removing gd32f4xx_rcu.o(.text.rcu_interrupt_enable), (40 bytes).
    Removing gd32f4xx_rcu.o(.ARM.exidx.text.rcu_interrupt_enable), (8 bytes).
    Removing gd32f4xx_rcu.o(.text.rcu_interrupt_disable), (40 bytes).
    Removing gd32f4xx_rcu.o(.ARM.exidx.text.rcu_interrupt_disable), (8 bytes).
    Removing gd32f4xx_rcu.o(.text.rcu_lxtal_drive_capability_config), (36 bytes).
    Removing gd32f4xx_rcu.o(.ARM.exidx.text.rcu_lxtal_drive_capability_config), (8 bytes).
    Removing gd32f4xx_rcu.o(.text.rcu_osci_on), (40 bytes).
    Removing gd32f4xx_rcu.o(.ARM.exidx.text.rcu_osci_on), (8 bytes).
    Removing gd32f4xx_rcu.o(.text.rcu_osci_off), (40 bytes).
    Removing gd32f4xx_rcu.o(.ARM.exidx.text.rcu_osci_off), (8 bytes).
    Removing gd32f4xx_rcu.o(.text.rcu_osci_bypass_mode_enable), (152 bytes).
    Removing gd32f4xx_rcu.o(.ARM.exidx.text.rcu_osci_bypass_mode_enable), (8 bytes).
    Removing gd32f4xx_rcu.o(.text.rcu_osci_bypass_mode_disable), (152 bytes).
    Removing gd32f4xx_rcu.o(.ARM.exidx.text.rcu_osci_bypass_mode_disable), (8 bytes).
    Removing gd32f4xx_rcu.o(.text.rcu_hxtal_clock_monitor_enable), (18 bytes).
    Removing gd32f4xx_rcu.o(.ARM.exidx.text.rcu_hxtal_clock_monitor_enable), (8 bytes).
    Removing gd32f4xx_rcu.o(.text.rcu_hxtal_clock_monitor_disable), (18 bytes).
    Removing gd32f4xx_rcu.o(.ARM.exidx.text.rcu_hxtal_clock_monitor_disable), (8 bytes).
    Removing gd32f4xx_rcu.o(.text.rcu_irc16m_adjust_value_set), (42 bytes).
    Removing gd32f4xx_rcu.o(.ARM.exidx.text.rcu_irc16m_adjust_value_set), (8 bytes).
    Removing gd32f4xx_rcu.o(.text.rcu_voltage_key_unlock), (20 bytes).
    Removing gd32f4xx_rcu.o(.ARM.exidx.text.rcu_voltage_key_unlock), (8 bytes).
    Removing gd32f4xx_rcu.o(.text.rcu_deepsleep_voltage_set), (28 bytes).
    Removing gd32f4xx_rcu.o(.ARM.exidx.text.rcu_deepsleep_voltage_set), (8 bytes).
    Removing gd32f4xx_rcu.o(.text.rcu_spread_spectrum_config), (50 bytes).
    Removing gd32f4xx_rcu.o(.ARM.exidx.text.rcu_spread_spectrum_config), (8 bytes).
    Removing gd32f4xx_rcu.o(.text.rcu_spread_spectrum_enable), (18 bytes).
    Removing gd32f4xx_rcu.o(.ARM.exidx.text.rcu_spread_spectrum_enable), (8 bytes).
    Removing gd32f4xx_rcu.o(.text.rcu_spread_spectrum_disable), (18 bytes).
    Removing gd32f4xx_rcu.o(.ARM.exidx.text.rcu_spread_spectrum_disable), (8 bytes).
    Removing gd32f4xx_rcu.o(.text.rcu_clock_freq_get), (354 bytes).
    Removing gd32f4xx_rcu.o(.ARM.exidx.text.rcu_clock_freq_get), (8 bytes).
    Removing gd32f4xx_rcu.o(.rodata.cst16), (16 bytes).
    Removing gd32f4xx_rcu.o(.rodata.cst8), (16 bytes).

198 unused section(s) (total 7124 bytes) removed from the image.

==============================================================================

Image Symbol Table

    Local Symbols

    Symbol Name                              Value     Ov Type        Size  Object(Section)

    ../clib/angel/boardlib.s                 0x00000000   Number         0  boardinit1.o ABSOLUTE
    ../clib/angel/boardlib.s                 0x00000000   Number         0  boardinit2.o ABSOLUTE
    ../clib/angel/boardlib.s                 0x00000000   Number         0  boardinit3.o ABSOLUTE
    ../clib/angel/boardlib.s                 0x00000000   Number         0  boardshut.o ABSOLUTE
    ../clib/angel/handlers.s                 0x00000000   Number         0  __scatter_zi.o ABSOLUTE
    ../clib/angel/kernel.s                   0x00000000   Number         0  __rtentry.o ABSOLUTE
    ../clib/angel/kernel.s                   0x00000000   Number         0  __rtentry2.o ABSOLUTE
    ../clib/angel/kernel.s                   0x00000000   Number         0  __rtentry4.o ABSOLUTE
    ../clib/angel/kernel.s                   0x00000000   Number         0  rtexit.o ABSOLUTE
    ../clib/angel/kernel.s                   0x00000000   Number         0  rtexit2.o ABSOLUTE
    ../clib/angel/rt.s                       0x00000000   Number         0  rt_raise.o ABSOLUTE
    ../clib/angel/scatter.s                  0x00000000   Number         0  __scatter.o ABSOLUTE
    ../clib/angel/startup.s                  0x00000000   Number         0  __main.o ABSOLUTE
    ../clib/angel/sys.s                      0x00000000   Number         0  sys_stackheap_outer.o ABSOLUTE
    ../clib/angel/sys.s                      0x00000000   Number         0  libspace.o ABSOLUTE
    ../clib/angel/sys.s                      0x00000000   Number         0  use_no_semi.o ABSOLUTE
    ../clib/angel/sys.s                      0x00000000   Number         0  indicate_semi.o ABSOLUTE
    ../clib/angel/sysapp.c                   0x00000000   Number         0  sys_exit.o ABSOLUTE
    ../clib/angel/sysapp.c                   0x00000000   Number         0  sys_exit_hlt.o ABSOLUTE
    ../clib/angel/sysapp.c                   0x00000000   Number         0  sys_command.o ABSOLUTE
    ../clib/angel/sysapp.c                   0x00000000   Number         0  sys_command_hlt.o ABSOLUTE
    ../clib/angel/sysapp.c                   0x00000000   Number         0  sys_wrch.o ABSOLUTE
    ../clib/angel/sysapp.c                   0x00000000   Number         0  sys_wrch_hlt.o ABSOLUTE
    ../clib/armsys.c                         0x00000000   Number         0  argv_veneer.o ABSOLUTE
    ../clib/armsys.c                         0x00000000   Number         0  argv_veneer.o ABSOLUTE
    ../clib/armsys.c                         0x00000000   Number         0  _get_argv_nomalloc.o ABSOLUTE
    ../clib/armsys.c                         0x00000000   Number         0  no_argv.o ABSOLUTE
    ../clib/heapalloc.c                      0x00000000   Number         0  hrguard.o ABSOLUTE
    ../clib/heapaux.c                        0x00000000   Number         0  heapauxi.o ABSOLUTE
    ../clib/libinit.s                        0x00000000   Number         0  libinit.o ABSOLUTE
    ../clib/libinit.s                        0x00000000   Number         0  libinit2.o ABSOLUTE
    ../clib/libinit.s                        0x00000000   Number         0  libshutdown.o ABSOLUTE
    ../clib/libinit.s                        0x00000000   Number         0  libshutdown2.o ABSOLUTE
    ../clib/signal.c                         0x00000000   Number         0  defsig_rtmem_outer.o ABSOLUTE
    ../clib/signal.c                         0x00000000   Number         0  defsig_rtmem_formal.o ABSOLUTE
    ../clib/signal.c                         0x00000000   Number         0  defsig_exit.o ABSOLUTE
    ../clib/signal.c                         0x00000000   Number         0  defsig_rtmem_inner.o ABSOLUTE
    ../clib/signal.c                         0x00000000   Number         0  __raise.o ABSOLUTE
    ../clib/signal.c                         0x00000000   Number         0  defsig_general.o ABSOLUTE
    ../clib/signal.c                         0x00000000   Number         0  defsig_abrt_inner.o ABSOLUTE
    ../clib/signal.c                         0x00000000   Number         0  defsig_fpe_inner.o ABSOLUTE
    ../clib/signal.c                         0x00000000   Number         0  defsig_rtred_inner.o ABSOLUTE
    ../clib/signal.c                         0x00000000   Number         0  defsig_stak_inner.o ABSOLUTE
    ../clib/signal.c                         0x00000000   Number         0  defsig_pvfn_inner.o ABSOLUTE
    ../clib/signal.c                         0x00000000   Number         0  defsig_cppl_inner.o ABSOLUTE
    ../clib/signal.c                         0x00000000   Number         0  defsig_segv_inner.o ABSOLUTE
    ../clib/signal.c                         0x00000000   Number         0  defsig_other.o ABSOLUTE
    ../clib/signal.s                         0x00000000   Number         0  defsig.o ABSOLUTE
    ../clib/stdlib.c                         0x00000000   Number         0  exit.o ABSOLUTE
    ../fplib/fpinit.s                        0x00000000   Number         0  fpinit.o ABSOLUTE
    RTE/Device/GD32F450ZK/startup_gd32f450_470.s 0x00000000   Number         0  startup_gd32f450_470.o ABSOLUTE
    dc.s                                     0x00000000   Number         0  dc.o ABSOLUTE
    gd32f4xx_gpio.c                          0x00000000   Number         0  gd32f4xx_gpio.o ABSOLUTE
    gd32f4xx_misc.c                          0x00000000   Number         0  gd32f4xx_misc.o ABSOLUTE
    gd32f4xx_pmu.c                           0x00000000   Number         0  gd32f4xx_pmu.o ABSOLUTE
    gd32f4xx_rcu.c                           0x00000000   Number         0  gd32f4xx_rcu.o ABSOLUTE
    main.c                                   0x00000000   Number         0  main.o ABSOLUTE
    system_gd32f4xx.c                        0x00000000   Number         0  system_gd32f4xx.o ABSOLUTE
    RESET                                    0x08000000   Section      428  startup_gd32f450_470.o(RESET)
    !!!main                                  0x080001ac   Section        8  __main.o(!!!main)
    !!!scatter                               0x080001b4   Section       52  __scatter.o(!!!scatter)
    !!handler_zi                             0x080001e8   Section       28  __scatter_zi.o(!!handler_zi)
    .ARM.Collect$$libinit$$00000000          0x08000204   Section        2  libinit.o(.ARM.Collect$$libinit$$00000000)
    .ARM.Collect$$libinit$$00000001          0x08000206   Section        4  libinit2.o(.ARM.Collect$$libinit$$00000001)
    .ARM.Collect$$libinit$$00000004          0x0800020a   Section        0  libinit2.o(.ARM.Collect$$libinit$$00000004)
    .ARM.Collect$$libinit$$0000000A          0x0800020a   Section        0  libinit2.o(.ARM.Collect$$libinit$$0000000A)
    .ARM.Collect$$libinit$$0000000C          0x0800020a   Section        0  libinit2.o(.ARM.Collect$$libinit$$0000000C)
    .ARM.Collect$$libinit$$0000000E          0x0800020a   Section        0  libinit2.o(.ARM.Collect$$libinit$$0000000E)
    .ARM.Collect$$libinit$$00000011          0x0800020a   Section        0  libinit2.o(.ARM.Collect$$libinit$$00000011)
    .ARM.Collect$$libinit$$00000013          0x0800020a   Section        0  libinit2.o(.ARM.Collect$$libinit$$00000013)
    .ARM.Collect$$libinit$$00000015          0x0800020a   Section        0  libinit2.o(.ARM.Collect$$libinit$$00000015)
    .ARM.Collect$$libinit$$00000017          0x0800020a   Section        0  libinit2.o(.ARM.Collect$$libinit$$00000017)
    .ARM.Collect$$libinit$$00000019          0x0800020a   Section        0  libinit2.o(.ARM.Collect$$libinit$$00000019)
    .ARM.Collect$$libinit$$0000001B          0x0800020a   Section        0  libinit2.o(.ARM.Collect$$libinit$$0000001B)
    .ARM.Collect$$libinit$$0000001D          0x0800020a   Section        0  libinit2.o(.ARM.Collect$$libinit$$0000001D)
    .ARM.Collect$$libinit$$0000001F          0x0800020a   Section        0  libinit2.o(.ARM.Collect$$libinit$$0000001F)
    .ARM.Collect$$libinit$$00000021          0x0800020a   Section        0  libinit2.o(.ARM.Collect$$libinit$$00000021)
    .ARM.Collect$$libinit$$00000023          0x0800020a   Section        0  libinit2.o(.ARM.Collect$$libinit$$00000023)
    .ARM.Collect$$libinit$$00000025          0x0800020a   Section        0  libinit2.o(.ARM.Collect$$libinit$$00000025)
    .ARM.Collect$$libinit$$0000002C          0x0800020a   Section        0  libinit2.o(.ARM.Collect$$libinit$$0000002C)
    .ARM.Collect$$libinit$$0000002E          0x0800020a   Section        0  libinit2.o(.ARM.Collect$$libinit$$0000002E)
    .ARM.Collect$$libinit$$00000030          0x0800020a   Section        0  libinit2.o(.ARM.Collect$$libinit$$00000030)
    .ARM.Collect$$libinit$$00000032          0x0800020a   Section        0  libinit2.o(.ARM.Collect$$libinit$$00000032)
    .ARM.Collect$$libinit$$00000033          0x0800020a   Section        2  libinit2.o(.ARM.Collect$$libinit$$00000033)
    .ARM.Collect$$libshutdown$$00000000      0x0800020c   Section        2  libshutdown.o(.ARM.Collect$$libshutdown$$00000000)
    .ARM.Collect$$libshutdown$$00000002      0x0800020e   Section        0  libshutdown2.o(.ARM.Collect$$libshutdown$$00000002)
    .ARM.Collect$$libshutdown$$00000004      0x0800020e   Section        0  libshutdown2.o(.ARM.Collect$$libshutdown$$00000004)
    .ARM.Collect$$libshutdown$$00000007      0x0800020e   Section        0  libshutdown2.o(.ARM.Collect$$libshutdown$$00000007)
    .ARM.Collect$$libshutdown$$0000000A      0x0800020e   Section        0  libshutdown2.o(.ARM.Collect$$libshutdown$$0000000A)
    .ARM.Collect$$libshutdown$$0000000C      0x0800020e   Section        0  libshutdown2.o(.ARM.Collect$$libshutdown$$0000000C)
    .ARM.Collect$$libshutdown$$0000000F      0x0800020e   Section        0  libshutdown2.o(.ARM.Collect$$libshutdown$$0000000F)
    .ARM.Collect$$libshutdown$$00000010      0x0800020e   Section        2  libshutdown2.o(.ARM.Collect$$libshutdown$$00000010)
    .ARM.Collect$$rtentry$$00000000          0x08000210   Section        0  __rtentry.o(.ARM.Collect$$rtentry$$00000000)
    .ARM.Collect$$rtentry$$00000002          0x08000210   Section        0  __rtentry2.o(.ARM.Collect$$rtentry$$00000002)
    .ARM.Collect$$rtentry$$00000004          0x08000210   Section        6  __rtentry4.o(.ARM.Collect$$rtentry$$00000004)
    .ARM.Collect$$rtentry$$00000009          0x08000216   Section        0  __rtentry2.o(.ARM.Collect$$rtentry$$00000009)
    .ARM.Collect$$rtentry$$0000000A          0x08000216   Section        4  __rtentry2.o(.ARM.Collect$$rtentry$$0000000A)
    .ARM.Collect$$rtentry$$0000000C          0x0800021a   Section        0  __rtentry2.o(.ARM.Collect$$rtentry$$0000000C)
    .ARM.Collect$$rtentry$$0000000D          0x0800021a   Section        8  __rtentry2.o(.ARM.Collect$$rtentry$$0000000D)
    .ARM.Collect$$rtexit$$00000000           0x08000222   Section        2  rtexit.o(.ARM.Collect$$rtexit$$00000000)
    .ARM.Collect$$rtexit$$00000002           0x08000224   Section        0  rtexit2.o(.ARM.Collect$$rtexit$$00000002)
    .ARM.Collect$$rtexit$$00000003           0x08000224   Section        4  rtexit2.o(.ARM.Collect$$rtexit$$00000003)
    .ARM.Collect$$rtexit$$00000004           0x08000228   Section        6  rtexit2.o(.ARM.Collect$$rtexit$$00000004)
    $v0                                      0x08000230   Number         0  startup_gd32f450_470.o(.text)
    .text                                    0x08000230   Section       64  startup_gd32f450_470.o(.text)
    .text                                    0x08000270   Section        0  heapauxi.o(.text)
    .text                                    0x08000276   Section       74  sys_stackheap_outer.o(.text)
    .text                                    0x080002c0   Section        0  exit.o(.text)
    .text                                    0x080002d4   Section        8  libspace.o(.text)
    .text                                    0x080002dc   Section        0  sys_exit.o(.text)
    .text                                    0x080002e8   Section        2  use_no_semi.o(.text)
    .text                                    0x080002ea   Section        0  indicate_semi.o(.text)
    [Anonymous Symbol]                       0x080002ec   Section        0  system_gd32f4xx.o(.text.SystemInit)
    [Anonymous Symbol]                       0x080003d4   Section        0  main.o(.text.main)
    system_clock_200m_25m_hxtal              0x080003e1   Thumb Code   350  system_gd32f4xx.o(.text.system_clock_200m_25m_hxtal)
    [Anonymous Symbol]                       0x080003e0   Section        0  system_gd32f4xx.o(.text.system_clock_200m_25m_hxtal)
    system_clock_config                      0x08000541   Thumb Code     8  system_gd32f4xx.o(.text.system_clock_config)
    [Anonymous Symbol]                       0x08000540   Section        0  system_gd32f4xx.o(.text.system_clock_config)
    $v0                                      0x08000548   Number         0  fpinit.o(x$fpl$fpinit)
    x$fpl$fpinit                             0x08000548   Section       26  fpinit.o(x$fpl$fpinit)
    .bss                                     0x20000000   Section       96  libspace.o(.bss)
    Heap_Mem                                 0x20000060   Data        1024  startup_gd32f450_470.o(HEAP)
    HEAP                                     0x20000060   Section     1024  startup_gd32f450_470.o(HEAP)
    Stack_Mem                                0x20000460   Data        1024  startup_gd32f450_470.o(STACK)
    STACK                                    0x20000460   Section     1024  startup_gd32f450_470.o(STACK)
    __initial_sp                             0x20000860   Data           0  startup_gd32f450_470.o(STACK)

    Global Symbols

    Symbol Name                              Value     Ov Type        Size  Object(Section)

    BuildAttributes$$THM_ISAv4$E$P$D$K$B$S$7EM$VFPi3$EXTD16$VFPS$VFMA$PE$A:L22UL41UL21$X:L11$S22US41US21$IEEE1$IW$~IW$USESV6$~STKCKD$USESV7$~SHL$OSPACE$ROPI$EBA8$UX$STANDARDLIB$REQ8$PRES8$EABIv2 0x00000000   Number         0  anon$$obj.o ABSOLUTE
    __ARM_exceptions_init                     - Undefined Weak Reference
    __alloca_initialize                       - Undefined Weak Reference
    __arm_preinit_                            - Undefined Weak Reference
    __cpp_initialize__aeabi_                  - Undefined Weak Reference
    __cxa_finalize                            - Undefined Weak Reference
    __rt_locale                               - Undefined Weak Reference
    __sigvec_lookup                           - Undefined Weak Reference
    _atexit_init                              - Undefined Weak Reference
    _call_atexit_fns                          - Undefined Weak Reference
    _clock_init                               - Undefined Weak Reference
    _fp_trap_init                             - Undefined Weak Reference
    _fp_trap_shutdown                         - Undefined Weak Reference
    _get_lc_collate                           - Undefined Weak Reference
    _get_lc_ctype                             - Undefined Weak Reference
    _get_lc_monetary                          - Undefined Weak Reference
    _get_lc_numeric                           - Undefined Weak Reference
    _get_lc_time                              - Undefined Weak Reference
    _getenv_init                              - Undefined Weak Reference
    _handle_redirection                       - Undefined Weak Reference
    _init_alloc                               - Undefined Weak Reference
    _init_user_alloc                          - Undefined Weak Reference
    _initio                                   - Undefined Weak Reference
    _rand_init                                - Undefined Weak Reference
    _signal_finish                            - Undefined Weak Reference
    _signal_init                              - Undefined Weak Reference
    _terminate_alloc                          - Undefined Weak Reference
    _terminate_user_alloc                     - Undefined Weak Reference
    _terminateio                              - Undefined Weak Reference
    __Vectors_Size                           0x000001ac   Number         0  startup_gd32f450_470.o ABSOLUTE
    __Vectors                                0x08000000   Data           4  startup_gd32f450_470.o(RESET)
    __Vectors_End                            0x080001ac   Data           0  startup_gd32f450_470.o(RESET)
    __main                                   0x080001ad   Thumb Code     8  __main.o(!!!main)
    __scatterload                            0x080001b5   Thumb Code     0  __scatter.o(!!!scatter)
    __scatterload_rt2                        0x080001b5   Thumb Code    44  __scatter.o(!!!scatter)
    __scatterload_rt2_thumb_only             0x080001b5   Thumb Code     0  __scatter.o(!!!scatter)
    __scatterload_null                       0x080001c3   Thumb Code     0  __scatter.o(!!!scatter)
    __scatterload_zeroinit                   0x080001e9   Thumb Code    28  __scatter_zi.o(!!handler_zi)
    __rt_lib_init                            0x08000205   Thumb Code     0  libinit.o(.ARM.Collect$$libinit$$00000000)
    __rt_lib_init_fp_1                       0x08000207   Thumb Code     0  libinit2.o(.ARM.Collect$$libinit$$00000001)
    __rt_lib_init_alloca_1                   0x0800020b   Thumb Code     0  libinit2.o(.ARM.Collect$$libinit$$0000002E)
    __rt_lib_init_argv_1                     0x0800020b   Thumb Code     0  libinit2.o(.ARM.Collect$$libinit$$0000002C)
    __rt_lib_init_atexit_1                   0x0800020b   Thumb Code     0  libinit2.o(.ARM.Collect$$libinit$$0000001B)
    __rt_lib_init_clock_1                    0x0800020b   Thumb Code     0  libinit2.o(.ARM.Collect$$libinit$$00000021)
    __rt_lib_init_cpp_1                      0x0800020b   Thumb Code     0  libinit2.o(.ARM.Collect$$libinit$$00000032)
    __rt_lib_init_exceptions_1               0x0800020b   Thumb Code     0  libinit2.o(.ARM.Collect$$libinit$$00000030)
    __rt_lib_init_fp_trap_1                  0x0800020b   Thumb Code     0  libinit2.o(.ARM.Collect$$libinit$$0000001F)
    __rt_lib_init_getenv_1                   0x0800020b   Thumb Code     0  libinit2.o(.ARM.Collect$$libinit$$00000023)
    __rt_lib_init_heap_1                     0x0800020b   Thumb Code     0  libinit2.o(.ARM.Collect$$libinit$$0000000A)
    __rt_lib_init_lc_collate_1               0x0800020b   Thumb Code     0  libinit2.o(.ARM.Collect$$libinit$$00000011)
    __rt_lib_init_lc_ctype_1                 0x0800020b   Thumb Code     0  libinit2.o(.ARM.Collect$$libinit$$00000013)
    __rt_lib_init_lc_monetary_1              0x0800020b   Thumb Code     0  libinit2.o(.ARM.Collect$$libinit$$00000015)
    __rt_lib_init_lc_numeric_1               0x0800020b   Thumb Code     0  libinit2.o(.ARM.Collect$$libinit$$00000017)
    __rt_lib_init_lc_time_1                  0x0800020b   Thumb Code     0  libinit2.o(.ARM.Collect$$libinit$$00000019)
    __rt_lib_init_preinit_1                  0x0800020b   Thumb Code     0  libinit2.o(.ARM.Collect$$libinit$$00000004)
    __rt_lib_init_rand_1                     0x0800020b   Thumb Code     0  libinit2.o(.ARM.Collect$$libinit$$0000000E)
    __rt_lib_init_return                     0x0800020b   Thumb Code     0  libinit2.o(.ARM.Collect$$libinit$$00000033)
    __rt_lib_init_signal_1                   0x0800020b   Thumb Code     0  libinit2.o(.ARM.Collect$$libinit$$0000001D)
    __rt_lib_init_stdio_1                    0x0800020b   Thumb Code     0  libinit2.o(.ARM.Collect$$libinit$$00000025)
    __rt_lib_init_user_alloc_1               0x0800020b   Thumb Code     0  libinit2.o(.ARM.Collect$$libinit$$0000000C)
    __rt_lib_shutdown                        0x0800020d   Thumb Code     0  libshutdown.o(.ARM.Collect$$libshutdown$$00000000)
    __rt_lib_shutdown_cpp_1                  0x0800020f   Thumb Code     0  libshutdown2.o(.ARM.Collect$$libshutdown$$00000002)
    __rt_lib_shutdown_fp_trap_1              0x0800020f   Thumb Code     0  libshutdown2.o(.ARM.Collect$$libshutdown$$00000007)
    __rt_lib_shutdown_heap_1                 0x0800020f   Thumb Code     0  libshutdown2.o(.ARM.Collect$$libshutdown$$0000000F)
    __rt_lib_shutdown_return                 0x0800020f   Thumb Code     0  libshutdown2.o(.ARM.Collect$$libshutdown$$00000010)
    __rt_lib_shutdown_signal_1               0x0800020f   Thumb Code     0  libshutdown2.o(.ARM.Collect$$libshutdown$$0000000A)
    __rt_lib_shutdown_stdio_1                0x0800020f   Thumb Code     0  libshutdown2.o(.ARM.Collect$$libshutdown$$00000004)
    __rt_lib_shutdown_user_alloc_1           0x0800020f   Thumb Code     0  libshutdown2.o(.ARM.Collect$$libshutdown$$0000000C)
    __rt_entry                               0x08000211   Thumb Code     0  __rtentry.o(.ARM.Collect$$rtentry$$00000000)
    __rt_entry_presh_1                       0x08000211   Thumb Code     0  __rtentry2.o(.ARM.Collect$$rtentry$$00000002)
    __rt_entry_sh                            0x08000211   Thumb Code     0  __rtentry4.o(.ARM.Collect$$rtentry$$00000004)
    __rt_entry_li                            0x08000217   Thumb Code     0  __rtentry2.o(.ARM.Collect$$rtentry$$0000000A)
    __rt_entry_postsh_1                      0x08000217   Thumb Code     0  __rtentry2.o(.ARM.Collect$$rtentry$$00000009)
    __rt_entry_main                          0x0800021b   Thumb Code     0  __rtentry2.o(.ARM.Collect$$rtentry$$0000000D)
    __rt_entry_postli_1                      0x0800021b   Thumb Code     0  __rtentry2.o(.ARM.Collect$$rtentry$$0000000C)
    __rt_exit                                0x08000223   Thumb Code     0  rtexit.o(.ARM.Collect$$rtexit$$00000000)
    __rt_exit_ls                             0x08000225   Thumb Code     0  rtexit2.o(.ARM.Collect$$rtexit$$00000003)
    __rt_exit_prels_1                        0x08000225   Thumb Code     0  rtexit2.o(.ARM.Collect$$rtexit$$00000002)
    __rt_exit_exit                           0x08000229   Thumb Code     0  rtexit2.o(.ARM.Collect$$rtexit$$00000004)
    Reset_Handler                            0x08000231   Thumb Code     8  startup_gd32f450_470.o(.text)
    NMI_Handler                              0x08000239   Thumb Code     2  startup_gd32f450_470.o(.text)
    HardFault_Handler                        0x0800023b   Thumb Code     2  startup_gd32f450_470.o(.text)
    MemManage_Handler                        0x0800023d   Thumb Code     2  startup_gd32f450_470.o(.text)
    BusFault_Handler                         0x0800023f   Thumb Code     2  startup_gd32f450_470.o(.text)
    UsageFault_Handler                       0x08000241   Thumb Code     2  startup_gd32f450_470.o(.text)
    SVC_Handler                              0x08000243   Thumb Code     2  startup_gd32f450_470.o(.text)
    DebugMon_Handler                         0x08000245   Thumb Code     2  startup_gd32f450_470.o(.text)
    PendSV_Handler                           0x08000247   Thumb Code     2  startup_gd32f450_470.o(.text)
    SysTick_Handler                          0x08000249   Thumb Code     2  startup_gd32f450_470.o(.text)
    ADC_IRQHandler                           0x0800024b   Thumb Code     0  startup_gd32f450_470.o(.text)
    CAN0_EWMC_IRQHandler                     0x0800024b   Thumb Code     0  startup_gd32f450_470.o(.text)
    CAN0_RX0_IRQHandler                      0x0800024b   Thumb Code     0  startup_gd32f450_470.o(.text)
    CAN0_RX1_IRQHandler                      0x0800024b   Thumb Code     0  startup_gd32f450_470.o(.text)
    CAN0_TX_IRQHandler                       0x0800024b   Thumb Code     0  startup_gd32f450_470.o(.text)
    CAN1_EWMC_IRQHandler                     0x0800024b   Thumb Code     0  startup_gd32f450_470.o(.text)
    CAN1_RX0_IRQHandler                      0x0800024b   Thumb Code     0  startup_gd32f450_470.o(.text)
    CAN1_RX1_IRQHandler                      0x0800024b   Thumb Code     0  startup_gd32f450_470.o(.text)
    CAN1_TX_IRQHandler                       0x0800024b   Thumb Code     0  startup_gd32f450_470.o(.text)
    DCI_IRQHandler                           0x0800024b   Thumb Code     0  startup_gd32f450_470.o(.text)
    DMA0_Channel0_IRQHandler                 0x0800024b   Thumb Code     0  startup_gd32f450_470.o(.text)
    DMA0_Channel1_IRQHandler                 0x0800024b   Thumb Code     0  startup_gd32f450_470.o(.text)
    DMA0_Channel2_IRQHandler                 0x0800024b   Thumb Code     0  startup_gd32f450_470.o(.text)
    DMA0_Channel3_IRQHandler                 0x0800024b   Thumb Code     0  startup_gd32f450_470.o(.text)
    DMA0_Channel4_IRQHandler                 0x0800024b   Thumb Code     0  startup_gd32f450_470.o(.text)
    DMA0_Channel5_IRQHandler                 0x0800024b   Thumb Code     0  startup_gd32f450_470.o(.text)
    DMA0_Channel6_IRQHandler                 0x0800024b   Thumb Code     0  startup_gd32f450_470.o(.text)
    DMA0_Channel7_IRQHandler                 0x0800024b   Thumb Code     0  startup_gd32f450_470.o(.text)
    DMA1_Channel0_IRQHandler                 0x0800024b   Thumb Code     0  startup_gd32f450_470.o(.text)
    DMA1_Channel1_IRQHandler                 0x0800024b   Thumb Code     0  startup_gd32f450_470.o(.text)
    DMA1_Channel2_IRQHandler                 0x0800024b   Thumb Code     0  startup_gd32f450_470.o(.text)
    DMA1_Channel3_IRQHandler                 0x0800024b   Thumb Code     0  startup_gd32f450_470.o(.text)
    DMA1_Channel4_IRQHandler                 0x0800024b   Thumb Code     0  startup_gd32f450_470.o(.text)
    DMA1_Channel5_IRQHandler                 0x0800024b   Thumb Code     0  startup_gd32f450_470.o(.text)
    DMA1_Channel6_IRQHandler                 0x0800024b   Thumb Code     0  startup_gd32f450_470.o(.text)
    DMA1_Channel7_IRQHandler                 0x0800024b   Thumb Code     0  startup_gd32f450_470.o(.text)
    ENET_IRQHandler                          0x0800024b   Thumb Code     0  startup_gd32f450_470.o(.text)
    ENET_WKUP_IRQHandler                     0x0800024b   Thumb Code     0  startup_gd32f450_470.o(.text)
    EXMC_IRQHandler                          0x0800024b   Thumb Code     0  startup_gd32f450_470.o(.text)
    EXTI0_IRQHandler                         0x0800024b   Thumb Code     0  startup_gd32f450_470.o(.text)
    EXTI10_15_IRQHandler                     0x0800024b   Thumb Code     0  startup_gd32f450_470.o(.text)
    EXTI1_IRQHandler                         0x0800024b   Thumb Code     0  startup_gd32f450_470.o(.text)
    EXTI2_IRQHandler                         0x0800024b   Thumb Code     0  startup_gd32f450_470.o(.text)
    EXTI3_IRQHandler                         0x0800024b   Thumb Code     0  startup_gd32f450_470.o(.text)
    EXTI4_IRQHandler                         0x0800024b   Thumb Code     0  startup_gd32f450_470.o(.text)
    EXTI5_9_IRQHandler                       0x0800024b   Thumb Code     0  startup_gd32f450_470.o(.text)
    FMC_IRQHandler                           0x0800024b   Thumb Code     0  startup_gd32f450_470.o(.text)
    FPU_IRQHandler                           0x0800024b   Thumb Code     0  startup_gd32f450_470.o(.text)
    I2C0_ER_IRQHandler                       0x0800024b   Thumb Code     0  startup_gd32f450_470.o(.text)
    I2C0_EV_IRQHandler                       0x0800024b   Thumb Code     0  startup_gd32f450_470.o(.text)
    I2C1_ER_IRQHandler                       0x0800024b   Thumb Code     0  startup_gd32f450_470.o(.text)
    I2C1_EV_IRQHandler                       0x0800024b   Thumb Code     0  startup_gd32f450_470.o(.text)
    I2C2_ER_IRQHandler                       0x0800024b   Thumb Code     0  startup_gd32f450_470.o(.text)
    I2C2_EV_IRQHandler                       0x0800024b   Thumb Code     0  startup_gd32f450_470.o(.text)
    IPA_IRQHandler                           0x0800024b   Thumb Code     0  startup_gd32f450_470.o(.text)
    LVD_IRQHandler                           0x0800024b   Thumb Code     0  startup_gd32f450_470.o(.text)
    RCU_CTC_IRQHandler                       0x0800024b   Thumb Code     0  startup_gd32f450_470.o(.text)
    RTC_Alarm_IRQHandler                     0x0800024b   Thumb Code     0  startup_gd32f450_470.o(.text)
    RTC_WKUP_IRQHandler                      0x0800024b   Thumb Code     0  startup_gd32f450_470.o(.text)
    SDIO_IRQHandler                          0x0800024b   Thumb Code     0  startup_gd32f450_470.o(.text)
    SPI0_IRQHandler                          0x0800024b   Thumb Code     0  startup_gd32f450_470.o(.text)
    SPI1_IRQHandler                          0x0800024b   Thumb Code     0  startup_gd32f450_470.o(.text)
    SPI2_IRQHandler                          0x0800024b   Thumb Code     0  startup_gd32f450_470.o(.text)
    SPI3_IRQHandler                          0x0800024b   Thumb Code     0  startup_gd32f450_470.o(.text)
    SPI4_IRQHandler                          0x0800024b   Thumb Code     0  startup_gd32f450_470.o(.text)
    SPI5_IRQHandler                          0x0800024b   Thumb Code     0  startup_gd32f450_470.o(.text)
    TAMPER_STAMP_IRQHandler                  0x0800024b   Thumb Code     0  startup_gd32f450_470.o(.text)
    TIMER0_BRK_TIMER8_IRQHandler             0x0800024b   Thumb Code     0  startup_gd32f450_470.o(.text)
    TIMER0_Channel_IRQHandler                0x0800024b   Thumb Code     0  startup_gd32f450_470.o(.text)
    TIMER0_TRG_CMT_TIMER10_IRQHandler        0x0800024b   Thumb Code     0  startup_gd32f450_470.o(.text)
    TIMER0_UP_TIMER9_IRQHandler              0x0800024b   Thumb Code     0  startup_gd32f450_470.o(.text)
    TIMER1_IRQHandler                        0x0800024b   Thumb Code     0  startup_gd32f450_470.o(.text)
    TIMER2_IRQHandler                        0x0800024b   Thumb Code     0  startup_gd32f450_470.o(.text)
    TIMER3_IRQHandler                        0x0800024b   Thumb Code     0  startup_gd32f450_470.o(.text)
    TIMER4_IRQHandler                        0x0800024b   Thumb Code     0  startup_gd32f450_470.o(.text)
    TIMER5_DAC_IRQHandler                    0x0800024b   Thumb Code     0  startup_gd32f450_470.o(.text)
    TIMER6_IRQHandler                        0x0800024b   Thumb Code     0  startup_gd32f450_470.o(.text)
    TIMER7_BRK_TIMER11_IRQHandler            0x0800024b   Thumb Code     0  startup_gd32f450_470.o(.text)
    TIMER7_Channel_IRQHandler                0x0800024b   Thumb Code     0  startup_gd32f450_470.o(.text)
    TIMER7_TRG_CMT_TIMER13_IRQHandler        0x0800024b   Thumb Code     0  startup_gd32f450_470.o(.text)
    TIMER7_UP_TIMER12_IRQHandler             0x0800024b   Thumb Code     0  startup_gd32f450_470.o(.text)
    TLI_ER_IRQHandler                        0x0800024b   Thumb Code     0  startup_gd32f450_470.o(.text)
    TLI_IRQHandler                           0x0800024b   Thumb Code     0  startup_gd32f450_470.o(.text)
    TRNG_IRQHandler                          0x0800024b   Thumb Code     0  startup_gd32f450_470.o(.text)
    UART3_IRQHandler                         0x0800024b   Thumb Code     0  startup_gd32f450_470.o(.text)
    UART4_IRQHandler                         0x0800024b   Thumb Code     0  startup_gd32f450_470.o(.text)
    UART6_IRQHandler                         0x0800024b   Thumb Code     0  startup_gd32f450_470.o(.text)
    UART7_IRQHandler                         0x0800024b   Thumb Code     0  startup_gd32f450_470.o(.text)
    USART0_IRQHandler                        0x0800024b   Thumb Code     0  startup_gd32f450_470.o(.text)
    USART1_IRQHandler                        0x0800024b   Thumb Code     0  startup_gd32f450_470.o(.text)
    USART2_IRQHandler                        0x0800024b   Thumb Code     0  startup_gd32f450_470.o(.text)
    USART5_IRQHandler                        0x0800024b   Thumb Code     0  startup_gd32f450_470.o(.text)
    USBFS_IRQHandler                         0x0800024b   Thumb Code     0  startup_gd32f450_470.o(.text)
    USBFS_WKUP_IRQHandler                    0x0800024b   Thumb Code     0  startup_gd32f450_470.o(.text)
    USBHS_EP1_In_IRQHandler                  0x0800024b   Thumb Code     0  startup_gd32f450_470.o(.text)
    USBHS_EP1_Out_IRQHandler                 0x0800024b   Thumb Code     0  startup_gd32f450_470.o(.text)
    USBHS_IRQHandler                         0x0800024b   Thumb Code     0  startup_gd32f450_470.o(.text)
    USBHS_WKUP_IRQHandler                    0x0800024b   Thumb Code     0  startup_gd32f450_470.o(.text)
    WWDGT_IRQHandler                         0x0800024b   Thumb Code     0  startup_gd32f450_470.o(.text)
    __user_initial_stackheap                 0x0800024d   Thumb Code    10  startup_gd32f450_470.o(.text)
    __use_two_region_memory                  0x08000271   Thumb Code     2  heapauxi.o(.text)
    __rt_heap_escrow$2region                 0x08000273   Thumb Code     2  heapauxi.o(.text)
    __rt_heap_expand$2region                 0x08000275   Thumb Code     2  heapauxi.o(.text)
    __user_setup_stackheap                   0x08000277   Thumb Code    74  sys_stackheap_outer.o(.text)
    exit                                     0x080002c1   Thumb Code    18  exit.o(.text)
    __user_libspace                          0x080002d5   Thumb Code     8  libspace.o(.text)
    __user_perproc_libspace                  0x080002d5   Thumb Code     0  libspace.o(.text)
    __user_perthread_libspace                0x080002d5   Thumb Code     0  libspace.o(.text)
    _sys_exit                                0x080002dd   Thumb Code     8  sys_exit.o(.text)
    __I$use$semihosting                      0x080002e9   Thumb Code     0  use_no_semi.o(.text)
    __use_no_semihosting_swi                 0x080002e9   Thumb Code     2  use_no_semi.o(.text)
    __semihosting_library_function           0x080002eb   Thumb Code     0  indicate_semi.o(.text)
    SystemInit                               0x080002ed   Thumb Code   232  system_gd32f4xx.o(.text.SystemInit)
    main                                     0x080003d5   Thumb Code    10  main.o(.text.main)
    _fp_init                                 0x08000549   Thumb Code    26  fpinit.o(x$fpl$fpinit)
    __fplib_config_fpu_vfp                   0x08000561   Thumb Code     0  fpinit.o(x$fpl$fpinit)
    __fplib_config_pureend_doubles           0x08000561   Thumb Code     0  fpinit.o(x$fpl$fpinit)
    Region$$Table$$Base                      0x08000564   Number         0  anon$$obj.o(Region$$Table)
    Region$$Table$$Limit                     0x08000574   Number         0  anon$$obj.o(Region$$Table)
    __libspace_start                         0x20000000   Data          96  libspace.o(.bss)
    __temporary_stack_top$libspace           0x20000060   Data           0  libspace.o(.bss)



==============================================================================

Memory Map of the image

  Image Entry point : 0x080001ad

  Load Region LR_IROM1 (Base: 0x08000000, Size: 0x00000574, Max: 0x00300000, ABSOLUTE)

    Execution Region ER_IROM1 (Exec base: 0x08000000, Load base: 0x08000000, Size: 0x00000574, Max: 0x00300000, ABSOLUTE)

    Exec Addr    Load Addr    Size         Type   Attr      Idx    E Section Name        Object

    0x08000000   0x08000000   0x000001ac   Data   RO           12    RESET               startup_gd32f450_470.o
    0x080001ac   0x080001ac   0x00000008   Code   RO          251  * !!!main             c_w.l(__main.o)
    0x080001b4   0x080001b4   0x00000034   Code   RO          414    !!!scatter          c_w.l(__scatter.o)
    0x080001e8   0x080001e8   0x0000001c   Code   RO          416    !!handler_zi        c_w.l(__scatter_zi.o)
    0x08000204   0x08000204   0x00000002   Code   RO          278    .ARM.Collect$$libinit$$00000000  c_w.l(libinit.o)
    0x08000206   0x08000206   0x00000004   Code   RO          284    .ARM.Collect$$libinit$$00000001  c_w.l(libinit2.o)
    0x0800020a   0x0800020a   0x00000000   Code   RO          287    .ARM.Collect$$libinit$$00000004  c_w.l(libinit2.o)
    0x0800020a   0x0800020a   0x00000000   Code   RO          290    .ARM.Collect$$libinit$$0000000A  c_w.l(libinit2.o)
    0x0800020a   0x0800020a   0x00000000   Code   RO          292    .ARM.Collect$$libinit$$0000000C  c_w.l(libinit2.o)
    0x0800020a   0x0800020a   0x00000000   Code   RO          294    .ARM.Collect$$libinit$$0000000E  c_w.l(libinit2.o)
    0x0800020a   0x0800020a   0x00000000   Code   RO          297    .ARM.Collect$$libinit$$00000011  c_w.l(libinit2.o)
    0x0800020a   0x0800020a   0x00000000   Code   RO          299    .ARM.Collect$$libinit$$00000013  c_w.l(libinit2.o)
    0x0800020a   0x0800020a   0x00000000   Code   RO          301    .ARM.Collect$$libinit$$00000015  c_w.l(libinit2.o)
    0x0800020a   0x0800020a   0x00000000   Code   RO          303    .ARM.Collect$$libinit$$00000017  c_w.l(libinit2.o)
    0x0800020a   0x0800020a   0x00000000   Code   RO          305    .ARM.Collect$$libinit$$00000019  c_w.l(libinit2.o)
    0x0800020a   0x0800020a   0x00000000   Code   RO          307    .ARM.Collect$$libinit$$0000001B  c_w.l(libinit2.o)
    0x0800020a   0x0800020a   0x00000000   Code   RO          309    .ARM.Collect$$libinit$$0000001D  c_w.l(libinit2.o)
    0x0800020a   0x0800020a   0x00000000   Code   RO          311    .ARM.Collect$$libinit$$0000001F  c_w.l(libinit2.o)
    0x0800020a   0x0800020a   0x00000000   Code   RO          313    .ARM.Collect$$libinit$$00000021  c_w.l(libinit2.o)
    0x0800020a   0x0800020a   0x00000000   Code   RO          315    .ARM.Collect$$libinit$$00000023  c_w.l(libinit2.o)
    0x0800020a   0x0800020a   0x00000000   Code   RO          317    .ARM.Collect$$libinit$$00000025  c_w.l(libinit2.o)
    0x0800020a   0x0800020a   0x00000000   Code   RO          321    .ARM.Collect$$libinit$$0000002C  c_w.l(libinit2.o)
    0x0800020a   0x0800020a   0x00000000   Code   RO          323    .ARM.Collect$$libinit$$0000002E  c_w.l(libinit2.o)
    0x0800020a   0x0800020a   0x00000000   Code   RO          325    .ARM.Collect$$libinit$$00000030  c_w.l(libinit2.o)
    0x0800020a   0x0800020a   0x00000000   Code   RO          327    .ARM.Collect$$libinit$$00000032  c_w.l(libinit2.o)
    0x0800020a   0x0800020a   0x00000002   Code   RO          328    .ARM.Collect$$libinit$$00000033  c_w.l(libinit2.o)
    0x0800020c   0x0800020c   0x00000002   Code   RO          350    .ARM.Collect$$libshutdown$$00000000  c_w.l(libshutdown.o)
    0x0800020e   0x0800020e   0x00000000   Code   RO          365    .ARM.Collect$$libshutdown$$00000002  c_w.l(libshutdown2.o)
    0x0800020e   0x0800020e   0x00000000   Code   RO          367    .ARM.Collect$$libshutdown$$00000004  c_w.l(libshutdown2.o)
    0x0800020e   0x0800020e   0x00000000   Code   RO          370    .ARM.Collect$$libshutdown$$00000007  c_w.l(libshutdown2.o)
    0x0800020e   0x0800020e   0x00000000   Code   RO          373    .ARM.Collect$$libshutdown$$0000000A  c_w.l(libshutdown2.o)
    0x0800020e   0x0800020e   0x00000000   Code   RO          375    .ARM.Collect$$libshutdown$$0000000C  c_w.l(libshutdown2.o)
    0x0800020e   0x0800020e   0x00000000   Code   RO          378    .ARM.Collect$$libshutdown$$0000000F  c_w.l(libshutdown2.o)
    0x0800020e   0x0800020e   0x00000002   Code   RO          379    .ARM.Collect$$libshutdown$$00000010  c_w.l(libshutdown2.o)
    0x08000210   0x08000210   0x00000000   Code   RO          253    .ARM.Collect$$rtentry$$00000000  c_w.l(__rtentry.o)
    0x08000210   0x08000210   0x00000000   Code   RO          255    .ARM.Collect$$rtentry$$00000002  c_w.l(__rtentry2.o)
    0x08000210   0x08000210   0x00000006   Code   RO          267    .ARM.Collect$$rtentry$$00000004  c_w.l(__rtentry4.o)
    0x08000216   0x08000216   0x00000000   Code   RO          257    .ARM.Collect$$rtentry$$00000009  c_w.l(__rtentry2.o)
    0x08000216   0x08000216   0x00000004   Code   RO          258    .ARM.Collect$$rtentry$$0000000A  c_w.l(__rtentry2.o)
    0x0800021a   0x0800021a   0x00000000   Code   RO          260    .ARM.Collect$$rtentry$$0000000C  c_w.l(__rtentry2.o)
    0x0800021a   0x0800021a   0x00000008   Code   RO          261    .ARM.Collect$$rtentry$$0000000D  c_w.l(__rtentry2.o)
    0x08000222   0x08000222   0x00000002   Code   RO          282    .ARM.Collect$$rtexit$$00000000  c_w.l(rtexit.o)
    0x08000224   0x08000224   0x00000000   Code   RO          330    .ARM.Collect$$rtexit$$00000002  c_w.l(rtexit2.o)
    0x08000224   0x08000224   0x00000004   Code   RO          331    .ARM.Collect$$rtexit$$00000003  c_w.l(rtexit2.o)
    0x08000228   0x08000228   0x00000006   Code   RO          332    .ARM.Collect$$rtexit$$00000004  c_w.l(rtexit2.o)
    0x0800022e   0x0800022e   0x00000002   PAD
    0x08000230   0x08000230   0x00000040   Code   RO           13    .text               startup_gd32f450_470.o
    0x08000270   0x08000270   0x00000006   Code   RO          249    .text               c_w.l(heapauxi.o)
    0x08000276   0x08000276   0x0000004a   Code   RO          269    .text               c_w.l(sys_stackheap_outer.o)
    0x080002c0   0x080002c0   0x00000012   Code   RO          271    .text               c_w.l(exit.o)
    0x080002d2   0x080002d2   0x00000002   PAD
    0x080002d4   0x080002d4   0x00000008   Code   RO          279    .text               c_w.l(libspace.o)
    0x080002dc   0x080002dc   0x0000000c   Code   RO          340    .text               c_w.l(sys_exit.o)
    0x080002e8   0x080002e8   0x00000002   Code   RO          355    .text               c_w.l(use_no_semi.o)
    0x080002ea   0x080002ea   0x00000000   Code   RO          357    .text               c_w.l(indicate_semi.o)
    0x080002ea   0x080002ea   0x00000002   PAD
    0x080002ec   0x080002ec   0x000000e8   Code   RO           20    .text.SystemInit    system_gd32f4xx.o
    0x080003d4   0x080003d4   0x0000000a   Code   RO            2    .text.main          main.o
    0x080003de   0x080003de   0x00000002   PAD
    0x080003e0   0x080003e0   0x0000015e   Code   RO           26    .text.system_clock_200m_25m_hxtal  system_gd32f4xx.o
    0x0800053e   0x0800053e   0x00000002   PAD
    0x08000540   0x08000540   0x00000008   Code   RO           22    .text.system_clock_config  system_gd32f4xx.o
    0x08000548   0x08000548   0x0000001a   Code   RO          338    x$fpl$fpinit        fz_wm.l(fpinit.o)
    0x08000562   0x08000562   0x00000002   PAD
    0x08000564   0x08000564   0x00000010   Data   RO          413    Region$$Table       anon$$obj.o


    Execution Region RW_IRAM1 (Exec base: 0x20000000, Load base: 0x08000574, Size: 0x00000860, Max: 0x00030000, ABSOLUTE)

    Exec Addr    Load Addr    Size         Type   Attr      Idx    E Section Name        Object

    0x20000000        -       0x00000060   Zero   RW          280    .bss                c_w.l(libspace.o)
    0x20000060        -       0x00000400   Zero   RW           11    HEAP                startup_gd32f450_470.o
    0x20000460        -       0x00000400   Zero   RW           10    STACK               startup_gd32f450_470.o


==============================================================================

Image component sizes


      Code (inc. data)   RO Data    RW Data    ZI Data      Debug   Object Name

        10          0          0          0          0        341   main.o
        64         26        428          0       2048        928   startup_gd32f450_470.o
       590          0          0          0          0       2466   system_gd32f4xx.o

    ----------------------------------------------------------------------
       668         26        444          0       2048       3735   Object Totals
         0          0         16          0          0          0   (incl. Generated)
         4          0          0          0          0          0   (incl. Padding)

    ----------------------------------------------------------------------

      Code (inc. data)   RO Data    RW Data    ZI Data      Debug   Library Member Name

         8          0          0          0          0         68   __main.o
         0          0          0          0          0          0   __rtentry.o
        12          0          0          0          0          0   __rtentry2.o
         6          0          0          0          0          0   __rtentry4.o
        52          8          0          0          0          0   __scatter.o
        28          0          0          0          0          0   __scatter_zi.o
        18          0          0          0          0         80   exit.o
         6          0          0          0          0        152   heapauxi.o
         0          0          0          0          0          0   indicate_semi.o
         2          0          0          0          0          0   libinit.o
         6          0          0          0          0          0   libinit2.o
         2          0          0          0          0          0   libshutdown.o
         2          0          0          0          0          0   libshutdown2.o
         8          4          0          0         96         68   libspace.o
         2          0          0          0          0          0   rtexit.o
        10          0          0          0          0          0   rtexit2.o
        12          4          0          0          0         68   sys_exit.o
        74          0          0          0          0         80   sys_stackheap_outer.o
         2          0          0          0          0         68   use_no_semi.o
        26          0          0          0          0        116   fpinit.o

    ----------------------------------------------------------------------
       284         16          0          0         96        700   Library Totals
         8          0          0          0          0          0   (incl. Padding)

    ----------------------------------------------------------------------

      Code (inc. data)   RO Data    RW Data    ZI Data      Debug   Library Name

       250         16          0          0         96        584   c_w.l
        26          0          0          0          0        116   fz_wm.l

    ----------------------------------------------------------------------
       284         16          0          0         96        700   Library Totals

    ----------------------------------------------------------------------

==============================================================================


      Code (inc. data)   RO Data    RW Data    ZI Data      Debug   

       952         42        444          0       2144       4191   Grand Totals
       952         42        444          0       2144       4191   ELF Image Totals
       952         42        444          0          0          0   ROM Totals

==============================================================================

    Total RO  Size (Code + RO Data)                 1396 (   1.36kB)
    Total RW  Size (RW Data + ZI Data)              2144 (   2.09kB)
    Total ROM Size (Code + RO Data + RW Data)       1396 (   1.36kB)

==============================================================================

