Component: ARM Compiler 6.16 Tool: armlink [5dfeaa00]

==============================================================================

Section Cross References

    main.o(.text.main) refers to 454software.o(.text.init_454) for init_454
    main.o(.text.main) refers to 454software.o(.text.send_motor_control_frame) for send_motor_control_frame
    main.o(.text.main) refers to main.o(.rodata.str1.1) for .L.str
    main.o(.text.main) refers to 454software.o(.text.log_454) for log_454
    main.o(.text.main) refers to gd32f4xx_usart.o(.text.usart_flag_get) for usart_flag_get
    main.o(.text.main) refers to gd32f4xx_usart.o(.text.usart_data_receive) for usart_data_receive
    main.o(.ARM.exidx.text.main) refers to main.o(.text.main) for [Anonymous Symbol]
    454software.o(.text.init_454) refers to 454software.o(.text.RCU_init_454) for RCU_init_454
    454software.o(.text.init_454) refers to 454software.o(.text.NVIC_init_454) for NVIC_init_454
    454software.o(.text.init_454) refers to 454software.o(.text.I2C_init_454) for I2C_init_454
    454software.o(.text.init_454) refers to 454software.o(.text.LED_init_454) for LED_init_454
    454software.o(.text.init_454) refers to 454software.o(.text.YDP_init_454) for YDP_init_454
    454software.o(.text.init_454) refers to 454software.o(.text.TIMER_init_454) for TIMER_init_454
    454software.o(.text.init_454) refers to 454software.o(.text.USART0_init_454) for USART0_init_454
    454software.o(.text.init_454) refers to 454software.o(.text.USART1_init_454) for USART1_init_454
    454software.o(.text.init_454) refers to 454software.o(.text.USART2_init_454) for USART2_init_454
    454software.o(.text.init_454) refers to 454software.o(.text.SPI1_init_454) for SPI1_init_454
    454software.o(.text.init_454) refers to 454software.o(.text.MAX31865_HWInit) for MAX31865_HWInit
    454software.o(.text.init_454) refers to 454software.o(.text.PWM_init_454) for PWM_init_454
    454software.o(.text.init_454) refers to 454software.o(.text.PWM_IN_init_454) for PWM_IN_init_454
    454software.o(.text.init_454) refers to 454software.o(.text.ADC2_DMA_init_454) for ADC2_DMA_init_454
    454software.o(.text.init_454) refers to 454software.o(.text.ADC2_init_454) for ADC2_init_454
    454software.o(.text.init_454) refers to 454software.o(.text.ms_delay_454) for ms_delay_454
    454software.o(.ARM.exidx.text.init_454) refers to 454software.o(.text.init_454) for [Anonymous Symbol]
    454software.o(.text.RCU_init_454) refers to gd32f4xx_rcu.o(.text.rcu_ahb_clock_config) for rcu_ahb_clock_config
    454software.o(.text.RCU_init_454) refers to gd32f4xx_rcu.o(.text.rcu_apb1_clock_config) for rcu_apb1_clock_config
    454software.o(.text.RCU_init_454) refers to gd32f4xx_rcu.o(.text.rcu_periph_clock_enable) for rcu_periph_clock_enable
    454software.o(.ARM.exidx.text.RCU_init_454) refers to 454software.o(.text.RCU_init_454) for [Anonymous Symbol]
    454software.o(.text.NVIC_init_454) refers to gd32f4xx_misc.o(.text.nvic_priority_group_set) for nvic_priority_group_set
    454software.o(.text.NVIC_init_454) refers to gd32f4xx_misc.o(.text.nvic_irq_enable) for nvic_irq_enable
    454software.o(.ARM.exidx.text.NVIC_init_454) refers to 454software.o(.text.NVIC_init_454) for [Anonymous Symbol]
    454software.o(.text.I2C_init_454) refers to gd32f4xx_gpio.o(.text.gpio_af_set) for gpio_af_set
    454software.o(.text.I2C_init_454) refers to gd32f4xx_gpio.o(.text.gpio_mode_set) for gpio_mode_set
    454software.o(.text.I2C_init_454) refers to gd32f4xx_gpio.o(.text.gpio_output_options_set) for gpio_output_options_set
    454software.o(.text.I2C_init_454) refers to gd32f4xx_i2c.o(.text.i2c_deinit) for i2c_deinit
    454software.o(.text.I2C_init_454) refers to gd32f4xx_i2c.o(.text.i2c_clock_config) for i2c_clock_config
    454software.o(.text.I2C_init_454) refers to gd32f4xx_i2c.o(.text.i2c_mode_addr_config) for i2c_mode_addr_config
    454software.o(.text.I2C_init_454) refers to gd32f4xx_i2c.o(.text.i2c_enable) for i2c_enable
    454software.o(.text.I2C_init_454) refers to gd32f4xx_i2c.o(.text.i2c_ack_config) for i2c_ack_config
    454software.o(.ARM.exidx.text.I2C_init_454) refers to 454software.o(.text.I2C_init_454) for [Anonymous Symbol]
    454software.o(.text.LED_init_454) refers to gd32f4xx_gpio.o(.text.gpio_mode_set) for gpio_mode_set
    454software.o(.text.LED_init_454) refers to gd32f4xx_gpio.o(.text.gpio_output_options_set) for gpio_output_options_set
    454software.o(.text.LED_init_454) refers to gd32f4xx_gpio.o(.text.gpio_bit_reset) for gpio_bit_reset
    454software.o(.ARM.exidx.text.LED_init_454) refers to 454software.o(.text.LED_init_454) for [Anonymous Symbol]
    454software.o(.text.YDP_init_454) refers to gd32f4xx_gpio.o(.text.gpio_mode_set) for gpio_mode_set
    454software.o(.text.YDP_init_454) refers to gd32f4xx_gpio.o(.text.gpio_output_options_set) for gpio_output_options_set
    454software.o(.text.YDP_init_454) refers to gd32f4xx_gpio.o(.text.gpio_bit_reset) for gpio_bit_reset
[...]
    Removing gd32f4xx_timer.o(.text.timer_interrupt_disable), (20 bytes).
    Removing gd32f4xx_timer.o(.ARM.exidx.text.timer_interrupt_disable), (8 bytes).
    Removing gd32f4xx_timer.o(.ARM.exidx.text.timer_interrupt_flag_get), (8 bytes).
    Removing gd32f4xx_timer.o(.ARM.exidx.text.timer_interrupt_flag_clear), (8 bytes).
    Removing gd32f4xx_tli.o(.text), (0 bytes).
    Removing gd32f4xx_tli.o(.text.tli_deinit), (24 bytes).
    Removing gd32f4xx_tli.o(.ARM.exidx.text.tli_deinit), (8 bytes).
    Removing gd32f4xx_tli.o(.text.tli_struct_para_init), (70 bytes).
    Removing gd32f4xx_tli.o(.ARM.exidx.text.tli_struct_para_init), (8 bytes).
    Removing gd32f4xx_tli.o(.text.tli_init), (184 bytes).
    Removing gd32f4xx_tli.o(.ARM.exidx.text.tli_init), (8 bytes).
    Removing gd32f4xx_tli.o(.text.tli_dither_config), (56 bytes).
    Removing gd32f4xx_tli.o(.ARM.exidx.text.tli_dither_config), (8 bytes).
    Removing gd32f4xx_tli.o(.text.tli_enable), (18 bytes).
    Removing gd32f4xx_tli.o(.ARM.exidx.text.tli_enable), (8 bytes).
    Removing gd32f4xx_tli.o(.text.tli_disable), (18 bytes).
    Removing gd32f4xx_tli.o(.ARM.exidx.text.tli_disable), (8 bytes).
    Removing gd32f4xx_tli.o(.text.tli_reload_config), (54 bytes).
    Removing gd32f4xx_tli.o(.ARM.exidx.text.tli_reload_config), (8 bytes).
    Removing gd32f4xx_tli.o(.text.tli_layer_struct_para_init), (82 bytes).
    Removing gd32f4xx_tli.o(.ARM.exidx.text.tli_layer_struct_para_init), (8 bytes).
    Removing gd32f4xx_tli.o(.text.tli_layer_init), (250 bytes).
    Removing gd32f4xx_tli.o(.ARM.exidx.text.tli_layer_init), (8 bytes).
    Removing gd32f4xx_tli.o(.text.tli_layer_window_offset_modify), (266 bytes).
    Removing gd32f4xx_tli.o(.ARM.exidx.text.tli_layer_window_offset_modify), (8 bytes).
    Removing gd32f4xx_tli.o(.text.tli_lut_struct_para_init), (26 bytes).
    Removing gd32f4xx_tli.o(.ARM.exidx.text.tli_lut_struct_para_init), (8 bytes).
    Removing gd32f4xx_tli.o(.text.tli_lut_init), (38 bytes).
    Removing gd32f4xx_tli.o(.ARM.exidx.text.tli_lut_init), (8 bytes).
    Removing gd32f4xx_tli.o(.text.tli_color_key_init), (46 bytes).
    Removing gd32f4xx_tli.o(.ARM.exidx.text.tli_color_key_init), (8 bytes).
    Removing gd32f4xx_tli.o(.text.tli_layer_enable), (22 bytes).
    Removing gd32f4xx_tli.o(.ARM.exidx.text.tli_layer_enable), (8 bytes).
    Removing gd32f4xx_tli.o(.text.tli_layer_disable), (22 bytes).
    Removing gd32f4xx_tli.o(.ARM.exidx.text.tli_layer_disable), (8 bytes).
    Removing gd32f4xx_tli.o(.text.tli_color_key_enable), (22 bytes).
    Removing gd32f4xx_tli.o(.ARM.exidx.text.tli_color_key_enable), (8 bytes).
    Removing gd32f4xx_tli.o(.text.tli_color_key_disable), (22 bytes).
    Removing gd32f4xx_tli.o(.ARM.exidx.text.tli_color_key_disable), (8 bytes).
    Removing gd32f4xx_tli.o(.text.tli_lut_enable), (22 bytes).
    Removing gd32f4xx_tli.o(.ARM.exidx.text.tli_lut_enable), (8 bytes).
    Removing gd32f4xx_tli.o(.text.tli_lut_disable), (22 bytes).
    Removing gd32f4xx_tli.o(.ARM.exidx.text.tli_lut_disable), (8 bytes).
    Removing gd32f4xx_tli.o(.text.tli_line_mark_set), (34 bytes).
    Removing gd32f4xx_tli.o(.ARM.exidx.text.tli_line_mark_set), (8 bytes).
    Removing gd32f4xx_tli.o(.text.tli_current_pos_get), (12 bytes).
    Removing gd32f4xx_tli.o(.ARM.exidx.text.tli_current_pos_get), (8 bytes).
    Removing gd32f4xx_tli.o(.text.tli_interrupt_enable), (24 bytes).
    Removing gd32f4xx_tli.o(.ARM.exidx.text.tli_interrupt_enable), (8 bytes).
    Removing gd32f4xx_tli.o(.text.tli_interrupt_disable), (24 bytes).
    Removing gd32f4xx_tli.o(.ARM.exidx.text.tli_interrupt_disable), (8 bytes).
    Removing gd32f4xx_tli.o(.text.tli_interrupt_flag_get), (74 bytes).
    Removing gd32f4xx_tli.o(.ARM.exidx.text.tli_interrupt_flag_get), (8 bytes).
    Removing gd32f4xx_tli.o(.text.tli_interrupt_flag_clear), (24 bytes).
    Removing gd32f4xx_tli.o(.ARM.exidx.text.tli_interrupt_flag_clear), (8 bytes).
    Removing gd32f4xx_tli.o(.text.tli_flag_get), (78 bytes).
    Removing gd32f4xx_tli.o(.ARM.exidx.text.tli_flag_get), (8 bytes).
    Removing gd32f4xx_trng.o(.text), (0 bytes).
    Removing gd32f4xx_trng.o(.text.trng_deinit), (24 bytes).
    Removing gd32f4xx_trng.o(.ARM.exidx.text.trng_deinit), (8 bytes).
    Removing gd32f4xx_trng.o(.text.trng_enable), (18 bytes).
    Removing gd32f4xx_trng.o(.ARM.exidx.text.trng_enable), (8 bytes).
    Removing gd32f4xx_trng.o(.text.trng_disable), (18 bytes).
    Removing gd32f4xx_trng.o(.ARM.exidx.text.trng_disable), (8 bytes).
    Removing gd32f4xx_trng.o(.text.trng_get_true_random_data), (12 bytes).
    Removing gd32f4xx_trng.o(.ARM.exidx.text.trng_get_true_random_data), (8 bytes).
    Removing gd32f4xx_trng.o(.text.trng_interrupt_enable), (18 bytes).
    Removing gd32f4xx_trng.o(.ARM.exidx.text.trng_interrupt_enable), (8 bytes).
    Removing gd32f4xx_trng.o(.text.trng_interrupt_disable), (18 bytes).
    Removing gd32f4xx_trng.o(.ARM.exidx.text.trng_interrupt_disable), (8 bytes).
    Removing gd32f4xx_trng.o(.text.trng_flag_get), (50 bytes).
    Removing gd32f4xx_trng.o(.ARM.exidx.text.trng_flag_get), (8 bytes).
    Removing gd32f4xx_trng.o(.text.trng_interrupt_flag_get), (50 bytes).
    Removing gd32f4xx_trng.o(.ARM.exidx.text.trng_interrupt_flag_get), (8 bytes).
    Removing gd32f4xx_trng.o(.text.trng_interrupt_flag_clear), (28 bytes).
    Removing gd32f4xx_trng.o(.ARM.exidx.text.trng_interrupt_flag_clear), (8 bytes).
    Removing gd32f4xx_usart.o(.text), (0 bytes).
    Removing gd32f4xx_usart.o(.ARM.exidx.text.usart_deinit), (8 bytes).
    Removing gd32f4xx_usart.o(.ARM.exidx.text.usart_baudrate_set), (8 bytes).
    Removing gd32f4xx_usart.o(.ARM.exidx.text.usart_parity_config), (8 bytes).
    Removing gd32f4xx_usart.o(.ARM.exidx.text.usart_word_length_set), (8 bytes).
    Removing gd32f4xx_usart.o(.ARM.exidx.text.usart_stop_bit_set), (8 bytes).
    Removing gd32f4xx_usart.o(.ARM.exidx.text.usart_enable), (8 bytes).
    Removing gd32f4xx_usart.o(.ARM.exidx.text.usart_disable), (8 bytes).
    Removing gd32f4xx_usart.o(.ARM.exidx.text.usart_transmit_config), (8 bytes).
    Removing gd32f4xx_usart.o(.ARM.exidx.text.usart_receive_config), (8 bytes).
    Removing gd32f4xx_usart.o(.text.usart_data_first_config), (46 bytes).
    Removing gd32f4xx_usart.o(.ARM.exidx.text.usart_data_first_config), (8 bytes).
    Removing gd32f4xx_usart.o(.text.usart_invert_config), (134 bytes).
    Removing gd32f4xx_usart.o(.ARM.exidx.text.usart_invert_config), (8 bytes).
    Removing gd32f4xx_usart.o(.text.usart_oversample_config), (30 bytes).
    Removing gd32f4xx_usart.o(.ARM.exidx.text.usart_oversample_config), (8 bytes).
    Removing gd32f4xx_usart.o(.text.usart_sample_bit_config), (30 bytes).
    Removing gd32f4xx_usart.o(.ARM.exidx.text.usart_sample_bit_config), (8 bytes).
    Removing gd32f4xx_usart.o(.text.usart_receiver_timeout_enable), (22 bytes).
    Removing gd32f4xx_usart.o(.ARM.exidx.text.usart_receiver_timeout_enable), (8 bytes).
    Removing gd32f4xx_usart.o(.text.usart_receiver_timeout_disable), (22 bytes).
    Removing gd32f4xx_usart.o(.ARM.exidx.text.usart_receiver_timeout_disable), (8 bytes).
    Removing gd32f4xx_usart.o(.text.usart_receiver_timeout_threshold_config), (38 bytes).
    Removing gd32f4xx_usart.o(.ARM.exidx.text.usart_receiver_timeout_threshold_config), (8 bytes).
    Removing gd32f4xx_usart.o(.ARM.exidx.text.usart_data_transmit), (8 bytes).
    Removing gd32f4xx_usart.o(.ARM.exidx.text.usart_data_receive), (8 bytes).
    Removing gd32f4xx_usart.o(.text.usart_address_config), (38 bytes).
    Removing gd32f4xx_usart.o(.ARM.exidx.text.usart_address_config), (8 bytes).
    Removing gd32f4xx_usart.o(.text.usart_mute_mode_enable), (18 bytes).
    Removing gd32f4xx_usart.o(.ARM.exidx.text.usart_mute_mode_enable), (8 bytes).
    Removing gd32f4xx_usart.o(.text.usart_mute_mode_disable), (18 bytes).
    Removing gd32f4xx_usart.o(.ARM.exidx.text.usart_mute_mode_disable), (8 bytes).
    Removing gd32f4xx_usart.o(.text.usart_mute_mode_wakeup_config), (30 bytes).
    Removing gd32f4xx_usart.o(.ARM.exidx.text.usart_mute_mode_wakeup_config), (8 bytes).
    Removing gd32f4xx_usart.o(.text.usart_lin_mode_enable), (18 bytes).
    Removing gd32f4xx_usart.o(.ARM.exidx.text.usart_lin_mode_enable), (8 bytes).
    Removing gd32f4xx_usart.o(.text.usart_lin_mode_disable), (18 bytes).
    Removing gd32f4xx_usart.o(.ARM.exidx.text.usart_lin_mode_disable), (8 bytes).
    Removing gd32f4xx_usart.o(.text.usart_lin_break_detection_length_config), (34 bytes).
    Removing gd32f4xx_usart.o(.ARM.exidx.text.usart_lin_break_detection_length_config), (8 bytes).
    Removing gd32f4xx_usart.o(.text.usart_send_break), (18 bytes).
    Removing gd32f4xx_usart.o(.ARM.exidx.text.usart_send_break), (8 bytes).
    Removing gd32f4xx_usart.o(.text.usart_halfduplex_enable), (18 bytes).
    Removing gd32f4xx_usart.o(.ARM.exidx.text.usart_halfduplex_enable), (8 bytes).
    Removing gd32f4xx_usart.o(.text.usart_halfduplex_disable), (18 bytes).
    Removing gd32f4xx_usart.o(.ARM.exidx.text.usart_halfduplex_disable), (8 bytes).
    Removing gd32f4xx_usart.o(.text.usart_synchronous_clock_enable), (18 bytes).
    Removing gd32f4xx_usart.o(.ARM.exidx.text.usart_synchronous_clock_enable), (8 bytes).
    Removing gd32f4xx_usart.o(.text.usart_synchronous_clock_disable), (18 bytes).
    Removing gd32f4xx_usart.o(.ARM.exidx.text.usart_synchronous_clock_disable), (8 bytes).
    Removing gd32f4xx_usart.o(.text.usart_synchronous_clock_config), (66 bytes).
    Removing gd32f4xx_usart.o(.ARM.exidx.text.usart_synchronous_clock_config), (8 bytes).
    Removing gd32f4xx_usart.o(.text.usart_guard_time_config), (34 bytes).
    Removing gd32f4xx_usart.o(.ARM.exidx.text.usart_guard_time_config), (8 bytes).
    Removing gd32f4xx_usart.o(.text.usart_smartcard_mode_enable), (18 bytes).
    Removing gd32f4xx_usart.o(.ARM.exidx.text.usart_smartcard_mode_enable), (8 bytes).
    Removing gd32f4xx_usart.o(.text.usart_smartcard_mode_disable), (18 bytes).
    Removing gd32f4xx_usart.o(.ARM.exidx.text.usart_smartcard_mode_disable), (8 bytes).
    Removing gd32f4xx_usart.o(.text.usart_smartcard_mode_nack_enable), (18 bytes).
    Removing gd32f4xx_usart.o(.ARM.exidx.text.usart_smartcard_mode_nack_enable), (8 bytes).
    Removing gd32f4xx_usart.o(.text.usart_smartcard_mode_nack_disable), (18 bytes).
    Removing gd32f4xx_usart.o(.ARM.exidx.text.usart_smartcard_mode_nack_disable), (8 bytes).
    Removing gd32f4xx_usart.o(.text.usart_smartcard_autoretry_config), (44 bytes).
    Removing gd32f4xx_usart.o(.ARM.exidx.text.usart_smartcard_autoretry_config), (8 bytes).
    Removing gd32f4xx_usart.o(.text.usart_block_length_config), (40 bytes).
    Removing gd32f4xx_usart.o(.ARM.exidx.text.usart_block_length_config), (8 bytes).
    Removing gd32f4xx_usart.o(.text.usart_irda_mode_enable), (18 bytes).
    Removing gd32f4xx_usart.o(.ARM.exidx.text.usart_irda_mode_enable), (8 bytes).
    Removing gd32f4xx_usart.o(.text.usart_irda_mode_disable), (18 bytes).
    Removing gd32f4xx_usart.o(.ARM.exidx.text.usart_irda_mode_disable), (8 bytes).
    Removing gd32f4xx_usart.o(.ARM.exidx.text.usart_prescaler_config), (8 bytes).
    Removing gd32f4xx_usart.o(.text.usart_irda_lowpower_config), (34 bytes).
    Removing gd32f4xx_usart.o(.ARM.exidx.text.usart_irda_lowpower_config), (8 bytes).
    Removing gd32f4xx_usart.o(.ARM.exidx.text.usart_hardware_flow_rts_config), (8 bytes).
    Removing gd32f4xx_usart.o(.ARM.exidx.text.usart_hardware_flow_cts_config), (8 bytes).
    Removing gd32f4xx_usart.o(.text.usart_break_frame_coherence_config), (42 bytes).
    Removing gd32f4xx_usart.o(.ARM.exidx.text.usart_break_frame_coherence_config), (8 bytes).
    Removing gd32f4xx_usart.o(.text.usart_parity_check_coherence_config), (42 bytes).
    Removing gd32f4xx_usart.o(.ARM.exidx.text.usart_parity_check_coherence_config), (8 bytes).
    Removing gd32f4xx_usart.o(.text.usart_hardware_flow_coherence_config), (42 bytes).
    Removing gd32f4xx_usart.o(.ARM.exidx.text.usart_hardware_flow_coherence_config), (8 bytes).
    Removing gd32f4xx_usart.o(.ARM.exidx.text.usart_dma_receive_config), (8 bytes).
    Removing gd32f4xx_usart.o(.ARM.exidx.text.usart_dma_transmit_config), (8 bytes).
    Removing gd32f4xx_usart.o(.ARM.exidx.text.usart_flag_get), (8 bytes).
    Removing gd32f4xx_usart.o(.text.usart_flag_clear), (36 bytes).
    Removing gd32f4xx_usart.o(.ARM.exidx.text.usart_flag_clear), (8 bytes).
    Removing gd32f4xx_usart.o(.text.usart_interrupt_enable), (36 bytes).
    Removing gd32f4xx_usart.o(.ARM.exidx.text.usart_interrupt_enable), (8 bytes).
    Removing gd32f4xx_usart.o(.text.usart_interrupt_disable), (36 bytes).
    Removing gd32f4xx_usart.o(.ARM.exidx.text.usart_interrupt_disable), (8 bytes).
    Removing gd32f4xx_usart.o(.text.usart_interrupt_flag_get), (94 bytes).
    Removing gd32f4xx_usart.o(.ARM.exidx.text.usart_interrupt_flag_get), (8 bytes).
    Removing gd32f4xx_usart.o(.text.usart_interrupt_flag_clear), (32 bytes).
    Removing gd32f4xx_usart.o(.ARM.exidx.text.usart_interrupt_flag_clear), (8 bytes).
    Removing gd32f4xx_wwdgt.o(.text), (0 bytes).
    Removing gd32f4xx_wwdgt.o(.text.wwdgt_deinit), (24 bytes).
    Removing gd32f4xx_wwdgt.o(.ARM.exidx.text.wwdgt_deinit), (8 bytes).
    Removing gd32f4xx_wwdgt.o(.text.wwdgt_enable), (18 bytes).
    Removing gd32f4xx_wwdgt.o(.ARM.exidx.text.wwdgt_enable), (8 bytes).
    Removing gd32f4xx_wwdgt.o(.text.wwdgt_counter_update), (48 bytes).
    Removing gd32f4xx_wwdgt.o(.ARM.exidx.text.wwdgt_counter_update), (8 bytes).
    Removing gd32f4xx_wwdgt.o(.text.wwdgt_config), (100 bytes).
    Removing gd32f4xx_wwdgt.o(.ARM.exidx.text.wwdgt_config), (8 bytes).
    Removing gd32f4xx_wwdgt.o(.text.wwdgt_flag_get), (42 bytes).
    Removing gd32f4xx_wwdgt.o(.ARM.exidx.text.wwdgt_flag_get), (8 bytes).
    Removing gd32f4xx_wwdgt.o(.text.wwdgt_flag_clear), (18 bytes).
    Removing gd32f4xx_wwdgt.o(.ARM.exidx.text.wwdgt_flag_clear), (8 bytes).
    Removing gd32f4xx_wwdgt.o(.text.wwdgt_interrupt_enable), (18 bytes).
    Removing gd32f4xx_wwdgt.o(.ARM.exidx.text.wwdgt_interrupt_enable), (8 bytes).
    Removing startup_gd32f450_470.o(HEAP), (1024 bytes).
    Removing system_gd32f4xx.o(.text), (0 bytes).
    Removing system_gd32f4xx.o(.ARM.exidx.text.SystemInit), (8 bytes).
    Removing system_gd32f4xx.o(.ARM.exidx.text.system_clock_config), (8 bytes).
    Removing system_gd32f4xx.o(.text.SystemCoreClockUpdate), (282 bytes).
    Removing system_gd32f4xx.o(.ARM.exidx.text.SystemCoreClockUpdate), (8 bytes).
    Removing system_gd32f4xx.o(.ARM.exidx.text.system_clock_200m_25m_hxtal), (8 bytes).
    Removing system_gd32f4xx.o(.rodata.cst16), (16 bytes).
    Removing dadd.o(.text), (334 bytes).
    Removing dcmplt.o(.text), (54 bytes).
    Removing dmul.o(.text), (228 bytes).
    Removing dneg.o(.text), (6 bytes).
    Removing dscalb.o(.text), (46 bytes).
    Removing dflti.o(.text), (34 bytes).
    Removing cdrcmple.o(.text), (48 bytes).
    Removing dsqrt.o(.text), (162 bytes).

1773 unused section(s) (total 79322 bytes) removed from the image.

==============================================================================

Image Symbol Table

    Local Symbols

    Symbol Name                              Value     Ov Type        Size  Object(Section)

    ../clib/microlib/errno.c                 0x00000000   Number         0  errno.o ABSOLUTE
    ../clib/microlib/init/entry.s            0x00000000   Number         0  entry.o ABSOLUTE
    ../clib/microlib/init/entry.s            0x00000000   Number         0  entry2.o ABSOLUTE
    ../clib/microlib/init/entry.s            0x00000000   Number         0  entry5.o ABSOLUTE
    ../clib/microlib/init/entry.s            0x00000000   Number         0  entry7a.o ABSOLUTE
    ../clib/microlib/init/entry.s            0x00000000   Number         0  entry7b.o ABSOLUTE
    ../clib/microlib/init/entry.s            0x00000000   Number         0  entry8a.o ABSOLUTE
    ../clib/microlib/init/entry.s            0x00000000   Number         0  entry8b.o ABSOLUTE
    ../clib/microlib/init/entry.s            0x00000000   Number         0  entry9a.o ABSOLUTE
    ../clib/microlib/init/entry.s            0x00000000   Number         0  entry9b.o ABSOLUTE
    ../clib/microlib/init/entry.s            0x00000000   Number         0  entry10a.o ABSOLUTE
    ../clib/microlib/init/entry.s            0x00000000   Number         0  entry10b.o ABSOLUTE
    ../clib/microlib/init/entry.s            0x00000000   Number         0  entry11a.o ABSOLUTE
    ../clib/microlib/init/entry.s            0x00000000   Number         0  entry11b.o ABSOLUTE
    ../clib/microlib/longlong.c              0x00000000   Number         0  llshl.o ABSOLUTE
    ../clib/microlib/longlong.c              0x00000000   Number         0  llsshr.o ABSOLUTE
    ../clib/microlib/longlong.c              0x00000000   Number         0  llushr.o ABSOLUTE
    ../clib/microlib/stubs.s                 0x00000000   Number         0  iusefp.o ABSOLUTE
    ../fplib/microlib/d2f.c                  0x00000000   Number         0  d2f.o ABSOLUTE
    ../fplib/microlib/f2d.c                  0x00000000   Number         0  f2d.o ABSOLUTE
    ../fplib/microlib/fpadd.c                0x00000000   Number         0  dadd.o ABSOLUTE
    ../fplib/microlib/fpcmp.c                0x00000000   Number         0  dcmplt.o ABSOLUTE
    ../fplib/microlib/fpdiv.c                0x00000000   Number         0  ddiv.o ABSOLUTE
    ../fplib/microlib/fpepilogue.c           0x00000000   Number         0  fepilogue.o ABSOLUTE
    ../fplib/microlib/fpepilogue.c           0x00000000   Number         0  depilogue.o ABSOLUTE
    ../fplib/microlib/fpflt.c                0x00000000   Number         0  dflti.o ABSOLUTE
    ../fplib/microlib/fpmul.c                0x00000000   Number         0  dmul.o ABSOLUTE
    ../fplib/microlib/fpneg.c                0x00000000   Number         0  dneg.o ABSOLUTE
    ../fplib/microlib/fpscalb.c              0x00000000   Number         0  dscalb.o ABSOLUTE
    ../fplib/microlib/fpsqrt.c               0x00000000   Number         0  dsqrt.o ABSOLUTE
    ../mathlib/dunder.c                      0x00000000   Number         0  dunder.o ABSOLUTE
    ../mathlib/fabs.c                        0x00000000   Number         0  fabs.o ABSOLUTE
    ../mathlib/fpclassify.c                  0x00000000   Number         0  fpclassify.o ABSOLUTE
    ../mathlib/poly.c                        0x00000000   Number         0  poly.o ABSOLUTE
    ../mathlib/pow.c                         0x00000000   Number         0  pow.o ABSOLUTE
    ../mathlib/qnan.c                        0x00000000   Number         0  qnan.o ABSOLUTE
    ../mathlib/sqrt.c                        0x00000000   Number         0  sqrt.o ABSOLUTE
    454software.c                            0x00000000   Number         0  454software.o ABSOLUTE
    RTE/Device/GD32F450ZK/startup_gd32f450_470.s 0x00000000   Number         0  startup_gd32f450_470.o ABSOLUTE
    cdrcmple.s                               0x00000000   Number         0  cdrcmple.o ABSOLUTE
    dc.s                                     0x00000000   Number         0  dc.o ABSOLUTE
    gd32f4xx_adc.c                           0x00000000   Number         0  gd32f4xx_adc.o ABSOLUTE
    gd32f4xx_can.c                           0x00000000   Number         0  gd32f4xx_can.o ABSOLUTE
    gd32f4xx_crc.c                           0x00000000   Number         0  gd32f4xx_crc.o ABSOLUTE
    gd32f4xx_ctc.c                           0x00000000   Number         0  gd32f4xx_ctc.o ABSOLUTE
    gd32f4xx_dac.c                           0x00000000   Number         0  gd32f4xx_dac.o ABSOLUTE
    gd32f4xx_dbg.c                           0x00000000   Number         0  gd32f4xx_dbg.o ABSOLUTE
    gd32f4xx_dci.c                           0x00000000   Number         0  gd32f4xx_dci.o ABSOLUTE
    gd32f4xx_dma.c                           0x00000000   Number         0  gd32f4xx_dma.o ABSOLUTE
    gd32f4xx_enet.c                          0x00000000   Number         0  gd32f4xx_enet.o ABSOLUTE
    gd32f4xx_exmc.c                          0x00000000   Number         0  gd32f4xx_exmc.o ABSOLUTE
    gd32f4xx_exti.c                          0x00000000   Number         0  gd32f4xx_exti.o ABSOLUTE
    gd32f4xx_fmc.c                           0x00000000   Number         0  gd32f4xx_fmc.o ABSOLUTE
    gd32f4xx_fwdgt.c                         0x00000000   Number         0  gd32f4xx_fwdgt.o ABSOLUTE
    gd32f4xx_gpio.c                          0x00000000   Number         0  gd32f4xx_gpio.o ABSOLUTE
    gd32f4xx_i2c.c                           0x00000000   Number         0  gd32f4xx_i2c.o ABSOLUTE
    gd32f4xx_ipa.c                           0x00000000   Number         0  gd32f4xx_ipa.o ABSOLUTE
    gd32f4xx_iref.c                          0x00000000   Number         0  gd32f4xx_iref.o ABSOLUTE
    gd32f4xx_misc.c                          0x00000000   Number         0  gd32f4xx_misc.o ABSOLUTE
    gd32f4xx_pmu.c                           0x00000000   Number         0  gd32f4xx_pmu.o ABSOLUTE
    gd32f4xx_rcu.c                           0x00000000   Number         0  gd32f4xx_rcu.o ABSOLUTE
    gd32f4xx_rtc.c                           0x00000000   Number         0  gd32f4xx_rtc.o ABSOLUTE
    gd32f4xx_sdio.c                          0x00000000   Number         0  gd32f4xx_sdio.o ABSOLUTE
    gd32f4xx_spi.c                           0x00000000   Number         0  gd32f4xx_spi.o ABSOLUTE
    gd32f4xx_syscfg.c                        0x00000000   Number         0  gd32f4xx_syscfg.o ABSOLUTE
    gd32f4xx_timer.c                         0x00000000   Number         0  gd32f4xx_timer.o ABSOLUTE
    gd32f4xx_tli.c                           0x00000000   Number         0  gd32f4xx_tli.o ABSOLUTE
    gd32f4xx_trng.c                          0x00000000   Number         0  gd32f4xx_trng.o ABSOLUTE
    gd32f4xx_usart.c                         0x00000000   Number         0  gd32f4xx_usart.o ABSOLUTE
    gd32f4xx_wwdgt.c                         0x00000000   Number         0  gd32f4xx_wwdgt.o ABSOLUTE
    handlers.s                               0x00000000   Number         0  handlers.o ABSOLUTE
    init.s                                   0x00000000   Number         0  init.o ABSOLUTE
    main.c                                   0x00000000   Number         0  main.o ABSOLUTE
    system_gd32f4xx.c                        0x00000000   Number         0  system_gd32f4xx.o ABSOLUTE
    RESET                                    0x08000000   Section      428  startup_gd32f450_470.o(RESET)
    .ARM.Collect$$$$00000000                 0x080001ac   Section        0  entry.o(.ARM.Collect$$$$00000000)
    .ARM.Collect$$$$00000001                 0x080001ac   Section        4  entry2.o(.ARM.Collect$$$$00000001)
    .ARM.Collect$$$$00000004                 0x080001b0   Section        4  entry5.o(.ARM.Collect$$$$00000004)
    .ARM.Collect$$$$00000008                 0x080001b4   Section        0  entry7b.o(.ARM.Collect$$$$00000008)
    .ARM.Collect$$$$0000000A                 0x080001b4   Section        0  entry8b.o(.ARM.Collect$$$$0000000A)
    .ARM.Collect$$$$0000000B                 0x080001b4   Section        8  entry9a.o(.ARM.Collect$$$$0000000B)
    __lit__00000000                          0x080001bc   Data           4  entry2.o(.ARM.Collect$$$$00002712)
    .ARM.Collect$$$$0000000D                 0x080001bc   Section        0  entry10a.o(.ARM.Collect$$$$0000000D)
    .ARM.Collect$$$$0000000F                 0x080001bc   Section        0  entry11a.o(.ARM.Collect$$$$0000000F)
    .ARM.Collect$$$$00002712                 0x080001bc   Section        4  entry2.o(.ARM.Collect$$$$00002712)
    $v0                                      0x080001c0   Number         0  startup_gd32f450_470.o(.text)
    .text                                    0x080001c0   Section       36  startup_gd32f450_470.o(.text)
    .text                                    0x080001e4   Section        0  ddiv.o(.text)
    .text                                    0x080002c2   Section        0  f2d.o(.text)
    .text                                    0x080002e8   Section        0  d2f.o(.text)
    .text                                    0x08000320   Section        0  llshl.o(.text)
    .text                                    0x0800033e   Section        0  iusefp.o(.text)
    .text                                    0x0800033e   Section        0  fepilogue.o(.text)
    .text                                    0x080003ac   Section        0  depilogue.o(.text)
    .text                                    0x08000468   Section       36  init.o(.text)
    .text                                    0x0800048c   Section        0  llushr.o(.text)
    [Anonymous Symbol]                       0x080004ac   Section        0  454software.o(.text.ADC2_DMA_init_454)
    [Anonymous Symbol]                       0x08000520   Section        0  454software.o(.text.ADC2_init_454)
    [Anonymous Symbol]                       0x08000608   Section        0  454software.o(.text.DMA0_Channel1_IRQHandler)
    [Anonymous Symbol]                       0x080006fc   Section        0  454software.o(.text.DMA0_Channel6_IRQHandler)
    [Anonymous Symbol]                       0x08000738   Section        0  454software.o(.text.DMA1_Channel2_IRQHandler)
    [Anonymous Symbol]                       0x08000774   Section        0  454software.o(.text.DMA1_Channel7_IRQHandler)
    [Anonymous Symbol]                       0x080007b0   Section        0  454software.o(.text.I2C1_EV_IRQHandler)
    [Anonymous Symbol]                       0x080007c0   Section        0  454software.o(.text.I2C_init_454)
    [Anonymous Symbol]                       0x08000968   Section        0  454software.o(.text.LED_init_454)
    [Anonymous Symbol]                       0x080009e8   Section        0  454software.o(.text.MAX31865_CsOff)
    [Anonymous Symbol]                       0x08000a00   Section        0  454software.o(.text.MAX31865_CsOn)
    [Anonymous Symbol]                       0x08000a18   Section        0  454software.o(.text.MAX31865_HWInit)
    [Anonymous Symbol]                       0x08000a2c   Section        0  454software.o(.text.MAX31865_Spi_WriteByte)
    [Anonymous Symbol]                       0x08000a44   Section        0  454software.o(.text.MAX31865_bufWrite)
    [Anonymous Symbol]                       0x08000a7c   Section        0  454software.o(.text.NVIC_init_454)
    [Anonymous Symbol]                       0x08000ac0   Section        0  454software.o(.text.PWM_IN_init_454)
    [Anonymous Symbol]                       0x08000ba4   Section        0  454software.o(.text.PWM_init_454)
    [Anonymous Symbol]                       0x08000e20   Section        0  454software.o(.text.RCU_init_454)
    [Anonymous Symbol]                       0x08000ee8   Section        0  454software.o(.text.SPI1_Transfer)
    [Anonymous Symbol]                       0x08000f64   Section        0  454software.o(.text.SPI1_init_454)
    [Anonymous Symbol]                       0x08001094   Section        0  system_gd32f4xx.o(.text.SystemInit)
    [Anonymous Symbol]                       0x08001180   Section        0  454software.o(.text.TIMER4_IRQHandler)
    [Anonymous Symbol]                       0x08001270   Section        0  454software.o(.text.TIMER_init_454)
    [Anonymous Symbol]                       0x080012b0   Section        0  454software.o(.text.USART0_init_454)
    [Anonymous Symbol]                       0x08001438   Section        0  454software.o(.text.USART1_init_454)
    [Anonymous Symbol]                       0x08001570   Section        0  454software.o(.text.USART2_init_454)
    [Anonymous Symbol]                       0x080016c0   Section        0  454software.o(.text.YDP_init_454)
    [Anonymous Symbol]                       0x080016f8   Section        0  gd32f4xx_adc.o(.text.adc_calibration_enable)
    [Anonymous Symbol]                       0x08001734   Section        0  gd32f4xx_adc.o(.text.adc_channel_length_config)
    [Anonymous Symbol]                       0x080017c4   Section        0  gd32f4xx_adc.o(.text.adc_clock_config)
    [Anonymous Symbol]                       0x080017e4   Section        0  gd32f4xx_adc.o(.text.adc_data_alignment_config)
    [Anonymous Symbol]                       0x0800180c   Section        0  gd32f4xx_adc.o(.text.adc_deinit)
    [Anonymous Symbol]                       0x08001824   Section        0  gd32f4xx_adc.o(.text.adc_dma_mode_enable)
    [Anonymous Symbol]                       0x08001838   Section        0  gd32f4xx_adc.o(.text.adc_dma_request_after_last_enable)
    [Anonymous Symbol]                       0x0800184c   Section        0  gd32f4xx_adc.o(.text.adc_enable)
    [Anonymous Symbol]                       0x0800186c   Section        0  gd32f4xx_adc.o(.text.adc_external_trigger_config)
    [Anonymous Symbol]                       0x080018c4   Section        0  gd32f4xx_adc.o(.text.adc_regular_channel_config)
    [Anonymous Symbol]                       0x08001a38   Section        0  gd32f4xx_adc.o(.text.adc_resolution_config)
    [Anonymous Symbol]                       0x08001a58   Section        0  gd32f4xx_adc.o(.text.adc_software_trigger_enable)
    [Anonymous Symbol]                       0x08001a94   Section        0  gd32f4xx_adc.o(.text.adc_special_function_config)
    [Anonymous Symbol]                       0x08001b3c   Section        0  gd32f4xx_adc.o(.text.adc_sync_mode_config)
    [Anonymous Symbol]                       0x08001b5c   Section        0  gd32f4xx_dma.o(.text.dma_channel_disable)
    [Anonymous Symbol]                       0x08001b80   Section        0  gd32f4xx_dma.o(.text.dma_channel_enable)
    [Anonymous Symbol]                       0x08001ba4   Section        0  gd32f4xx_dma.o(.text.dma_channel_subperipheral_select)
    [Anonymous Symbol]                       0x08001bec   Section        0  gd32f4xx_dma.o(.text.dma_deinit)
    [Anonymous Symbol]                       0x08001cc8   Section        0  gd32f4xx_dma.o(.text.dma_interrupt_enable)
    [Anonymous Symbol]                       0x08001d10   Section        0  gd32f4xx_dma.o(.text.dma_interrupt_flag_clear)
    [Anonymous Symbol]                       0x08001d78   Section        0  gd32f4xx_dma.o(.text.dma_interrupt_flag_get)
    [Anonymous Symbol]                       0x08002058   Section        0  gd32f4xx_dma.o(.text.dma_memory_address_config)
    [Anonymous Symbol]                       0x0800209c   Section        0  gd32f4xx_dma.o(.text.dma_multi_data_mode_init)
    [Anonymous Symbol]                       0x08002228   Section        0  gd32f4xx_dma.o(.text.dma_multi_data_para_struct_init)
    [Anonymous Symbol]                       0x08002264   Section        0  gd32f4xx_dma.o(.text.dma_single_data_mode_init)
    [Anonymous Symbol]                       0x080023d8   Section        0  gd32f4xx_dma.o(.text.dma_single_data_para_struct_init)
    [Anonymous Symbol]                       0x08002408   Section        0  gd32f4xx_dma.o(.text.dma_transfer_number_config)
    [Anonymous Symbol]                       0x08002428   Section        0  gd32f4xx_gpio.o(.text.gpio_af_set)
    [Anonymous Symbol]                       0x080024fc   Section        0  gd32f4xx_gpio.o(.text.gpio_bit_reset)
    [Anonymous Symbol]                       0x0800250c   Section        0  gd32f4xx_gpio.o(.text.gpio_bit_set)
    [Anonymous Symbol]                       0x0800251c   Section        0  gd32f4xx_gpio.o(.text.gpio_mode_set)
    [Anonymous Symbol]                       0x080025b8   Section        0  gd32f4xx_gpio.o(.text.gpio_output_options_set)
    [Anonymous Symbol]                       0x0800264c   Section        0  gd32f4xx_i2c.o(.text.i2c_ack_config)
    [Anonymous Symbol]                       0x08002678   Section        0  gd32f4xx_i2c.o(.text.i2c_clock_config)
    [Anonymous Symbol]                       0x080027dc   Section        0  gd32f4xx_i2c.o(.text.i2c_deinit)
    [Anonymous Symbol]                       0x08002850   Section        0  gd32f4xx_i2c.o(.text.i2c_enable)
    [Anonymous Symbol]                       0x08002864   Section        0  gd32f4xx_i2c.o(.text.i2c_mode_addr_config)
    [Anonymous Symbol]                       0x080028a4   Section        0  454software.o(.text.init_454)
    [Anonymous Symbol]                       0x080028f8   Section        0  454software.o(.text.log_454)
    [Anonymous Symbol]                       0x08002958   Section        0  main.o(.text.main)
    [Anonymous Symbol]                       0x080029e0   Section        0  454software.o(.text.ms_delay_454)
    [Anonymous Symbol]                       0x08002ab0   Section        0  gd32f4xx_misc.o(.text.nvic_irq_enable)
    [Anonymous Symbol]                       0x08002bdc   Section        0  gd32f4xx_misc.o(.text.nvic_priority_group_set)
    [Anonymous Symbol]                       0x08002bf8   Section        0  gd32f4xx_rcu.o(.text.rcu_ahb_clock_config)
    [Anonymous Symbol]                       0x08002c1c   Section        0  gd32f4xx_rcu.o(.text.rcu_apb1_clock_config)
    [Anonymous Symbol]                       0x08002c40   Section        0  gd32f4xx_rcu.o(.text.rcu_clock_freq_get)
    [Anonymous Symbol]                       0x08002da4   Section        0  gd32f4xx_rcu.o(.text.rcu_periph_clock_enable)
    [Anonymous Symbol]                       0x08002dcc   Section        0  gd32f4xx_rcu.o(.text.rcu_periph_reset_disable)
    [Anonymous Symbol]                       0x08002df4   Section        0  gd32f4xx_rcu.o(.text.rcu_periph_reset_enable)
    [Anonymous Symbol]                       0x08002e1c   Section        0  454software.o(.text.send_motor_control_frame)
    [Anonymous Symbol]                       0x08002e98   Section        0  gd32f4xx_spi.o(.text.spi_enable)
    [Anonymous Symbol]                       0x08002eac   Section        0  gd32f4xx_spi.o(.text.spi_i2s_data_receive)
    [Anonymous Symbol]                       0x08002ebc   Section        0  gd32f4xx_spi.o(.text.spi_i2s_data_transmit)
    [Anonymous Symbol]                       0x08002ed0   Section        0  gd32f4xx_spi.o(.text.spi_i2s_deinit)
    [Anonymous Symbol]                       0x08002fac   Section        0  gd32f4xx_spi.o(.text.spi_i2s_flag_get)
    [Anonymous Symbol]                       0x08002fd8   Section        0  gd32f4xx_spi.o(.text.spi_init)
    system_clock_200m_25m_hxtal              0x0800304d   Thumb Code   350  system_gd32f4xx.o(.text.system_clock_200m_25m_hxtal)
    [Anonymous Symbol]                       0x0800304c   Section        0  system_gd32f4xx.o(.text.system_clock_200m_25m_hxtal)
    system_clock_config                      0x080031ad   Thumb Code     8  system_gd32f4xx.o(.text.system_clock_config)
    [Anonymous Symbol]                       0x080031ac   Section        0  system_gd32f4xx.o(.text.system_clock_config)
    [Anonymous Symbol]                       0x080031b4   Section        0  gd32f4xx_timer.o(.text.timer_auto_reload_shadow_enable)
    [Anonymous Symbol]                       0x080031c8   Section        0  gd32f4xx_timer.o(.text.timer_autoreload_value_config)
    [Anonymous Symbol]                       0x080031d8   Section        0  gd32f4xx_timer.o(.text.timer_channel_capture_value_register_read)
    [Anonymous Symbol]                       0x08003224   Section        0  gd32f4xx_timer.o(.text.timer_channel_input_capture_prescaler_config)
    [Anonymous Symbol]                       0x080032b0   Section        0  gd32f4xx_timer.o(.text.timer_channel_output_config)
    [Anonymous Symbol]                       0x08003578   Section        0  gd32f4xx_timer.o(.text.timer_channel_output_mode_config)
    [Anonymous Symbol]                       0x08003604   Section        0  gd32f4xx_timer.o(.text.timer_channel_output_pulse_value_config)
    [Anonymous Symbol]                       0x0800364c   Section        0  gd32f4xx_timer.o(.text.timer_channel_output_shadow_config)
    [Anonymous Symbol]                       0x080036d8   Section        0  gd32f4xx_timer.o(.text.timer_counter_value_config)
    [Anonymous Symbol]                       0x080036e8   Section        0  gd32f4xx_timer.o(.text.timer_deinit)
    [Anonymous Symbol]                       0x080038d0   Section        0  gd32f4xx_timer.o(.text.timer_enable)
    [Anonymous Symbol]                       0x080038e4   Section        0  gd32f4xx_timer.o(.text.timer_flag_clear)
    [Anonymous Symbol]                       0x080038f8   Section        0  gd32f4xx_timer.o(.text.timer_flag_get)
    [Anonymous Symbol]                       0x08003924   Section        0  gd32f4xx_timer.o(.text.timer_init)
    [Anonymous Symbol]                       0x08003a24   Section        0  gd32f4xx_timer.o(.text.timer_input_capture_config)
    [Anonymous Symbol]                       0x08003bd0   Section        0  gd32f4xx_timer.o(.text.timer_interrupt_enable)
    [Anonymous Symbol]                       0x08003be4   Section        0  gd32f4xx_timer.o(.text.timer_interrupt_flag_clear)
    [Anonymous Symbol]                       0x08003bf8   Section        0  gd32f4xx_timer.o(.text.timer_interrupt_flag_get)
    [Anonymous Symbol]                       0x08003c34   Section        0  454software.o(.text.usart0_send_454)
    [Anonymous Symbol]                       0x08003c9c   Section        0  gd32f4xx_usart.o(.text.usart_baudrate_set)
    [Anonymous Symbol]                       0x08003df4   Section        0  gd32f4xx_usart.o(.text.usart_data_receive)
    [Anonymous Symbol]                       0x08003e04   Section        0  gd32f4xx_usart.o(.text.usart_data_transmit)
    [Anonymous Symbol]                       0x08003e18   Section        0  gd32f4xx_usart.o(.text.usart_deinit)
    [Anonymous Symbol]                       0x08003f38   Section        0  gd32f4xx_usart.o(.text.usart_disable)
    [Anonymous Symbol]                       0x08003f4c   Section        0  gd32f4xx_usart.o(.text.usart_dma_receive_config)
    [Anonymous Symbol]                       0x08003f78   Section        0  gd32f4xx_usart.o(.text.usart_dma_transmit_config)
    [Anonymous Symbol]                       0x08003fa4   Section        0  gd32f4xx_usart.o(.text.usart_enable)
    [Anonymous Symbol]                       0x08003fb8   Section        0  gd32f4xx_usart.o(.text.usart_flag_get)
    [Anonymous Symbol]                       0x08003ff4   Section        0  gd32f4xx_usart.o(.text.usart_hardware_flow_cts_config)
    [Anonymous Symbol]                       0x08004020   Section        0  gd32f4xx_usart.o(.text.usart_hardware_flow_rts_config)
    [Anonymous Symbol]                       0x0800404c   Section        0  gd32f4xx_usart.o(.text.usart_parity_config)
    [Anonymous Symbol]                       0x0800406c   Section        0  gd32f4xx_usart.o(.text.usart_prescaler_config)
    [Anonymous Symbol]                       0x08004090   Section        0  gd32f4xx_usart.o(.text.usart_receive_config)
    [Anonymous Symbol]                       0x080040bc   Section        0  gd32f4xx_usart.o(.text.usart_stop_bit_set)
    [Anonymous Symbol]                       0x080040dc   Section        0  gd32f4xx_usart.o(.text.usart_transmit_config)
    [Anonymous Symbol]                       0x08004108   Section        0  gd32f4xx_usart.o(.text.usart_word_length_set)
    i.__scatterload_copy                     0x08004126   Section       14  handlers.o(i.__scatterload_copy)
    i.__scatterload_null                     0x08004134   Section        2  handlers.o(i.__scatterload_null)
    i.__scatterload_zeroinit                 0x08004136   Section       14  handlers.o(i.__scatterload_zeroinit)
    .L.str                                   0x08004144   Data          11  main.o(.rodata.str1.1)
    [Anonymous Symbol]                       0x08004144   Section        0  main.o(.rodata.str1.1)
    .L.str                                   0x0800414f   Data          20  454software.o(.rodata.str1.1)
    [Anonymous Symbol]                       0x0800414f   Section        0  454software.o(.rodata.str1.1)
    .L.str.1                                 0x08004163   Data           2  454software.o(.rodata.str1.1)
    .L.str.5                                 0x08004163   Data          13  454software.o(.rodata.str1.1)
    .L.str.2                                 0x08004165   Data          30  454software.o(.rodata.str1.1)
    .L.str.3                                 0x08004183   Data          10  454software.o(.rodata.str1.1)
    .L.str.4                                 0x0800418d   Data          22  454software.o(.rodata.str1.1)
    STACK                                    0x20000048   Section     1024  startup_gd32f450_470.o(STACK)

    Global Symbols

    Symbol Name                              Value     Ov Type        Size  Object(Section)

    BuildAttributes$$THM_ISAv4$E$P$D$K$B$S$7EM$VFPi3$EXTD16$VFPS$VFMA$PE$A:L22UL41UL21$X:L11$S22US41US21$IEEE1$IW$~IW$USESV6$~STKCKD$USESV7$~SHL$OTIME$ROPI$IEEEX$EBA8$MICROLIB$REQ8$PRES8$EABIv2 0x00000000   Number         0  anon$$obj.o ABSOLUTE
    __cpp_initialize__aeabi_                  - Undefined Weak Reference
    __cxa_finalize                            - Undefined Weak Reference
    __decompress                              - Undefined Weak Reference
    _clock_init                               - Undefined Weak Reference
    _microlib_exit                            - Undefined Weak Reference
    __Vectors_Size                           0x000001ac   Number         0  startup_gd32f450_470.o ABSOLUTE
    __Vectors                                0x08000000   Data           4  startup_gd32f450_470.o(RESET)
    __Vectors_End                            0x080001ac   Data           0  startup_gd32f450_470.o(RESET)
    __main                                   0x080001ad   Thumb Code     0  entry.o(.ARM.Collect$$$$00000000)
    _main_stk                                0x080001ad   Thumb Code     0  entry2.o(.ARM.Collect$$$$00000001)
    _main_scatterload                        0x080001b1   Thumb Code     0  entry5.o(.ARM.Collect$$$$00000004)
    __main_after_scatterload                 0x080001b5   Thumb Code     0  entry5.o(.ARM.Collect$$$$00000004)
    _main_clock                              0x080001b5   Thumb Code     0  entry7b.o(.ARM.Collect$$$$00000008)
    _main_cpp_init                           0x080001b5   Thumb Code     0  entry8b.o(.ARM.Collect$$$$0000000A)
    _main_init                               0x080001b5   Thumb Code     0  entry9a.o(.ARM.Collect$$$$0000000B)
    __rt_final_cpp                           0x080001bd   Thumb Code     0  entry10a.o(.ARM.Collect$$$$0000000D)
    __rt_final_exit                          0x080001bd   Thumb Code     0  entry11a.o(.ARM.Collect$$$$0000000F)
    Reset_Handler                            0x080001c1   Thumb Code     8  startup_gd32f450_470.o(.text)
    NMI_Handler                              0x080001c9   Thumb Code     2  startup_gd32f450_470.o(.text)
    HardFault_Handler                        0x080001cb   Thumb Code     2  startup_gd32f450_470.o(.text)
    MemManage_Handler                        0x080001cd   Thumb Code     2  startup_gd32f450_470.o(.text)
    BusFault_Handler                         0x080001cf   Thumb Code     2  startup_gd32f450_470.o(.text)
    UsageFault_Handler                       0x080001d1   Thumb Code     2  startup_gd32f450_470.o(.text)
    SVC_Handler                              0x080001d3   Thumb Code     2  startup_gd32f450_470.o(.text)
    DebugMon_Handler                         0x080001d5   Thumb Code     2  startup_gd32f450_470.o(.text)
    PendSV_Handler                           0x080001d7   Thumb Code     2  startup_gd32f450_470.o(.text)
    SysTick_Handler                          0x080001d9   Thumb Code     2  startup_gd32f450_470.o(.text)
    ADC_IRQHandler                           0x080001db   Thumb Code     0  startup_gd32f450_470.o(.text)
    CAN0_EWMC_IRQHandler                     0x080001db   Thumb Code     0  startup_gd32f450_470.o(.text)
    CAN0_RX0_IRQHandler                      0x080001db   Thumb Code     0  startup_gd32f450_470.o(.text)
    CAN0_RX1_IRQHandler                      0x080001db   Thumb Code     0  startup_gd32f450_470.o(.text)
    CAN0_TX_IRQHandler                       0x080001db   Thumb Code     0  startup_gd32f450_470.o(.text)
    CAN1_EWMC_IRQHandler                     0x080001db   Thumb Code     0  startup_gd32f450_470.o(.text)
    CAN1_RX0_IRQHandler                      0x080001db   Thumb Code     0  startup_gd32f450_470.o(.text)
    CAN1_RX1_IRQHandler                      0x080001db   Thumb Code     0  startup_gd32f450_470.o(.text)
    CAN1_TX_IRQHandler                       0x080001db   Thumb Code     0  startup_gd32f450_470.o(.text)
    DCI_IRQHandler                           0x080001db   Thumb Code     0  startup_gd32f450_470.o(.text)
    DMA0_Channel0_IRQHandler                 0x080001db   Thumb Code     0  startup_gd32f450_470.o(.text)
    DMA0_Channel2_IRQHandler                 0x080001db   Thumb Code     0  startup_gd32f450_470.o(.text)
    DMA0_Channel3_IRQHandler                 0x080001db   Thumb Code     0  startup_gd32f450_470.o(.text)
    DMA0_Channel4_IRQHandler                 0x080001db   Thumb Code     0  startup_gd32f450_470.o(.text)
    DMA0_Channel5_IRQHandler                 0x080001db   Thumb Code     0  startup_gd32f450_470.o(.text)
    DMA0_Channel7_IRQHandler                 0x080001db   Thumb Code     0  startup_gd32f450_470.o(.text)
    DMA1_Channel0_IRQHandler                 0x080001db   Thumb Code     0  startup_gd32f450_470.o(.text)
    DMA1_Channel1_IRQHandler                 0x080001db   Thumb Code     0  startup_gd32f450_470.o(.text)
    DMA1_Channel3_IRQHandler                 0x080001db   Thumb Code     0  startup_gd32f450_470.o(.text)
    DMA1_Channel4_IRQHandler                 0x080001db   Thumb Code     0  startup_gd32f450_470.o(.text)
    DMA1_Channel5_IRQHandler                 0x080001db   Thumb Code     0  startup_gd32f450_470.o(.text)
    DMA1_Channel6_IRQHandler                 0x080001db   Thumb Code     0  startup_gd32f450_470.o(.text)
    ENET_IRQHandler                          0x080001db   Thumb Code     0  startup_gd32f450_470.o(.text)
    ENET_WKUP_IRQHandler                     0x080001db   Thumb Code     0  startup_gd32f450_470.o(.text)
    EXMC_IRQHandler                          0x080001db   Thumb Code     0  startup_gd32f450_470.o(.text)
    EXTI0_IRQHandler                         0x080001db   Thumb Code     0  startup_gd32f450_470.o(.text)
    EXTI10_15_IRQHandler                     0x080001db   Thumb Code     0  startup_gd32f450_470.o(.text)
    EXTI1_IRQHandler                         0x080001db   Thumb Code     0  startup_gd32f450_470.o(.text)
    EXTI2_IRQHandler                         0x080001db   Thumb Code     0  startup_gd32f450_470.o(.text)
    EXTI3_IRQHandler                         0x080001db   Thumb Code     0  startup_gd32f450_470.o(.text)
    EXTI4_IRQHandler                         0x080001db   Thumb Code     0  startup_gd32f450_470.o(.text)
    EXTI5_9_IRQHandler                       0x080001db   Thumb Code     0  startup_gd32f450_470.o(.text)
    FMC_IRQHandler                           0x080001db   Thumb Code     0  startup_gd32f450_470.o(.text)
    FPU_IRQHandler                           0x080001db   Thumb Code     0  startup_gd32f450_470.o(.text)
    I2C0_ER_IRQHandler                       0x080001db   Thumb Code     0  startup_gd32f450_470.o(.text)
    I2C0_EV_IRQHandler                       0x080001db   Thumb Code     0  startup_gd32f450_470.o(.text)
    I2C1_ER_IRQHandler                       0x080001db   Thumb Code     0  startup_gd32f450_470.o(.text)
    I2C2_ER_IRQHandler                       0x080001db   Thumb Code     0  startup_gd32f450_470.o(.text)
    I2C2_EV_IRQHandler                       0x080001db   Thumb Code     0  startup_gd32f450_470.o(.text)
    IPA_IRQHandler                           0x080001db   Thumb Code     0  startup_gd32f450_470.o(.text)
    LVD_IRQHandler                           0x080001db   Thumb Code     0  startup_gd32f450_470.o(.text)
    RCU_CTC_IRQHandler                       0x080001db   Thumb Code     0  startup_gd32f450_470.o(.text)
    RTC_Alarm_IRQHandler                     0x080001db   Thumb Code     0  startup_gd32f450_470.o(.text)
    RTC_WKUP_IRQHandler                      0x080001db   Thumb Code     0  startup_gd32f450_470.o(.text)
    SDIO_IRQHandler                          0x080001db   Thumb Code     0  startup_gd32f450_470.o(.text)
    SPI0_IRQHandler                          0x080001db   Thumb Code     0  startup_gd32f450_470.o(.text)
    SPI1_IRQHandler                          0x080001db   Thumb Code     0  startup_gd32f450_470.o(.text)
    SPI2_IRQHandler                          0x080001db   Thumb Code     0  startup_gd32f450_470.o(.text)
    SPI3_IRQHandler                          0x080001db   Thumb Code     0  startup_gd32f450_470.o(.text)
    SPI4_IRQHandler                          0x080001db   Thumb Code     0  startup_gd32f450_470.o(.text)
    SPI5_IRQHandler                          0x080001db   Thumb Code     0  startup_gd32f450_470.o(.text)
    TAMPER_STAMP_IRQHandler                  0x080001db   Thumb Code     0  startup_gd32f450_470.o(.text)
    TIMER0_BRK_TIMER8_IRQHandler             0x080001db   Thumb Code     0  startup_gd32f450_470.o(.text)
    TIMER0_Channel_IRQHandler                0x080001db   Thumb Code     0  startup_gd32f450_470.o(.text)
    TIMER0_TRG_CMT_TIMER10_IRQHandler        0x080001db   Thumb Code     0  startup_gd32f450_470.o(.text)
    TIMER0_UP_TIMER9_IRQHandler              0x080001db   Thumb Code     0  startup_gd32f450_470.o(.text)
    TIMER1_IRQHandler                        0x080001db   Thumb Code     0  startup_gd32f450_470.o(.text)
    TIMER2_IRQHandler                        0x080001db   Thumb Code     0  startup_gd32f450_470.o(.text)
    TIMER3_IRQHandler                        0x080001db   Thumb Code     0  startup_gd32f450_470.o(.text)
    TIMER5_DAC_IRQHandler                    0x080001db   Thumb Code     0  startup_gd32f450_470.o(.text)
    TIMER6_IRQHandler                        0x080001db   Thumb Code     0  startup_gd32f450_470.o(.text)
    TIMER7_BRK_TIMER11_IRQHandler            0x080001db   Thumb Code     0  startup_gd32f450_470.o(.text)
    TIMER7_Channel_IRQHandler                0x080001db   Thumb Code     0  startup_gd32f450_470.o(.text)
    TIMER7_TRG_CMT_TIMER13_IRQHandler        0x080001db   Thumb Code     0  startup_gd32f450_470.o(.text)
    TIMER7_UP_TIMER12_IRQHandler             0x080001db   Thumb Code     0  startup_gd32f450_470.o(.text)
    TLI_ER_IRQHandler                        0x080001db   Thumb Code     0  startup_gd32f450_470.o(.text)
    TLI_IRQHandler                           0x080001db   Thumb Code     0  startup_gd32f450_470.o(.text)
    TRNG_IRQHandler                          0x080001db   Thumb Code     0  startup_gd32f450_470.o(.text)
    UART3_IRQHandler                         0x080001db   Thumb Code     0  startup_gd32f450_470.o(.text)
    UART4_IRQHandler                         0x080001db   Thumb Code     0  startup_gd32f450_470.o(.text)
    UART6_IRQHandler                         0x080001db   Thumb Code     0  startup_gd32f450_470.o(.text)
    UART7_IRQHandler                         0x080001db   Thumb Code     0  startup_gd32f450_470.o(.text)
    USART0_IRQHandler                        0x080001db   Thumb Code     0  startup_gd32f450_470.o(.text)
    USART1_IRQHandler                        0x080001db   Thumb Code     0  startup_gd32f450_470.o(.text)
    USART2_IRQHandler                        0x080001db   Thumb Code     0  startup_gd32f450_470.o(.text)
    USART5_IRQHandler                        0x080001db   Thumb Code     0  startup_gd32f450_470.o(.text)
    USBFS_IRQHandler                         0x080001db   Thumb Code     0  startup_gd32f450_470.o(.text)
    USBFS_WKUP_IRQHandler                    0x080001db   Thumb Code     0  startup_gd32f450_470.o(.text)
    USBHS_EP1_In_IRQHandler                  0x080001db   Thumb Code     0  startup_gd32f450_470.o(.text)
    USBHS_EP1_Out_IRQHandler                 0x080001db   Thumb Code     0  startup_gd32f450_470.o(.text)
    USBHS_IRQHandler                         0x080001db   Thumb Code     0  startup_gd32f450_470.o(.text)
    USBHS_WKUP_IRQHandler                    0x080001db   Thumb Code     0  startup_gd32f450_470.o(.text)
    WWDGT_IRQHandler                         0x080001db   Thumb Code     0  startup_gd32f450_470.o(.text)
    __aeabi_ddiv                             0x080001e5   Thumb Code   222  ddiv.o(.text)
    __aeabi_f2d                              0x080002c3   Thumb Code    38  f2d.o(.text)
    __aeabi_d2f                              0x080002e9   Thumb Code    56  d2f.o(.text)
    __aeabi_llsl                             0x08000321   Thumb Code    30  llshl.o(.text)
    _ll_shift_l                              0x08000321   Thumb Code     0  llshl.o(.text)
    __I$use$fp                               0x0800033f   Thumb Code     0  iusefp.o(.text)
    _float_round                             0x0800033f   Thumb Code    18  fepilogue.o(.text)
    _float_epilogue                          0x08000351   Thumb Code    92  fepilogue.o(.text)
    _double_round                            0x080003ad   Thumb Code    30  depilogue.o(.text)
    _double_epilogue                         0x080003cb   Thumb Code   156  depilogue.o(.text)
    __scatterload                            0x08000469   Thumb Code    28  init.o(.text)
    __scatterload_rt2                        0x08000469   Thumb Code     0  init.o(.text)
    __aeabi_llsr                             0x0800048d   Thumb Code    32  llushr.o(.text)
    _ll_ushift_r                             0x0800048d   Thumb Code     0  llushr.o(.text)
    ADC2_DMA_init_454                        0x080004ad   Thumb Code   116  454software.o(.text.ADC2_DMA_init_454)
    ADC2_init_454                            0x08000521   Thumb Code   230  454software.o(.text.ADC2_init_454)
    DMA0_Channel1_IRQHandler                 0x08000609   Thumb Code   242  454software.o(.text.DMA0_Channel1_IRQHandler)
    DMA0_Channel6_IRQHandler                 0x080006fd   Thumb Code    58  454software.o(.text.DMA0_Channel6_IRQHandler)
    DMA1_Channel2_IRQHandler                 0x08000739   Thumb Code    58  454software.o(.text.DMA1_Channel2_IRQHandler)
    DMA1_Channel7_IRQHandler                 0x08000775   Thumb Code    58  454software.o(.text.DMA1_Channel7_IRQHandler)
    I2C1_EV_IRQHandler                       0x080007b1   Thumb Code    16  454software.o(.text.I2C1_EV_IRQHandler)
    I2C_init_454                             0x080007c1   Thumb Code   422  454software.o(.text.I2C_init_454)
    LED_init_454                             0x08000969   Thumb Code   126  454software.o(.text.LED_init_454)
    MAX31865_CsOff                           0x080009e9   Thumb Code    24  454software.o(.text.MAX31865_CsOff)
    MAX31865_CsOn                            0x08000a01   Thumb Code    24  454software.o(.text.MAX31865_CsOn)
    MAX31865_HWInit                          0x08000a19   Thumb Code    20  454software.o(.text.MAX31865_HWInit)
    MAX31865_Spi_WriteByte                   0x08000a2d   Thumb Code    24  454software.o(.text.MAX31865_Spi_WriteByte)
    MAX31865_bufWrite                        0x08000a45   Thumb Code    54  454software.o(.text.MAX31865_bufWrite)
    NVIC_init_454                            0x08000a7d   Thumb Code    68  454software.o(.text.NVIC_init_454)
    PWM_IN_init_454                          0x08000ac1   Thumb Code   226  454software.o(.text.PWM_IN_init_454)
    PWM_init_454                             0x08000ba5   Thumb Code   636  454software.o(.text.PWM_init_454)
    RCU_init_454                             0x08000e21   Thumb Code   198  454software.o(.text.RCU_init_454)
    SPI1_Transfer                            0x08000ee9   Thumb Code   124  454software.o(.text.SPI1_Transfer)
    SPI1_init_454                            0x08000f65   Thumb Code   302  454software.o(.text.SPI1_init_454)
    SystemInit                               0x08001095   Thumb Code   232  system_gd32f4xx.o(.text.SystemInit)
    TIMER4_IRQHandler                        0x08001181   Thumb Code   240  454software.o(.text.TIMER4_IRQHandler)
    TIMER_init_454                           0x08001271   Thumb Code    64  454software.o(.text.TIMER_init_454)
    USART0_init_454                          0x080012b1   Thumb Code   392  454software.o(.text.USART0_init_454)
    USART1_init_454                          0x08001439   Thumb Code   310  454software.o(.text.USART1_init_454)
    USART2_init_454                          0x08001571   Thumb Code   334  454software.o(.text.USART2_init_454)
    YDP_init_454                             0x080016c1   Thumb Code    54  454software.o(.text.YDP_init_454)
    adc_calibration_enable                   0x080016f9   Thumb Code    60  gd32f4xx_adc.o(.text.adc_calibration_enable)
    adc_channel_length_config                0x08001735   Thumb Code   142  gd32f4xx_adc.o(.text.adc_channel_length_config)
    adc_clock_config                         0x080017c5   Thumb Code    32  gd32f4xx_adc.o(.text.adc_clock_config)
    adc_data_alignment_config                0x080017e5   Thumb Code    40  gd32f4xx_adc.o(.text.adc_data_alignment_config)
    adc_deinit                               0x0800180d   Thumb Code    24  gd32f4xx_adc.o(.text.adc_deinit)
    adc_dma_mode_enable                      0x08001825   Thumb Code    18  gd32f4xx_adc.o(.text.adc_dma_mode_enable)
    adc_dma_request_after_last_enable        0x08001839   Thumb Code    18  gd32f4xx_adc.o(.text.adc_dma_request_after_last_enable)
    adc_enable                               0x0800184d   Thumb Code    30  gd32f4xx_adc.o(.text.adc_enable)
    adc_external_trigger_config              0x0800186d   Thumb Code    86  gd32f4xx_adc.o(.text.adc_external_trigger_config)
    adc_regular_channel_config               0x080018c5   Thumb Code   372  gd32f4xx_adc.o(.text.adc_regular_channel_config)
    adc_resolution_config                    0x08001a39   Thumb Code    30  gd32f4xx_adc.o(.text.adc_resolution_config)
    adc_software_trigger_enable              0x08001a59   Thumb Code    60  gd32f4xx_adc.o(.text.adc_software_trigger_enable)
    adc_special_function_config              0x08001a95   Thumb Code   166  gd32f4xx_adc.o(.text.adc_special_function_config)
    adc_sync_mode_config                     0x08001b3d   Thumb Code    32  gd32f4xx_adc.o(.text.adc_sync_mode_config)
    dma_channel_disable                      0x08001b5d   Thumb Code    34  gd32f4xx_dma.o(.text.dma_channel_disable)
    dma_channel_enable                       0x08001b81   Thumb Code    34  gd32f4xx_dma.o(.text.dma_channel_enable)
    dma_channel_subperipheral_select         0x08001ba5   Thumb Code    72  gd32f4xx_dma.o(.text.dma_channel_subperipheral_select)
    dma_deinit                               0x08001bed   Thumb Code   220  gd32f4xx_dma.o(.text.dma_deinit)
    dma_interrupt_enable                     0x08001cc9   Thumb Code    70  gd32f4xx_dma.o(.text.dma_interrupt_enable)
    dma_interrupt_flag_clear                 0x08001d11   Thumb Code   102  gd32f4xx_dma.o(.text.dma_interrupt_flag_clear)
    dma_interrupt_flag_get                   0x08001d79   Thumb Code   734  gd32f4xx_dma.o(.text.dma_interrupt_flag_get)
    dma_memory_address_config                0x08002059   Thumb Code    66  gd32f4xx_dma.o(.text.dma_memory_address_config)
    dma_multi_data_mode_init                 0x0800209d   Thumb Code   394  gd32f4xx_dma.o(.text.dma_multi_data_mode_init)
    dma_multi_data_para_struct_init          0x08002229   Thumb Code    60  gd32f4xx_dma.o(.text.dma_multi_data_para_struct_init)
    dma_single_data_mode_init                0x08002265   Thumb Code   372  gd32f4xx_dma.o(.text.dma_single_data_mode_init)
    dma_single_data_para_struct_init         0x080023d9   Thumb Code    48  gd32f4xx_dma.o(.text.dma_single_data_para_struct_init)
    dma_transfer_number_config               0x08002409   Thumb Code    32  gd32f4xx_dma.o(.text.dma_transfer_number_config)
    gpio_af_set                              0x08002429   Thumb Code   212  gd32f4xx_gpio.o(.text.gpio_af_set)
    gpio_bit_reset                           0x080024fd   Thumb Code    16  gd32f4xx_gpio.o(.text.gpio_bit_reset)
    gpio_bit_set                             0x0800250d   Thumb Code    16  gd32f4xx_gpio.o(.text.gpio_bit_set)
    gpio_mode_set                            0x0800251d   Thumb Code   156  gd32f4xx_gpio.o(.text.gpio_mode_set)
    gpio_output_options_set                  0x080025b9   Thumb Code   146  gd32f4xx_gpio.o(.text.gpio_output_options_set)
    i2c_ack_config                           0x0800264d   Thumb Code    42  gd32f4xx_i2c.o(.text.i2c_ack_config)
    i2c_clock_config                         0x08002679   Thumb Code   354  gd32f4xx_i2c.o(.text.i2c_clock_config)
    i2c_deinit                               0x080027dd   Thumb Code   116  gd32f4xx_i2c.o(.text.i2c_deinit)
    i2c_enable                               0x08002851   Thumb Code    18  gd32f4xx_i2c.o(.text.i2c_enable)
    i2c_mode_addr_config                     0x08002865   Thumb Code    64  gd32f4xx_i2c.o(.text.i2c_mode_addr_config)
    init_454                                 0x080028a5   Thumb Code    82  454software.o(.text.init_454)
    log_454                                  0x080028f9   Thumb Code    96  454software.o(.text.log_454)
    main                                     0x08002959   Thumb Code   134  main.o(.text.main)
    ms_delay_454                             0x080029e1   Thumb Code   208  454software.o(.text.ms_delay_454)
    nvic_irq_enable                          0x08002ab1   Thumb Code   298  gd32f4xx_misc.o(.text.nvic_irq_enable)
    nvic_priority_group_set                  0x08002bdd   Thumb Code    28  gd32f4xx_misc.o(.text.nvic_priority_group_set)
    rcu_ahb_clock_config                     0x08002bf9   Thumb Code    36  gd32f4xx_rcu.o(.text.rcu_ahb_clock_config)
    rcu_apb1_clock_config                    0x08002c1d   Thumb Code    36  gd32f4xx_rcu.o(.text.rcu_apb1_clock_config)
    rcu_clock_freq_get                       0x08002c41   Thumb Code   354  gd32f4xx_rcu.o(.text.rcu_clock_freq_get)
    rcu_periph_clock_enable                  0x08002da5   Thumb Code    40  gd32f4xx_rcu.o(.text.rcu_periph_clock_enable)
    rcu_periph_reset_disable                 0x08002dcd   Thumb Code    40  gd32f4xx_rcu.o(.text.rcu_periph_reset_disable)
    rcu_periph_reset_enable                  0x08002df5   Thumb Code    40  gd32f4xx_rcu.o(.text.rcu_periph_reset_enable)
    send_motor_control_frame                 0x08002e1d   Thumb Code   122  454software.o(.text.send_motor_control_frame)
    spi_enable                               0x08002e99   Thumb Code    18  gd32f4xx_spi.o(.text.spi_enable)
    spi_i2s_data_receive                     0x08002ead   Thumb Code    14  gd32f4xx_spi.o(.text.spi_i2s_data_receive)
    spi_i2s_data_transmit                    0x08002ebd   Thumb Code    20  gd32f4xx_spi.o(.text.spi_i2s_data_transmit)
    spi_i2s_deinit                           0x08002ed1   Thumb Code   218  gd32f4xx_spi.o(.text.spi_i2s_deinit)
    spi_i2s_flag_get                         0x08002fad   Thumb Code    42  gd32f4xx_spi.o(.text.spi_i2s_flag_get)
    spi_init                                 0x08002fd9   Thumb Code   114  gd32f4xx_spi.o(.text.spi_init)
    timer_auto_reload_shadow_enable          0x080031b5   Thumb Code    18  gd32f4xx_timer.o(.text.timer_auto_reload_shadow_enable)
    timer_autoreload_value_config            0x080031c9   Thumb Code    16  gd32f4xx_timer.o(.text.timer_autoreload_value_config)
    timer_channel_capture_value_register_read 0x080031d9   Thumb Code    74  gd32f4xx_timer.o(.text.timer_channel_capture_value_register_read)
    timer_channel_input_capture_prescaler_config 0x08003225   Thumb Code   140  gd32f4xx_timer.o(.text.timer_channel_input_capture_prescaler_config)
    timer_channel_output_config              0x080032b1   Thumb Code   712  gd32f4xx_timer.o(.text.timer_channel_output_config)
    timer_channel_output_mode_config         0x08003579   Thumb Code   140  gd32f4xx_timer.o(.text.timer_channel_output_mode_config)
    timer_channel_output_pulse_value_config  0x08003605   Thumb Code    70  gd32f4xx_timer.o(.text.timer_channel_output_pulse_value_config)
    timer_channel_output_shadow_config       0x0800364d   Thumb Code   140  gd32f4xx_timer.o(.text.timer_channel_output_shadow_config)
    timer_counter_value_config               0x080036d9   Thumb Code    16  gd32f4xx_timer.o(.text.timer_counter_value_config)
    timer_deinit                             0x080036e9   Thumb Code   488  gd32f4xx_timer.o(.text.timer_deinit)
    timer_enable                             0x080038d1   Thumb Code    18  gd32f4xx_timer.o(.text.timer_enable)
    timer_flag_clear                         0x080038e5   Thumb Code    18  gd32f4xx_timer.o(.text.timer_flag_clear)
    timer_flag_get                           0x080038f9   Thumb Code    42  gd32f4xx_timer.o(.text.timer_flag_get)
    timer_init                               0x08003925   Thumb Code   256  gd32f4xx_timer.o(.text.timer_init)
    timer_input_capture_config               0x08003a25   Thumb Code   426  gd32f4xx_timer.o(.text.timer_input_capture_config)
    timer_interrupt_enable                   0x08003bd1   Thumb Code    20  gd32f4xx_timer.o(.text.timer_interrupt_enable)
    timer_interrupt_flag_clear               0x08003be5   Thumb Code    18  gd32f4xx_timer.o(.text.timer_interrupt_flag_clear)
    timer_interrupt_flag_get                 0x08003bf9   Thumb Code    58  gd32f4xx_timer.o(.text.timer_interrupt_flag_get)
    usart0_send_454                          0x08003c35   Thumb Code   102  454software.o(.text.usart0_send_454)
    usart_baudrate_set                       0x08003c9d   Thumb Code   344  gd32f4xx_usart.o(.text.usart_baudrate_set)
    usart_data_receive                       0x08003df5   Thumb Code    16  gd32f4xx_usart.o(.text.usart_data_receive)
    usart_data_transmit                      0x08003e05   Thumb Code    20  gd32f4xx_usart.o(.text.usart_data_transmit)
    usart_deinit                             0x08003e19   Thumb Code   286  gd32f4xx_usart.o(.text.usart_deinit)
    usart_disable                            0x08003f39   Thumb Code    18  gd32f4xx_usart.o(.text.usart_disable)
    usart_dma_receive_config                 0x08003f4d   Thumb Code    42  gd32f4xx_usart.o(.text.usart_dma_receive_config)
    usart_dma_transmit_config                0x08003f79   Thumb Code    42  gd32f4xx_usart.o(.text.usart_dma_transmit_config)
    usart_enable                             0x08003fa5   Thumb Code    18  gd32f4xx_usart.o(.text.usart_enable)
    usart_flag_get                           0x08003fb9   Thumb Code    58  gd32f4xx_usart.o(.text.usart_flag_get)
    usart_hardware_flow_cts_config           0x08003ff5   Thumb Code    42  gd32f4xx_usart.o(.text.usart_hardware_flow_cts_config)
    usart_hardware_flow_rts_config           0x08004021   Thumb Code    42  gd32f4xx_usart.o(.text.usart_hardware_flow_rts_config)
    usart_parity_config                      0x0800404d   Thumb Code    30  gd32f4xx_usart.o(.text.usart_parity_config)
    usart_prescaler_config                   0x0800406d   Thumb Code    34  gd32f4xx_usart.o(.text.usart_prescaler_config)
    usart_receive_config                     0x08004091   Thumb Code    42  gd32f4xx_usart.o(.text.usart_receive_config)
    usart_stop_bit_set                       0x080040bd   Thumb Code    30  gd32f4xx_usart.o(.text.usart_stop_bit_set)
    usart_transmit_config                    0x080040dd   Thumb Code    42  gd32f4xx_usart.o(.text.usart_transmit_config)
    usart_word_length_set                    0x08004109   Thumb Code    30  gd32f4xx_usart.o(.text.usart_word_length_set)
    __scatterload_copy                       0x08004127   Thumb Code    14  handlers.o(i.__scatterload_copy)
    __scatterload_null                       0x08004135   Thumb Code     2  handlers.o(i.__scatterload_null)
    __scatterload_zeroinit                   0x08004137   Thumb Code    14  handlers.o(i.__scatterload_zeroinit)
    Region$$Table$$Base                      0x08004170   Number         0  anon$$obj.o(Region$$Table)
    Region$$Table$$Limit                     0x08004190   Number         0  anon$$obj.o(Region$$Table)
    SystemCoreClock                          0x20000000   Data           4  system_gd32f4xx.o(.data.SystemCoreClock)
    MOTOR_received_frame                     0x20000008   Data           6  454software.o(.bss.MOTOR_received_frame)
    adc_values_454                           0x2000000e   Data           8  454software.o(.bss.adc_values_454)
    motor_status                             0x20000018   Data          12  454software.o(.bss.motor_status)
    pwm_values                               0x20000024   Data          36  454software.o(.bss.pwm_values)
    __initial_sp                             0x20000448   Data           0  startup_gd32f450_470.o(STACK)



==============================================================================

Memory Map of the image

  Image Entry point : 0x080001ad

  Load Region LR_IROM1 (Base: 0x08000000, Size: 0x00004198, Max: 0x00300000, ABSOLUTE)

    Execution Region ER_IROM1 (Exec base: 0x08000000, Load base: 0x08000000, Size: 0x00004190, Max: 0x00300000, ABSOLUTE)

    Exec Addr    Load Addr    Size         Type   Attr      Idx    E Section Name        Object

    0x08000000   0x08000000   0x000001ac   Data   RO         2069    RESET               startup_gd32f450_470.o
    0x080001ac   0x080001ac   0x00000000   Code   RO         2100  * .ARM.Collect$$$$00000000  mc_w.l(entry.o)
    0x080001ac   0x080001ac   0x00000004   Code   RO         2144    .ARM.Collect$$$$00000001  mc_w.l(entry2.o)
    0x080001b0   0x080001b0   0x00000004   Code   RO         2147    .ARM.Collect$$$$00000004  mc_w.l(entry5.o)
    0x080001b4   0x080001b4   0x00000000   Code   RO         2149    .ARM.Collect$$$$00000008  mc_w.l(entry7b.o)
    0x080001b4   0x080001b4   0x00000000   Code   RO         2151    .ARM.Collect$$$$0000000A  mc_w.l(entry8b.o)
    0x080001b4   0x080001b4   0x00000008   Code   RO         2152    .ARM.Collect$$$$0000000B  mc_w.l(entry9a.o)
    0x080001bc   0x080001bc   0x00000000   Code   RO         2154    .ARM.Collect$$$$0000000D  mc_w.l(entry10a.o)
    0x080001bc   0x080001bc   0x00000000   Code   RO         2156    .ARM.Collect$$$$0000000F  mc_w.l(entry11a.o)
    0x080001bc   0x080001bc   0x00000004   Code   RO         2145    .ARM.Collect$$$$00002712  mc_w.l(entry2.o)
    0x080001c0   0x080001c0   0x00000024   Code   RO         2070    .text               startup_gd32f450_470.o
    0x080001e4   0x080001e4   0x000000de   Code   RO         2105    .text               mf_w.l(ddiv.o)
    0x080002c2   0x080002c2   0x00000026   Code   RO         2109    .text               mf_w.l(f2d.o)
    0x080002e8   0x080002e8   0x00000038   Code   RO         2111    .text               mf_w.l(d2f.o)
    0x08000320   0x08000320   0x0000001e   Code   RO         2158    .text               mc_w.l(llshl.o)
    0x0800033e   0x0800033e   0x00000000   Code   RO         2169    .text               mc_w.l(iusefp.o)
    0x0800033e   0x0800033e   0x0000006e   Code   RO         2170    .text               mf_w.l(fepilogue.o)
    0x080003ac   0x080003ac   0x000000ba   Code   RO         2172    .text               mf_w.l(depilogue.o)
    0x08000466   0x08000466   0x00000002   PAD
    0x08000468   0x08000468   0x00000024   Code   RO         2184    .text               mc_w.l(init.o)
    0x0800048c   0x0800048c   0x00000020   Code   RO         2186    .text               mc_w.l(llushr.o)
    0x080004ac   0x080004ac   0x00000074   Code   RO           40    .text.ADC2_DMA_init_454  454software.o
    0x08000520   0x08000520   0x000000e6   Code   RO           42    .text.ADC2_init_454  454software.o
    0x08000606   0x08000606   0x00000002   PAD
    0x08000608   0x08000608   0x000000f2   Code   RO          146    .text.DMA0_Channel1_IRQHandler  454software.o
    0x080006fa   0x080006fa   0x00000002   PAD
    0x080006fc   0x080006fc   0x0000003a   Code   RO          140    .text.DMA0_Channel6_IRQHandler  454software.o
    0x08000736   0x08000736   0x00000002   PAD
    0x08000738   0x08000738   0x0000003a   Code   RO          144    .text.DMA1_Channel2_IRQHandler  454software.o
    0x08000772   0x08000772   0x00000002   PAD
    0x08000774   0x08000774   0x0000003a   Code   RO          142    .text.DMA1_Channel7_IRQHandler  454software.o
    0x080007ae   0x080007ae   0x00000002   PAD
    0x080007b0   0x080007b0   0x00000010   Code   RO          138    .text.I2C1_EV_IRQHandler  454software.o
    0x080007c0   0x080007c0   0x000001a6   Code   RO           18    .text.I2C_init_454  454software.o
    0x08000966   0x08000966   0x00000002   PAD
    0x08000968   0x08000968   0x0000007e   Code   RO           20    .text.LED_init_454  454software.o
    0x080009e6   0x080009e6   0x00000002   PAD
    0x080009e8   0x080009e8   0x00000018   Code   RO          112    .text.MAX31865_CsOff  454software.o
    0x08000a00   0x08000a00   0x00000018   Code   RO          110    .text.MAX31865_CsOn  454software.o
    0x08000a18   0x08000a18   0x00000014   Code   RO           34    .text.MAX31865_HWInit  454software.o
    0x08000a2c   0x08000a2c   0x00000018   Code   RO          116    .text.MAX31865_Spi_WriteByte  454software.o
    0x08000a44   0x08000a44   0x00000036   Code   RO          120    .text.MAX31865_bufWrite  454software.o
    0x08000a7a   0x08000a7a   0x00000002   PAD
    0x08000a7c   0x08000a7c   0x00000044   Code   RO           16    .text.NVIC_init_454  454software.o
    0x08000ac0   0x08000ac0   0x000000e2   Code   RO           38    .text.PWM_IN_init_454  454software.o
    0x08000ba2   0x08000ba2   0x00000002   PAD
    0x08000ba4   0x08000ba4   0x0000027c   Code   RO           36    .text.PWM_init_454  454software.o
    0x08000e20   0x08000e20   0x000000c6   Code   RO           14    .text.RCU_init_454  454software.o
    0x08000ee6   0x08000ee6   0x00000002   PAD
    0x08000ee8   0x08000ee8   0x0000007c   Code   RO          114    .text.SPI1_Transfer  454software.o
    0x08000f64   0x08000f64   0x0000012e   Code   RO           32    .text.SPI1_init_454  454software.o
    0x08001092   0x08001092   0x00000002   PAD
    0x08001094   0x08001094   0x000000e8   Code   RO         2077    .text.SystemInit    system_gd32f4xx.o
    0x0800117c   0x0800117c   0x00000004   PAD
    0x08001180   0x08001180   0x000000f0   Code   RO          136    .text.TIMER4_IRQHandler  454software.o
    0x08001270   0x08001270   0x00000040   Code   RO           24    .text.TIMER_init_454  454software.o
    0x080012b0   0x080012b0   0x00000188   Code   RO           26    .text.USART0_init_454  454software.o
    0x08001438   0x08001438   0x00000136   Code   RO           28    .text.USART1_init_454  454software.o
    0x0800156e   0x0800156e   0x00000002   PAD
    0x08001570   0x08001570   0x0000014e   Code   RO           30    .text.USART2_init_454  454software.o
    0x080016be   0x080016be   0x00000002   PAD
    0x080016c0   0x080016c0   0x00000036   Code   RO           22    .text.YDP_init_454  454software.o
    0x080016f6   0x080016f6   0x00000002   PAD
    0x080016f8   0x080016f8   0x0000003c   Code   RO          173    .text.adc_calibration_enable  gd32f4xx_adc.o
    0x08001734   0x08001734   0x0000008e   Code   RO          195    .text.adc_channel_length_config  gd32f4xx_adc.o
    0x080017c2   0x080017c2   0x00000002   PAD
    0x080017c4   0x080017c4   0x00000020   Code   RO          163    .text.adc_clock_config  gd32f4xx_adc.o
    0x080017e4   0x080017e4   0x00000028   Code   RO          167    .text.adc_data_alignment_config  gd32f4xx_adc.o
    0x0800180c   0x0800180c   0x00000018   Code   RO          161    .text.adc_deinit    gd32f4xx_adc.o
    0x08001824   0x08001824   0x00000012   Code   RO          185    .text.adc_dma_mode_enable  gd32f4xx_adc.o
    0x08001836   0x08001836   0x00000002   PAD
    0x08001838   0x08001838   0x00000012   Code   RO          189    .text.adc_dma_request_after_last_enable  gd32f4xx_adc.o
    0x0800184a   0x0800184a   0x00000002   PAD
    0x0800184c   0x0800184c   0x0000001e   Code   RO          169    .text.adc_enable    gd32f4xx_adc.o
    0x0800186a   0x0800186a   0x00000002   PAD
    0x0800186c   0x0800186c   0x00000056   Code   RO          205    .text.adc_external_trigger_config  gd32f4xx_adc.o
    0x080018c2   0x080018c2   0x00000002   PAD
    0x080018c4   0x080018c4   0x00000174   Code   RO          197    .text.adc_regular_channel_config  gd32f4xx_adc.o
    0x08001a38   0x08001a38   0x0000001e   Code   RO          177    .text.adc_resolution_config  gd32f4xx_adc.o
    0x08001a56   0x08001a56   0x00000002   PAD
    0x08001a58   0x08001a58   0x0000003c   Code   RO          207    .text.adc_software_trigger_enable  gd32f4xx_adc.o
    0x08001a94   0x08001a94   0x000000a6   Code   RO          165    .text.adc_special_function_config  gd32f4xx_adc.o
    0x08001b3a   0x08001b3a   0x00000002   PAD
    0x08001b3c   0x08001b3c   0x00000020   Code   RO          241    .text.adc_sync_mode_config  gd32f4xx_adc.o
    0x08001b5c   0x08001b5c   0x00000022   Code   RO          574    .text.dma_channel_disable  gd32f4xx_dma.o
    0x08001b7e   0x08001b7e   0x00000002   PAD
    0x08001b80   0x08001b80   0x00000022   Code   RO          572    .text.dma_channel_enable  gd32f4xx_dma.o
    0x08001ba2   0x08001ba2   0x00000002   PAD
    0x08001ba4   0x08001ba4   0x00000048   Code   RO          582    .text.dma_channel_subperipheral_select  gd32f4xx_dma.o
    0x08001bec   0x08001bec   0x000000dc   Code   RO          536    .text.dma_deinit    gd32f4xx_dma.o
    0x08001cc8   0x08001cc8   0x00000046   Code   RO          594    .text.dma_interrupt_enable  gd32f4xx_dma.o
    0x08001d0e   0x08001d0e   0x00000002   PAD
    0x08001d10   0x08001d10   0x00000066   Code   RO          600    .text.dma_interrupt_flag_clear  gd32f4xx_dma.o
    0x08001d76   0x08001d76   0x00000002   PAD
    0x08001d78   0x08001d78   0x000002de   Code   RO          598    .text.dma_interrupt_flag_get  gd32f4xx_dma.o
    0x08002056   0x08002056   0x00000002   PAD
    0x08002058   0x08002058   0x00000042   Code   RO          548    .text.dma_memory_address_config  gd32f4xx_dma.o
    0x0800209a   0x0800209a   0x00000002   PAD
    0x0800209c   0x0800209c   0x0000018a   Code   RO          544    .text.dma_multi_data_mode_init  gd32f4xx_dma.o
    0x08002226   0x08002226   0x00000002   PAD
    0x08002228   0x08002228   0x0000003c   Code   RO          540    .text.dma_multi_data_para_struct_init  gd32f4xx_dma.o
    0x08002264   0x08002264   0x00000174   Code   RO          542    .text.dma_single_data_mode_init  gd32f4xx_dma.o
    0x080023d8   0x080023d8   0x00000030   Code   RO          538    .text.dma_single_data_para_struct_init  gd32f4xx_dma.o
    0x08002408   0x08002408   0x00000020   Code   RO          550    .text.dma_transfer_number_config  gd32f4xx_dma.o
    0x08002428   0x08002428   0x000000d4   Code   RO         1045    .text.gpio_af_set   gd32f4xx_gpio.o
    0x080024fc   0x080024fc   0x00000010   Code   RO         1031    .text.gpio_bit_reset  gd32f4xx_gpio.o
    0x0800250c   0x0800250c   0x00000010   Code   RO         1029    .text.gpio_bit_set  gd32f4xx_gpio.o
    0x0800251c   0x0800251c   0x0000009c   Code   RO         1025    .text.gpio_mode_set  gd32f4xx_gpio.o
    0x080025b8   0x080025b8   0x00000092   Code   RO         1027    .text.gpio_output_options_set  gd32f4xx_gpio.o
    0x0800264a   0x0800264a   0x00000002   PAD
    0x0800264c   0x0800264c   0x0000002a   Code   RO         1068    .text.i2c_ack_config  gd32f4xx_i2c.o
    0x08002676   0x08002676   0x00000002   PAD
    0x08002678   0x08002678   0x00000162   Code   RO         1062    .text.i2c_clock_config  gd32f4xx_i2c.o
    0x080027da   0x080027da   0x00000002   PAD
    0x080027dc   0x080027dc   0x00000074   Code   RO         1060    .text.i2c_deinit    gd32f4xx_i2c.o
    0x08002850   0x08002850   0x00000012   Code   RO         1078    .text.i2c_enable    gd32f4xx_i2c.o
    0x08002862   0x08002862   0x00000002   PAD
    0x08002864   0x08002864   0x00000040   Code   RO         1064    .text.i2c_mode_addr_config  gd32f4xx_i2c.o
    0x080028a4   0x080028a4   0x00000052   Code   RO           12    .text.init_454      454software.o
    0x080028f6   0x080028f6   0x00000002   PAD
    0x080028f8   0x080028f8   0x00000060   Code   RO           48    .text.log_454       454software.o
    0x08002958   0x08002958   0x00000086   Code   RO            2    .text.main          main.o
    0x080029de   0x080029de   0x00000002   PAD
    0x080029e0   0x080029e0   0x000000d0   Code   RO           44    .text.ms_delay_454  454software.o
    0x08002ab0   0x08002ab0   0x0000012a   Code   RO         1225    .text.nvic_irq_enable  gd32f4xx_misc.o
    0x08002bda   0x08002bda   0x00000002   PAD
    0x08002bdc   0x08002bdc   0x0000001c   Code   RO         1223    .text.nvic_priority_group_set  gd32f4xx_misc.o
    0x08002bf8   0x08002bf8   0x00000024   Code   RO         1318    .text.rcu_ahb_clock_config  gd32f4xx_rcu.o
    0x08002c1c   0x08002c1c   0x00000024   Code   RO         1320    .text.rcu_apb1_clock_config  gd32f4xx_rcu.o
    0x08002c40   0x08002c40   0x00000162   Code   RO         1386    .text.rcu_clock_freq_get  gd32f4xx_rcu.o
    0x08002da2   0x08002da2   0x00000002   PAD
    0x08002da4   0x08002da4   0x00000028   Code   RO         1298    .text.rcu_periph_clock_enable  gd32f4xx_rcu.o
    0x08002dcc   0x08002dcc   0x00000028   Code   RO         1308    .text.rcu_periph_reset_disable  gd32f4xx_rcu.o
    0x08002df4   0x08002df4   0x00000028   Code   RO         1306    .text.rcu_periph_reset_enable  gd32f4xx_rcu.o
    0x08002e1c   0x08002e1c   0x0000007a   Code   RO          134    .text.send_motor_control_frame  454software.o
    0x08002e96   0x08002e96   0x00000002   PAD
    0x08002e98   0x08002e98   0x00000012   Code   RO         1593    .text.spi_enable    gd32f4xx_spi.o
    0x08002eaa   0x08002eaa   0x00000002   PAD
    0x08002eac   0x08002eac   0x0000000e   Code   RO         1621    .text.spi_i2s_data_receive  gd32f4xx_spi.o
    0x08002eba   0x08002eba   0x00000002   PAD
    0x08002ebc   0x08002ebc   0x00000014   Code   RO         1619    .text.spi_i2s_data_transmit  gd32f4xx_spi.o
    0x08002ed0   0x08002ed0   0x000000da   Code   RO         1587    .text.spi_i2s_deinit  gd32f4xx_spi.o
    0x08002faa   0x08002faa   0x00000002   PAD
    0x08002fac   0x08002fac   0x0000002a   Code   RO         1661    .text.spi_i2s_flag_get  gd32f4xx_spi.o
    0x08002fd6   0x08002fd6   0x00000002   PAD
    0x08002fd8   0x08002fd8   0x00000072   Code   RO         1591    .text.spi_init      gd32f4xx_spi.o
    0x0800304a   0x0800304a   0x00000002   PAD
    0x0800304c   0x0800304c   0x0000015e   Code   RO         2083    .text.system_clock_200m_25m_hxtal  system_gd32f4xx.o
    0x080031aa   0x080031aa   0x00000002   PAD
    0x080031ac   0x080031ac   0x00000008   Code   RO         2079    .text.system_clock_config  system_gd32f4xx.o
    0x080031b4   0x080031b4   0x00000012   Code   RO         1705    .text.timer_auto_reload_shadow_enable  gd32f4xx_timer.o
    0x080031c6   0x080031c6   0x00000002   PAD
    0x080031c8   0x080031c8   0x00000010   Code   RO         1723    .text.timer_autoreload_value_config  gd32f4xx_timer.o
    0x080031d8   0x080031d8   0x0000004a   Code   RO         1791    .text.timer_channel_capture_value_register_read  gd32f4xx_timer.o
    0x08003222   0x08003222   0x00000002   PAD
    0x08003224   0x08003224   0x0000008c   Code   RO         1789    .text.timer_channel_input_capture_prescaler_config  gd32f4xx_timer.o
    0x080032b0   0x080032b0   0x000002c8   Code   RO         1765    .text.timer_channel_output_config  gd32f4xx_timer.o
    0x08003578   0x08003578   0x0000008c   Code   RO         1767    .text.timer_channel_output_mode_config  gd32f4xx_timer.o
    0x08003604   0x08003604   0x00000046   Code   RO         1769    .text.timer_channel_output_pulse_value_config  gd32f4xx_timer.o
    0x0800364a   0x0800364a   0x00000002   PAD
    0x0800364c   0x0800364c   0x0000008c   Code   RO         1771    .text.timer_channel_output_shadow_config  gd32f4xx_timer.o
    0x080036d8   0x080036d8   0x00000010   Code   RO         1725    .text.timer_counter_value_config  gd32f4xx_timer.o
    0x080036e8   0x080036e8   0x000001e8   Code   RO         1695    .text.timer_deinit  gd32f4xx_timer.o
    0x080038d0   0x080038d0   0x00000012   Code   RO         1701    .text.timer_enable  gd32f4xx_timer.o
    0x080038e2   0x080038e2   0x00000002   PAD
    0x080038e4   0x080038e4   0x00000012   Code   RO         1829    .text.timer_flag_clear  gd32f4xx_timer.o
    0x080038f6   0x080038f6   0x00000002   PAD
    0x080038f8   0x080038f8   0x0000002a   Code   RO         1827    .text.timer_flag_get  gd32f4xx_timer.o
    0x08003922   0x08003922   0x00000002   PAD
    0x08003924   0x08003924   0x00000100   Code   RO         1699    .text.timer_init    gd32f4xx_timer.o
    0x08003a24   0x08003a24   0x000001aa   Code   RO         1787    .text.timer_input_capture_config  gd32f4xx_timer.o
    0x08003bce   0x08003bce   0x00000002   PAD
    0x08003bd0   0x08003bd0   0x00000014   Code   RO         1831    .text.timer_interrupt_enable  gd32f4xx_timer.o
    0x08003be4   0x08003be4   0x00000012   Code   RO         1837    .text.timer_interrupt_flag_clear  gd32f4xx_timer.o
    0x08003bf6   0x08003bf6   0x00000002   PAD
    0x08003bf8   0x08003bf8   0x0000003a   Code   RO         1835    .text.timer_interrupt_flag_get  gd32f4xx_timer.o
    0x08003c32   0x08003c32   0x00000002   PAD
    0x08003c34   0x08003c34   0x00000066   Code   RO           50    .text.usart0_send_454  454software.o
    0x08003c9a   0x08003c9a   0x00000002   PAD
    0x08003c9c   0x08003c9c   0x00000158   Code   RO         1932    .text.usart_baudrate_set  gd32f4xx_usart.o
    0x08003df4   0x08003df4   0x00000010   Code   RO         1964    .text.usart_data_receive  gd32f4xx_usart.o
    0x08003e04   0x08003e04   0x00000014   Code   RO         1962    .text.usart_data_transmit  gd32f4xx_usart.o
    0x08003e18   0x08003e18   0x0000011e   Code   RO         1930    .text.usart_deinit  gd32f4xx_usart.o
    0x08003f36   0x08003f36   0x00000002   PAD
    0x08003f38   0x08003f38   0x00000012   Code   RO         1942    .text.usart_disable  gd32f4xx_usart.o
    0x08003f4a   0x08003f4a   0x00000002   PAD
    0x08003f4c   0x08003f4c   0x0000002a   Code   RO         2024    .text.usart_dma_receive_config  gd32f4xx_usart.o
    0x08003f76   0x08003f76   0x00000002   PAD
    0x08003f78   0x08003f78   0x0000002a   Code   RO         2026    .text.usart_dma_transmit_config  gd32f4xx_usart.o
    0x08003fa2   0x08003fa2   0x00000002   PAD
    0x08003fa4   0x08003fa4   0x00000012   Code   RO         1940    .text.usart_enable  gd32f4xx_usart.o
    0x08003fb6   0x08003fb6   0x00000002   PAD
    0x08003fb8   0x08003fb8   0x0000003a   Code   RO         2028    .text.usart_flag_get  gd32f4xx_usart.o
    0x08003ff2   0x08003ff2   0x00000002   PAD
    0x08003ff4   0x08003ff4   0x0000002a   Code   RO         2016    .text.usart_hardware_flow_cts_config  gd32f4xx_usart.o
    0x0800401e   0x0800401e   0x00000002   PAD
    0x08004020   0x08004020   0x0000002a   Code   RO         2014    .text.usart_hardware_flow_rts_config  gd32f4xx_usart.o
    0x0800404a   0x0800404a   0x00000002   PAD
    0x0800404c   0x0800404c   0x0000001e   Code   RO         1934    .text.usart_parity_config  gd32f4xx_usart.o
    0x0800406a   0x0800406a   0x00000002   PAD
    0x0800406c   0x0800406c   0x00000022   Code   RO         2010    .text.usart_prescaler_config  gd32f4xx_usart.o
    0x0800408e   0x0800408e   0x00000002   PAD
    0x08004090   0x08004090   0x0000002a   Code   RO         1946    .text.usart_receive_config  gd32f4xx_usart.o
    0x080040ba   0x080040ba   0x00000002   PAD
    0x080040bc   0x080040bc   0x0000001e   Code   RO         1938    .text.usart_stop_bit_set  gd32f4xx_usart.o
    0x080040da   0x080040da   0x00000002   PAD
    0x080040dc   0x080040dc   0x0000002a   Code   RO         1944    .text.usart_transmit_config  gd32f4xx_usart.o
    0x08004106   0x08004106   0x00000002   PAD
    0x08004108   0x08004108   0x0000001e   Code   RO         1936    .text.usart_word_length_set  gd32f4xx_usart.o
    0x08004126   0x08004126   0x0000000e   Code   RO         2192    i.__scatterload_copy  mc_w.l(handlers.o)
    0x08004134   0x08004134   0x00000002   Code   RO         2193    i.__scatterload_null  mc_w.l(handlers.o)
    0x08004136   0x08004136   0x0000000e   Code   RO         2194    i.__scatterload_zeroinit  mc_w.l(handlers.o)
    0x08004144   0x08004144   0x0000000b   Data   RO            4    .rodata.str1.1      main.o
    0x0800414f   0x0800414f   0x00000021   Data   RO          151    .rodata.str1.1      454software.o
    0x08004170   0x08004170   0x00000020   Data   RO         2191    Region$$Table       anon$$obj.o


    Execution Region RW_IRAM1 (Exec base: 0x20000000, Load base: 0x08004190, Size: 0x00000448, Max: 0x00030000, ABSOLUTE)

    Exec Addr    Load Addr    Size         Type   Attr      Idx    E Section Name        Object

    0x20000000   0x08004190   0x00000004   Data   RW         2085    .data.SystemCoreClock  system_gd32f4xx.o
    0x20000004   0x08004194   0x00000004   PAD
    0x20000008        -       0x00000006   Zero   RW          149    .bss.MOTOR_received_frame  454software.o
    0x2000000e        -       0x00000008   Zero   RW          150    .bss.adc_values_454  454software.o
    0x20000016   0x08004194   0x00000002   PAD
    0x20000018        -       0x0000000c   Zero   RW          153    .bss.motor_status   454software.o
    0x20000024        -       0x00000024   Zero   RW          148    .bss.pwm_values     454software.o
    0x20000048        -       0x00000400   Zero   RW         2067    STACK               startup_gd32f450_470.o


==============================================================================

Image component sizes


      Code (inc. data)   RO Data    RW Data    ZI Data      Debug   Object Name

      5030          8         33          0         62      21542   454software.o
      1110          0          0          0          0      10379   gd32f4xx_adc.o
      2238         64          0          0          0       8575   gd32f4xx_dma.o
       546          0          0          0          0       4944   gd32f4xx_gpio.o
       594          0          0          0          0      10080   gd32f4xx_i2c.o
       326          0          0          0          0       3012   gd32f4xx_misc.o
       546          4          0          0          0      15009   gd32f4xx_rcu.o
       426          0          0          0          0       8773   gd32f4xx_spi.o
      2670         32          0          0          0      17223   gd32f4xx_timer.o
      1136          0          0          0          0      11993   gd32f4xx_usart.o
       134          0         11          0          0       1158   main.o
        36          8        428          0       1024        876   startup_gd32f450_470.o
       590          0          0          4          0       2471   system_gd32f4xx.o

    ----------------------------------------------------------------------
     15518        116        504          4       1092     116035   Object Totals
         0          0         32          0          0          0   (incl. Generated)
       136          0          0          0          6          0   (incl. Padding)

    ----------------------------------------------------------------------

      Code (inc. data)   RO Data    RW Data    ZI Data      Debug   Library Member Name

         0          0          0          0          0          0   entry.o
         0          0          0          0          0          0   entry10a.o
         0          0          0          0          0          0   entry11a.o
         8          4          0          0          0          0   entry2.o
         4          0          0          0          0          0   entry5.o
         0          0          0          0          0          0   entry7b.o
         0          0          0          0          0          0   entry8b.o
         8          4          0          0          0          0   entry9a.o
        30          0          0          0          0          0   handlers.o
        36          8          0          0          0         68   init.o
         0          0          0          0          0          0   iusefp.o
        30          0          0          0          0         68   llshl.o
        32          0          0          0          0         68   llushr.o
        56          0          0          0          0         88   d2f.o
       222          0          0          0          0        100   ddiv.o
       186          0          0          0          0        176   depilogue.o
        38          0          0          0          0         68   f2d.o
       110          0          0          0          0        168   fepilogue.o

    ----------------------------------------------------------------------
       762         16          0          0          0        804   Library Totals
         2          0          0          0          0          0   (incl. Padding)

    ----------------------------------------------------------------------

      Code (inc. data)   RO Data    RW Data    ZI Data      Debug   Library Name

       148         16          0          0          0        204   mc_w.l
       612          0          0          0          0        600   mf_w.l

    ----------------------------------------------------------------------
       762         16          0          0          0        804   Library Totals

    ----------------------------------------------------------------------

==============================================================================


      Code (inc. data)   RO Data    RW Data    ZI Data      Debug   

     16280        132        504          4       1092     116563   Grand Totals
     16280        132        504          4       1092     116563   ELF Image Totals
     16280        132        504          4          0          0   ROM Totals

==============================================================================

    Total RO  Size (Code + RO Data)                16784 (  16.39kB)
    Total RW  Size (RW Data + ZI Data)              1096 (   1.07kB)
    Total ROM Size (Code + RO Data + RW Data)      16788 (  16.39kB)

==============================================================================

