Component: ARM Compiler 6.16 Tool: armlink [5dfeaa00]

==============================================================================

Section Cross References

    main.o(.text.main) refers to 454software.o(.text.init_454) for init_454
    main.o(.text.main) refers to 454software.o(.text.motor_control) for motor_control
    main.o(.text.main) refers to main.o(.rodata.str1.1) for .L.str
    main.o(.text.main) refers to scanf.o(.text) for scanf
    main.o(.text.main) refers to gd32f4xx_gpio.o(.text.gpio_bit_toggle) for gpio_bit_toggle
    main.o(.ARM.exidx.text.main) refers to main.o(.text.main) for [Anonymous Symbol]
    454software.o(.text.init_454) refers to 454software.o(.text.RCU_init_454) for RCU_init_454
    454software.o(.text.init_454) refers to 454software.o(.text.NVIC_init_454) for NVIC_init_454
    454software.o(.text.init_454) refers to 454software.o(.text.I2C_init_454) for I2C_init_454
    454software.o(.text.init_454) refers to 454software.o(.text.LED_init_454) for LED_init_454
    454software.o(.text.init_454) refers to 454software.o(.text.YDP_init_454) for YDP_init_454
    454software.o(.text.init_454) refers to 454software.o(.text.TIMER_init_454) for TIMER_init_454
    454software.o(.text.init_454) refers to 454software.o(.text.USART0_init_454) for USART0_init_454
    454software.o(.text.init_454) refers to 454software.o(.text.USART2_init_454) for USART2_init_454
    454software.o(.text.init_454) refers to 454software.o(.text.SPI1_init_454) for SPI1_init_454
    454software.o(.text.init_454) refers to 454software.o(.text.MAX31865_HWInit) for MAX31865_HWInit
    454software.o(.text.init_454) refers to 454software.o(.text.PWM_init_454) for PWM_init_454
    454software.o(.text.init_454) refers to 454software.o(.text.PWM_IN_init_454) for PWM_IN_init_454
    454software.o(.text.init_454) refers to 454software.o(.text.ADC2_DMA_init_454) for ADC2_DMA_init_454
    454software.o(.text.init_454) refers to 454software.o(.text.ADC2_init_454) for ADC2_init_454
    454software.o(.text.init_454) refers to 454software.o(.text.delay_ms_454) for delay_ms_454
    454software.o(.ARM.exidx.text.init_454) refers to 454software.o(.text.init_454) for [Anonymous Symbol]
    454software.o(.text.RCU_init_454) refers to gd32f4xx_rcu.o(.text.rcu_ahb_clock_config) for rcu_ahb_clock_config
    454software.o(.text.RCU_init_454) refers to gd32f4xx_rcu.o(.text.rcu_apb1_clock_config) for rcu_apb1_clock_config
    454software.o(.text.RCU_init_454) refers to gd32f4xx_rcu.o(.text.rcu_periph_clock_enable) for rcu_periph_clock_enable
    454software.o(.ARM.exidx.text.RCU_init_454) refers to 454software.o(.text.RCU_init_454) for [Anonymous Symbol]
    454software.o(.text.NVIC_init_454) refers to gd32f4xx_misc.o(.text.nvic_priority_group_set) for nvic_priority_group_set
    454software.o(.text.NVIC_init_454) refers to gd32f4xx_misc.o(.text.nvic_irq_enable) for nvic_irq_enable
    454software.o(.ARM.exidx.text.NVIC_init_454) refers to 454software.o(.text.NVIC_init_454) for [Anonymous Symbol]
    454software.o(.text.I2C_init_454) refers to gd32f4xx_gpio.o(.text.gpio_af_set) for gpio_af_set
    454software.o(.text.I2C_init_454) refers to gd32f4xx_gpio.o(.text.gpio_mode_set) for gpio_mode_set
    454software.o(.text.I2C_init_454) refers to gd32f4xx_gpio.o(.text.gpio_output_options_set) for gpio_output_options_set
    454software.o(.text.I2C_init_454) refers to gd32f4xx_i2c.o(.text.i2c_deinit) for i2c_deinit
    454software.o(.text.I2C_init_454) refers to gd32f4xx_i2c.o(.text.i2c_clock_config) for i2c_clock_config
    454software.o(.text.I2C_init_454) refers to gd32f4xx_i2c.o(.text.i2c_mode_addr_config) for i2c_mode_addr_config
    454software.o(.text.I2C_init_454) refers to gd32f4xx_i2c.o(.text.i2c_enable) for i2c_enable
    454software.o(.text.I2C_init_454) refers to gd32f4xx_i2c.o(.text.i2c_ack_config) for i2c_ack_config
    454software.o(.ARM.exidx.text.I2C_init_454) refers to 454software.o(.text.I2C_init_454) for [Anonymous Symbol]
    454software.o(.text.LED_init_454) refers to gd32f4xx_gpio.o(.text.gpio_mode_set) for gpio_mode_set
    454software.o(.text.LED_init_454) refers to gd32f4xx_gpio.o(.text.gpio_output_options_set) for gpio_output_options_set
    454software.o(.text.LED_init_454) refers to gd32f4xx_gpio.o(.text.gpio_bit_reset) for gpio_bit_reset
    454software.o(.ARM.exidx.text.LED_init_454) refers to 454software.o(.text.LED_init_454) for [Anonymous Symbol]
    454software.o(.text.YDP_init_454) refers to gd32f4xx_gpio.o(.text.gpio_mode_set) for gpio_mode_set
    454software.o(.text.YDP_init_454) refers to gd32f4xx_gpio.o(.text.gpio_output_options_set) for gpio_output_options_set
    454software.o(.text.YDP_init_454) refers to gd32f4xx_gpio.o(.text.gpio_bit_reset) for gpio_bit_reset
    454software.o(.ARM.exidx.text.YDP_init_454) refers to 454software.o(.text.YDP_init_454) for [Anonymous Symbol]
    454software.o(.text.TIMER_init_454) refers to gd32f4xx_timer.o(.text.timer_deinit) for timer_deinit
[...]
    Removing gd32f4xx_trng.o(.text.trng_disable), (18 bytes).
    Removing gd32f4xx_trng.o(.ARM.exidx.text.trng_disable), (8 bytes).
    Removing gd32f4xx_trng.o(.text.trng_get_true_random_data), (12 bytes).
    Removing gd32f4xx_trng.o(.ARM.exidx.text.trng_get_true_random_data), (8 bytes).
    Removing gd32f4xx_trng.o(.text.trng_interrupt_enable), (18 bytes).
    Removing gd32f4xx_trng.o(.ARM.exidx.text.trng_interrupt_enable), (8 bytes).
    Removing gd32f4xx_trng.o(.text.trng_interrupt_disable), (18 bytes).
    Removing gd32f4xx_trng.o(.ARM.exidx.text.trng_interrupt_disable), (8 bytes).
    Removing gd32f4xx_trng.o(.text.trng_flag_get), (50 bytes).
    Removing gd32f4xx_trng.o(.ARM.exidx.text.trng_flag_get), (8 bytes).
    Removing gd32f4xx_trng.o(.text.trng_interrupt_flag_get), (50 bytes).
    Removing gd32f4xx_trng.o(.ARM.exidx.text.trng_interrupt_flag_get), (8 bytes).
    Removing gd32f4xx_trng.o(.text.trng_interrupt_flag_clear), (28 bytes).
    Removing gd32f4xx_trng.o(.ARM.exidx.text.trng_interrupt_flag_clear), (8 bytes).
    Removing gd32f4xx_usart.o(.text), (0 bytes).
    Removing gd32f4xx_usart.o(.ARM.exidx.text.usart_deinit), (8 bytes).
    Removing gd32f4xx_usart.o(.ARM.exidx.text.usart_baudrate_set), (8 bytes).
    Removing gd32f4xx_usart.o(.ARM.exidx.text.usart_parity_config), (8 bytes).
    Removing gd32f4xx_usart.o(.ARM.exidx.text.usart_word_length_set), (8 bytes).
    Removing gd32f4xx_usart.o(.ARM.exidx.text.usart_stop_bit_set), (8 bytes).
    Removing gd32f4xx_usart.o(.ARM.exidx.text.usart_enable), (8 bytes).
    Removing gd32f4xx_usart.o(.ARM.exidx.text.usart_disable), (8 bytes).
    Removing gd32f4xx_usart.o(.ARM.exidx.text.usart_transmit_config), (8 bytes).
    Removing gd32f4xx_usart.o(.ARM.exidx.text.usart_receive_config), (8 bytes).
    Removing gd32f4xx_usart.o(.text.usart_data_first_config), (46 bytes).
    Removing gd32f4xx_usart.o(.ARM.exidx.text.usart_data_first_config), (8 bytes).
    Removing gd32f4xx_usart.o(.text.usart_invert_config), (134 bytes).
    Removing gd32f4xx_usart.o(.ARM.exidx.text.usart_invert_config), (8 bytes).
    Removing gd32f4xx_usart.o(.text.usart_oversample_config), (30 bytes).
    Removing gd32f4xx_usart.o(.ARM.exidx.text.usart_oversample_config), (8 bytes).
    Removing gd32f4xx_usart.o(.text.usart_sample_bit_config), (30 bytes).
    Removing gd32f4xx_usart.o(.ARM.exidx.text.usart_sample_bit_config), (8 bytes).
    Removing gd32f4xx_usart.o(.text.usart_receiver_timeout_enable), (22 bytes).
    Removing gd32f4xx_usart.o(.ARM.exidx.text.usart_receiver_timeout_enable), (8 bytes).
    Removing gd32f4xx_usart.o(.text.usart_receiver_timeout_disable), (22 bytes).
    Removing gd32f4xx_usart.o(.ARM.exidx.text.usart_receiver_timeout_disable), (8 bytes).
    Removing gd32f4xx_usart.o(.text.usart_receiver_timeout_threshold_config), (38 bytes).
    Removing gd32f4xx_usart.o(.ARM.exidx.text.usart_receiver_timeout_threshold_config), (8 bytes).
    Removing gd32f4xx_usart.o(.ARM.exidx.text.usart_data_transmit), (8 bytes).
    Removing gd32f4xx_usart.o(.ARM.exidx.text.usart_data_receive), (8 bytes).
    Removing gd32f4xx_usart.o(.text.usart_address_config), (38 bytes).
    Removing gd32f4xx_usart.o(.ARM.exidx.text.usart_address_config), (8 bytes).
    Removing gd32f4xx_usart.o(.text.usart_mute_mode_enable), (18 bytes).
    Removing gd32f4xx_usart.o(.ARM.exidx.text.usart_mute_mode_enable), (8 bytes).
    Removing gd32f4xx_usart.o(.text.usart_mute_mode_disable), (18 bytes).
    Removing gd32f4xx_usart.o(.ARM.exidx.text.usart_mute_mode_disable), (8 bytes).
    Removing gd32f4xx_usart.o(.text.usart_mute_mode_wakeup_config), (30 bytes).
    Removing gd32f4xx_usart.o(.ARM.exidx.text.usart_mute_mode_wakeup_config), (8 bytes).
    Removing gd32f4xx_usart.o(.text.usart_lin_mode_enable), (18 bytes).
    Removing gd32f4xx_usart.o(.ARM.exidx.text.usart_lin_mode_enable), (8 bytes).
    Removing gd32f4xx_usart.o(.text.usart_lin_mode_disable), (18 bytes).
    Removing gd32f4xx_usart.o(.ARM.exidx.text.usart_lin_mode_disable), (8 bytes).
    Removing gd32f4xx_usart.o(.text.usart_lin_break_detection_length_config), (34 bytes).
    Removing gd32f4xx_usart.o(.ARM.exidx.text.usart_lin_break_detection_length_config), (8 bytes).
    Removing gd32f4xx_usart.o(.text.usart_send_break), (18 bytes).
    Removing gd32f4xx_usart.o(.ARM.exidx.text.usart_send_break), (8 bytes).
    Removing gd32f4xx_usart.o(.text.usart_halfduplex_enable), (18 bytes).
    Removing gd32f4xx_usart.o(.ARM.exidx.text.usart_halfduplex_enable), (8 bytes).
    Removing gd32f4xx_usart.o(.text.usart_halfduplex_disable), (18 bytes).
    Removing gd32f4xx_usart.o(.ARM.exidx.text.usart_halfduplex_disable), (8 bytes).
    Removing gd32f4xx_usart.o(.text.usart_synchronous_clock_enable), (18 bytes).
    Removing gd32f4xx_usart.o(.ARM.exidx.text.usart_synchronous_clock_enable), (8 bytes).
    Removing gd32f4xx_usart.o(.text.usart_synchronous_clock_disable), (18 bytes).
    Removing gd32f4xx_usart.o(.ARM.exidx.text.usart_synchronous_clock_disable), (8 bytes).
    Removing gd32f4xx_usart.o(.text.usart_synchronous_clock_config), (66 bytes).
    Removing gd32f4xx_usart.o(.ARM.exidx.text.usart_synchronous_clock_config), (8 bytes).
    Removing gd32f4xx_usart.o(.text.usart_guard_time_config), (34 bytes).
    Removing gd32f4xx_usart.o(.ARM.exidx.text.usart_guard_time_config), (8 bytes).
    Removing gd32f4xx_usart.o(.text.usart_smartcard_mode_enable), (18 bytes).
    Removing gd32f4xx_usart.o(.ARM.exidx.text.usart_smartcard_mode_enable), (8 bytes).
    Removing gd32f4xx_usart.o(.text.usart_smartcard_mode_disable), (18 bytes).
    Removing gd32f4xx_usart.o(.ARM.exidx.text.usart_smartcard_mode_disable), (8 bytes).
    Removing gd32f4xx_usart.o(.text.usart_smartcard_mode_nack_enable), (18 bytes).
    Removing gd32f4xx_usart.o(.ARM.exidx.text.usart_smartcard_mode_nack_enable), (8 bytes).
    Removing gd32f4xx_usart.o(.text.usart_smartcard_mode_nack_disable), (18 bytes).
    Removing gd32f4xx_usart.o(.ARM.exidx.text.usart_smartcard_mode_nack_disable), (8 bytes).
    Removing gd32f4xx_usart.o(.text.usart_smartcard_autoretry_config), (44 bytes).
    Removing gd32f4xx_usart.o(.ARM.exidx.text.usart_smartcard_autoretry_config), (8 bytes).
    Removing gd32f4xx_usart.o(.text.usart_block_length_config), (40 bytes).
    Removing gd32f4xx_usart.o(.ARM.exidx.text.usart_block_length_config), (8 bytes).
    Removing gd32f4xx_usart.o(.text.usart_irda_mode_enable), (18 bytes).
    Removing gd32f4xx_usart.o(.ARM.exidx.text.usart_irda_mode_enable), (8 bytes).
    Removing gd32f4xx_usart.o(.text.usart_irda_mode_disable), (18 bytes).
    Removing gd32f4xx_usart.o(.ARM.exidx.text.usart_irda_mode_disable), (8 bytes).
    Removing gd32f4xx_usart.o(.ARM.exidx.text.usart_prescaler_config), (8 bytes).
    Removing gd32f4xx_usart.o(.text.usart_irda_lowpower_config), (34 bytes).
    Removing gd32f4xx_usart.o(.ARM.exidx.text.usart_irda_lowpower_config), (8 bytes).
    Removing gd32f4xx_usart.o(.ARM.exidx.text.usart_hardware_flow_rts_config), (8 bytes).
    Removing gd32f4xx_usart.o(.ARM.exidx.text.usart_hardware_flow_cts_config), (8 bytes).
    Removing gd32f4xx_usart.o(.text.usart_break_frame_coherence_config), (42 bytes).
    Removing gd32f4xx_usart.o(.ARM.exidx.text.usart_break_frame_coherence_config), (8 bytes).
    Removing gd32f4xx_usart.o(.text.usart_parity_check_coherence_config), (42 bytes).
    Removing gd32f4xx_usart.o(.ARM.exidx.text.usart_parity_check_coherence_config), (8 bytes).
    Removing gd32f4xx_usart.o(.text.usart_hardware_flow_coherence_config), (42 bytes).
    Removing gd32f4xx_usart.o(.ARM.exidx.text.usart_hardware_flow_coherence_config), (8 bytes).
    Removing gd32f4xx_usart.o(.ARM.exidx.text.usart_dma_receive_config), (8 bytes).
    Removing gd32f4xx_usart.o(.text.usart_dma_transmit_config), (42 bytes).
    Removing gd32f4xx_usart.o(.ARM.exidx.text.usart_dma_transmit_config), (8 bytes).
    Removing gd32f4xx_usart.o(.ARM.exidx.text.usart_flag_get), (8 bytes).
    Removing gd32f4xx_usart.o(.text.usart_flag_clear), (36 bytes).
    Removing gd32f4xx_usart.o(.ARM.exidx.text.usart_flag_clear), (8 bytes).
    Removing gd32f4xx_usart.o(.text.usart_interrupt_enable), (36 bytes).
    Removing gd32f4xx_usart.o(.ARM.exidx.text.usart_interrupt_enable), (8 bytes).
    Removing gd32f4xx_usart.o(.text.usart_interrupt_disable), (36 bytes).
    Removing gd32f4xx_usart.o(.ARM.exidx.text.usart_interrupt_disable), (8 bytes).
    Removing gd32f4xx_usart.o(.text.usart_interrupt_flag_get), (94 bytes).
    Removing gd32f4xx_usart.o(.ARM.exidx.text.usart_interrupt_flag_get), (8 bytes).
    Removing gd32f4xx_usart.o(.text.usart_interrupt_flag_clear), (32 bytes).
    Removing gd32f4xx_usart.o(.ARM.exidx.text.usart_interrupt_flag_clear), (8 bytes).
    Removing gd32f4xx_wwdgt.o(.text), (0 bytes).
    Removing gd32f4xx_wwdgt.o(.text.wwdgt_deinit), (24 bytes).
    Removing gd32f4xx_wwdgt.o(.ARM.exidx.text.wwdgt_deinit), (8 bytes).
    Removing gd32f4xx_wwdgt.o(.text.wwdgt_enable), (18 bytes).
    Removing gd32f4xx_wwdgt.o(.ARM.exidx.text.wwdgt_enable), (8 bytes).
    Removing gd32f4xx_wwdgt.o(.text.wwdgt_counter_update), (48 bytes).
    Removing gd32f4xx_wwdgt.o(.ARM.exidx.text.wwdgt_counter_update), (8 bytes).
    Removing gd32f4xx_wwdgt.o(.text.wwdgt_config), (100 bytes).
    Removing gd32f4xx_wwdgt.o(.ARM.exidx.text.wwdgt_config), (8 bytes).
    Removing gd32f4xx_wwdgt.o(.text.wwdgt_flag_get), (42 bytes).
    Removing gd32f4xx_wwdgt.o(.ARM.exidx.text.wwdgt_flag_get), (8 bytes).
    Removing gd32f4xx_wwdgt.o(.text.wwdgt_flag_clear), (18 bytes).
    Removing gd32f4xx_wwdgt.o(.ARM.exidx.text.wwdgt_flag_clear), (8 bytes).
    Removing gd32f4xx_wwdgt.o(.text.wwdgt_interrupt_enable), (18 bytes).
    Removing gd32f4xx_wwdgt.o(.ARM.exidx.text.wwdgt_interrupt_enable), (8 bytes).
    Removing startup_gd32f450_470.o(HEAP), (1024 bytes).
    Removing system_gd32f4xx.o(.text), (0 bytes).
    Removing system_gd32f4xx.o(.ARM.exidx.text.SystemInit), (8 bytes).
    Removing system_gd32f4xx.o(.ARM.exidx.text.system_clock_config), (8 bytes).
    Removing system_gd32f4xx.o(.text.SystemCoreClockUpdate), (282 bytes).
    Removing system_gd32f4xx.o(.ARM.exidx.text.SystemCoreClockUpdate), (8 bytes).
    Removing system_gd32f4xx.o(.ARM.exidx.text.system_clock_200m_25m_hxtal), (8 bytes).
    Removing system_gd32f4xx.o(.rodata.cst16), (16 bytes).
    Removing dadd.o(.text), (334 bytes).
    Removing dcmplt.o(.text), (54 bytes).
    Removing dneg.o(.text), (6 bytes).
    Removing dscalb.o(.text), (46 bytes).
    Removing dflti.o(.text), (34 bytes).
    Removing dfixul.o(.text), (48 bytes).
    Removing cdrcmple.o(.text), (48 bytes).
    Removing dsqrt.o(.text), (162 bytes).

1784 unused section(s) (total 79708 bytes) removed from the image.

==============================================================================

Image Symbol Table

    Local Symbols

    Symbol Name                              Value     Ov Type        Size  Object(Section)

    ../clib/division.s                       0x00000000   Number         0  aeabi_sdiv.o ABSOLUTE
    ../clib/microlib/ctype/ctype.c           0x00000000   Number         0  isspace_c.o ABSOLUTE
    ../clib/microlib/ctype/ctype.c           0x00000000   Number         0  ctype_c.o ABSOLUTE
    ../clib/microlib/division.c              0x00000000   Number         0  uidiv.o ABSOLUTE
    ../clib/microlib/division.c              0x00000000   Number         0  uldiv.o ABSOLUTE
    ../clib/microlib/errno.c                 0x00000000   Number         0  errno.o ABSOLUTE
    ../clib/microlib/init/entry.s            0x00000000   Number         0  entry.o ABSOLUTE
    ../clib/microlib/init/entry.s            0x00000000   Number         0  entry2.o ABSOLUTE
    ../clib/microlib/init/entry.s            0x00000000   Number         0  entry5.o ABSOLUTE
    ../clib/microlib/init/entry.s            0x00000000   Number         0  entry7a.o ABSOLUTE
    ../clib/microlib/init/entry.s            0x00000000   Number         0  entry7b.o ABSOLUTE
    ../clib/microlib/init/entry.s            0x00000000   Number         0  entry8a.o ABSOLUTE
    ../clib/microlib/init/entry.s            0x00000000   Number         0  entry8b.o ABSOLUTE
    ../clib/microlib/init/entry.s            0x00000000   Number         0  entry9a.o ABSOLUTE
    ../clib/microlib/init/entry.s            0x00000000   Number         0  entry9b.o ABSOLUTE
    ../clib/microlib/init/entry.s            0x00000000   Number         0  entry10a.o ABSOLUTE
    ../clib/microlib/init/entry.s            0x00000000   Number         0  entry10b.o ABSOLUTE
    ../clib/microlib/init/entry.s            0x00000000   Number         0  entry11a.o ABSOLUTE
    ../clib/microlib/init/entry.s            0x00000000   Number         0  entry11b.o ABSOLUTE
    ../clib/microlib/longlong.c              0x00000000   Number         0  llshl.o ABSOLUTE
    ../clib/microlib/longlong.c              0x00000000   Number         0  llsshr.o ABSOLUTE
    ../clib/microlib/longlong.c              0x00000000   Number         0  llushr.o ABSOLUTE
    ../clib/microlib/printf/printf.c         0x00000000   Number         0  printfa.o ABSOLUTE
    ../clib/microlib/stdio/streams.c         0x00000000   Number         0  stdin.o ABSOLUTE
    ../clib/microlib/stdio/streams.c         0x00000000   Number         0  stdout.o ABSOLUTE
    ../clib/microlib/stubs.s                 0x00000000   Number         0  iusefp.o ABSOLUTE
    ../clib/scanf.c                          0x00000000   Number         0  scanf.o ABSOLUTE
    ../clib/scanf.c                          0x00000000   Number         0  _scanf_longlong.o ABSOLUTE
    ../clib/scanf.c                          0x00000000   Number         0  _scanf_int.o ABSOLUTE
    ../clib/scanf.c                          0x00000000   Number         0  _scanf_str.o ABSOLUTE
    ../clib/scanf.c                          0x00000000   Number         0  scanf_fp.o ABSOLUTE
    ../clib/scanf.c                          0x00000000   Number         0  scanf_char_file.o ABSOLUTE
    ../clib/scanf.c                          0x00000000   Number         0  _chval.o ABSOLUTE
    ../clib/scanf.c                          0x00000000   Number         0  scanf_char.o ABSOLUTE
    ../clib/scanf.c                          0x00000000   Number         0  _scanf.o ABSOLUTE
    ../fplib/microlib/d2f.c                  0x00000000   Number         0  d2f.o ABSOLUTE
    ../fplib/microlib/f2d.c                  0x00000000   Number         0  f2d.o ABSOLUTE
    ../fplib/microlib/fpadd.c                0x00000000   Number         0  dadd.o ABSOLUTE
    ../fplib/microlib/fpcmp.c                0x00000000   Number         0  dcmplt.o ABSOLUTE
    ../fplib/microlib/fpdiv.c                0x00000000   Number         0  ddiv.o ABSOLUTE
    ../fplib/microlib/fpepilogue.c           0x00000000   Number         0  fepilogue.o ABSOLUTE
    ../fplib/microlib/fpepilogue.c           0x00000000   Number         0  depilogue.o ABSOLUTE
    ../fplib/microlib/fpfix.c                0x00000000   Number         0  dfixul.o ABSOLUTE
    ../fplib/microlib/fpflt.c                0x00000000   Number         0  dflti.o ABSOLUTE
    ../fplib/microlib/fpflt.c                0x00000000   Number         0  dfltul.o ABSOLUTE
    ../fplib/microlib/fpmul.c                0x00000000   Number         0  dmul.o ABSOLUTE
    ../fplib/microlib/fpneg.c                0x00000000   Number         0  dneg.o ABSOLUTE
    ../fplib/microlib/fpscalb.c              0x00000000   Number         0  dscalb.o ABSOLUTE
    ../fplib/microlib/fpsqrt.c               0x00000000   Number         0  dsqrt.o ABSOLUTE
    ../mathlib/dunder.c                      0x00000000   Number         0  dunder.o ABSOLUTE
    ../mathlib/fabs.c                        0x00000000   Number         0  fabs.o ABSOLUTE
    ../mathlib/fpclassify.c                  0x00000000   Number         0  fpclassify.o ABSOLUTE
    ../mathlib/poly.c                        0x00000000   Number         0  poly.o ABSOLUTE
    ../mathlib/pow.c                         0x00000000   Number         0  pow.o ABSOLUTE
    ../mathlib/qnan.c                        0x00000000   Number         0  qnan.o ABSOLUTE
    ../mathlib/sqrt.c                        0x00000000   Number         0  sqrt.o ABSOLUTE
    454software.c                            0x00000000   Number         0  454software.o ABSOLUTE
    RTE/Device/GD32F450ZK/startup_gd32f450_470.s 0x00000000   Number         0  startup_gd32f450_470.o ABSOLUTE
    cdrcmple.s                               0x00000000   Number         0  cdrcmple.o ABSOLUTE
    dc.s                                     0x00000000   Number         0  dc.o ABSOLUTE
    gd32f4xx_adc.c                           0x00000000   Number         0  gd32f4xx_adc.o ABSOLUTE
    gd32f4xx_can.c                           0x00000000   Number         0  gd32f4xx_can.o ABSOLUTE
    gd32f4xx_crc.c                           0x00000000   Number         0  gd32f4xx_crc.o ABSOLUTE
    gd32f4xx_ctc.c                           0x00000000   Number         0  gd32f4xx_ctc.o ABSOLUTE
    gd32f4xx_dac.c                           0x00000000   Number         0  gd32f4xx_dac.o ABSOLUTE
    gd32f4xx_dbg.c                           0x00000000   Number         0  gd32f4xx_dbg.o ABSOLUTE
    gd32f4xx_dci.c                           0x00000000   Number         0  gd32f4xx_dci.o ABSOLUTE
    gd32f4xx_dma.c                           0x00000000   Number         0  gd32f4xx_dma.o ABSOLUTE
    gd32f4xx_enet.c                          0x00000000   Number         0  gd32f4xx_enet.o ABSOLUTE
    gd32f4xx_exmc.c                          0x00000000   Number         0  gd32f4xx_exmc.o ABSOLUTE
    gd32f4xx_exti.c                          0x00000000   Number         0  gd32f4xx_exti.o ABSOLUTE
    gd32f4xx_fmc.c                           0x00000000   Number         0  gd32f4xx_fmc.o ABSOLUTE
    gd32f4xx_fwdgt.c                         0x00000000   Number         0  gd32f4xx_fwdgt.o ABSOLUTE
    gd32f4xx_gpio.c                          0x00000000   Number         0  gd32f4xx_gpio.o ABSOLUTE
    gd32f4xx_i2c.c                           0x00000000   Number         0  gd32f4xx_i2c.o ABSOLUTE
    gd32f4xx_ipa.c                           0x00000000   Number         0  gd32f4xx_ipa.o ABSOLUTE
    gd32f4xx_iref.c                          0x00000000   Number         0  gd32f4xx_iref.o ABSOLUTE
    gd32f4xx_misc.c                          0x00000000   Number         0  gd32f4xx_misc.o ABSOLUTE
    gd32f4xx_pmu.c                           0x00000000   Number         0  gd32f4xx_pmu.o ABSOLUTE
    gd32f4xx_rcu.c                           0x00000000   Number         0  gd32f4xx_rcu.o ABSOLUTE
    gd32f4xx_rtc.c                           0x00000000   Number         0  gd32f4xx_rtc.o ABSOLUTE
    gd32f4xx_sdio.c                          0x00000000   Number         0  gd32f4xx_sdio.o ABSOLUTE
    gd32f4xx_spi.c                           0x00000000   Number         0  gd32f4xx_spi.o ABSOLUTE
    gd32f4xx_syscfg.c                        0x00000000   Number         0  gd32f4xx_syscfg.o ABSOLUTE
    gd32f4xx_timer.c                         0x00000000   Number         0  gd32f4xx_timer.o ABSOLUTE
    gd32f4xx_tli.c                           0x00000000   Number         0  gd32f4xx_tli.o ABSOLUTE
    gd32f4xx_trng.c                          0x00000000   Number         0  gd32f4xx_trng.o ABSOLUTE
    gd32f4xx_usart.c                         0x00000000   Number         0  gd32f4xx_usart.o ABSOLUTE
    gd32f4xx_wwdgt.c                         0x00000000   Number         0  gd32f4xx_wwdgt.o ABSOLUTE
    handlers.s                               0x00000000   Number         0  handlers.o ABSOLUTE
    init.s                                   0x00000000   Number         0  init.o ABSOLUTE
    main.c                                   0x00000000   Number         0  main.o ABSOLUTE
    system_gd32f4xx.c                        0x00000000   Number         0  system_gd32f4xx.o ABSOLUTE
    RESET                                    0x08000000   Section      428  startup_gd32f450_470.o(RESET)
    .ARM.Collect$$$$00000000                 0x080001ac   Section        0  entry.o(.ARM.Collect$$$$00000000)
    .ARM.Collect$$$$00000001                 0x080001ac   Section        4  entry2.o(.ARM.Collect$$$$00000001)
    .ARM.Collect$$$$00000004                 0x080001b0   Section        4  entry5.o(.ARM.Collect$$$$00000004)
    .ARM.Collect$$$$00000008                 0x080001b4   Section        0  entry7b.o(.ARM.Collect$$$$00000008)
    .ARM.Collect$$$$0000000A                 0x080001b4   Section        0  entry8b.o(.ARM.Collect$$$$0000000A)
    .ARM.Collect$$$$0000000B                 0x080001b4   Section        8  entry9a.o(.ARM.Collect$$$$0000000B)
    __lit__00000000                          0x080001bc   Data           4  entry2.o(.ARM.Collect$$$$00002712)
    .ARM.Collect$$$$0000000D                 0x080001bc   Section        0  entry10a.o(.ARM.Collect$$$$0000000D)
    .ARM.Collect$$$$0000000F                 0x080001bc   Section        0  entry11a.o(.ARM.Collect$$$$0000000F)
    .ARM.Collect$$$$00002712                 0x080001bc   Section        4  entry2.o(.ARM.Collect$$$$00002712)
    $v0                                      0x080001c0   Number         0  startup_gd32f450_470.o(.text)
    .text                                    0x080001c0   Section       36  startup_gd32f450_470.o(.text)
    .text                                    0x080001e4   Section        0  scanf.o(.text)
    .text                                    0x08000204   Section        0  ddiv.o(.text)
    .text                                    0x080002e2   Section        0  f2d.o(.text)
    .text                                    0x08000308   Section        0  d2f.o(.text)
    .text                                    0x08000340   Section        0  llshl.o(.text)
    .text                                    0x0800035e   Section        0  _scanf_longlong.o(.text)
    .text                                    0x080004b4   Section        0  _scanf_int.o(.text)
    .text                                    0x08000600   Section        0  _scanf_str.o(.text)
    _fp_value                                0x080006e1   Thumb Code   296  scanf_fp.o(.text)
    .text                                    0x080006e0   Section        0  scanf_fp.o(.text)
    .text                                    0x08000a40   Section        0  scanf_char_file.o(.text)
    .text                                    0x08000a54   Section        0  iusefp.o(.text)
    .text                                    0x08000a54   Section        0  fepilogue.o(.text)
    .text                                    0x08000ac2   Section        0  depilogue.o(.text)
    .text                                    0x08000b7c   Section        0  dmul.o(.text)
    .text                                    0x08000c60   Section       36  init.o(.text)
    .text                                    0x08000c84   Section        0  llushr.o(.text)
    .text                                    0x08000ca4   Section        0  _chval.o(.text)
    _scanf_char_input                        0x08000cc1   Thumb Code    12  scanf_char.o(.text)
    .text                                    0x08000cc0   Section        0  scanf_char.o(.text)
    .text                                    0x08000ce8   Section        0  dfltul.o(.text)
    .text                                    0x08000d00   Section        0  isspace_c.o(.text)
    .text                                    0x08000d0c   Section        0  _scanf.o(.text)
    .text                                    0x08001038   Section        0  ctype_c.o(.text)
    [Anonymous Symbol]                       0x08001060   Section        0  454software.o(.text.ADC2_DMA_init_454)
    [Anonymous Symbol]                       0x080010d4   Section        0  454software.o(.text.ADC2_init_454)
    [Anonymous Symbol]                       0x080011bc   Section        0  454software.o(.text.DMA0_Channel1_IRQHandler)
    [Anonymous Symbol]                       0x080012d0   Section        0  454software.o(.text.I2C1_EV_IRQHandler)
    [Anonymous Symbol]                       0x080012d4   Section        0  454software.o(.text.I2C_init_454)
    [Anonymous Symbol]                       0x0800147c   Section        0  454software.o(.text.LED_init_454)
    [Anonymous Symbol]                       0x080014fc   Section        0  454software.o(.text.MAX31865_CsOff)
    [Anonymous Symbol]                       0x08001514   Section        0  454software.o(.text.MAX31865_CsOn)
    [Anonymous Symbol]                       0x0800152c   Section        0  454software.o(.text.MAX31865_HWInit)
    [Anonymous Symbol]                       0x08001540   Section        0  454software.o(.text.MAX31865_Spi_WriteByte)
    [Anonymous Symbol]                       0x08001558   Section        0  454software.o(.text.MAX31865_bufWrite)
    [Anonymous Symbol]                       0x08001590   Section        0  454software.o(.text.NVIC_init_454)
    [Anonymous Symbol]                       0x080015b8   Section        0  454software.o(.text.PWM_IN_init_454)
    [Anonymous Symbol]                       0x0800169c   Section        0  454software.o(.text.PWM_init_454)
    [Anonymous Symbol]                       0x08001918   Section        0  454software.o(.text.RCU_init_454)
    [Anonymous Symbol]                       0x080019d8   Section        0  454software.o(.text.SPI1_Transfer)
    [Anonymous Symbol]                       0x08001a54   Section        0  454software.o(.text.SPI1_init_454)
    [Anonymous Symbol]                       0x08001b84   Section        0  system_gd32f4xx.o(.text.SystemInit)
    [Anonymous Symbol]                       0x08001c70   Section        0  454software.o(.text.TIMER4_IRQHandler)
    [Anonymous Symbol]                       0x08001d60   Section        0  454software.o(.text.TIMER_init_454)
    [Anonymous Symbol]                       0x08001da0   Section        0  454software.o(.text.USART0_init_454)
    [Anonymous Symbol]                       0x08001e64   Section        0  454software.o(.text.USART2_init_454)
    [Anonymous Symbol]                       0x08001fb4   Section        0  454software.o(.text.YDP_init_454)
    [Anonymous Symbol]                       0x08001fec   Section        0  454software.o(.text.__backspace)
    [Anonymous Symbol]                       0x08001ff8   Section        0  gd32f4xx_adc.o(.text.adc_calibration_enable)
    [Anonymous Symbol]                       0x08002034   Section        0  gd32f4xx_adc.o(.text.adc_channel_length_config)
    [Anonymous Symbol]                       0x080020c4   Section        0  gd32f4xx_adc.o(.text.adc_clock_config)
    [Anonymous Symbol]                       0x080020e4   Section        0  gd32f4xx_adc.o(.text.adc_data_alignment_config)
    [Anonymous Symbol]                       0x0800210c   Section        0  gd32f4xx_adc.o(.text.adc_deinit)
    [Anonymous Symbol]                       0x08002124   Section        0  gd32f4xx_adc.o(.text.adc_dma_mode_enable)
    [Anonymous Symbol]                       0x08002138   Section        0  gd32f4xx_adc.o(.text.adc_dma_request_after_last_enable)
    [Anonymous Symbol]                       0x0800214c   Section        0  gd32f4xx_adc.o(.text.adc_enable)
    [Anonymous Symbol]                       0x0800216c   Section        0  gd32f4xx_adc.o(.text.adc_external_trigger_config)
    [Anonymous Symbol]                       0x080021c4   Section        0  gd32f4xx_adc.o(.text.adc_regular_channel_config)
    [Anonymous Symbol]                       0x08002338   Section        0  gd32f4xx_adc.o(.text.adc_resolution_config)
    [Anonymous Symbol]                       0x08002358   Section        0  gd32f4xx_adc.o(.text.adc_software_trigger_enable)
    [Anonymous Symbol]                       0x08002394   Section        0  gd32f4xx_adc.o(.text.adc_special_function_config)
    [Anonymous Symbol]                       0x0800243c   Section        0  gd32f4xx_adc.o(.text.adc_sync_mode_config)
    [Anonymous Symbol]                       0x0800245c   Section        0  454software.o(.text.delay_ms_454)
    [Anonymous Symbol]                       0x0800252c   Section        0  gd32f4xx_dma.o(.text.dma_channel_disable)
    [Anonymous Symbol]                       0x08002550   Section        0  gd32f4xx_dma.o(.text.dma_channel_enable)
    [Anonymous Symbol]                       0x08002574   Section        0  gd32f4xx_dma.o(.text.dma_channel_subperipheral_select)
    [Anonymous Symbol]                       0x080025bc   Section        0  gd32f4xx_dma.o(.text.dma_deinit)
    [Anonymous Symbol]                       0x08002698   Section        0  gd32f4xx_dma.o(.text.dma_interrupt_enable)
    [Anonymous Symbol]                       0x080026e0   Section        0  gd32f4xx_dma.o(.text.dma_interrupt_flag_clear)
    [Anonymous Symbol]                       0x08002748   Section        0  gd32f4xx_dma.o(.text.dma_interrupt_flag_get)
    [Anonymous Symbol]                       0x08002a28   Section        0  gd32f4xx_dma.o(.text.dma_single_data_mode_init)
    [Anonymous Symbol]                       0x08002b9c   Section        0  gd32f4xx_dma.o(.text.dma_single_data_para_struct_init)
    [Anonymous Symbol]                       0x08002bcc   Section        0  454software.o(.text.fgetc)
    [Anonymous Symbol]                       0x08002bfc   Section        0  gd32f4xx_gpio.o(.text.gpio_af_set)
    [Anonymous Symbol]                       0x08002cd0   Section        0  gd32f4xx_gpio.o(.text.gpio_bit_reset)
    [Anonymous Symbol]                       0x08002ce0   Section        0  gd32f4xx_gpio.o(.text.gpio_bit_set)
    [Anonymous Symbol]                       0x08002cf0   Section        0  gd32f4xx_gpio.o(.text.gpio_bit_toggle)
    [Anonymous Symbol]                       0x08002d00   Section        0  gd32f4xx_gpio.o(.text.gpio_mode_set)
    [Anonymous Symbol]                       0x08002d9c   Section        0  gd32f4xx_gpio.o(.text.gpio_output_options_set)
    [Anonymous Symbol]                       0x08002e30   Section        0  gd32f4xx_i2c.o(.text.i2c_ack_config)
    [Anonymous Symbol]                       0x08002e5c   Section        0  gd32f4xx_i2c.o(.text.i2c_clock_config)
    [Anonymous Symbol]                       0x08002fc0   Section        0  gd32f4xx_i2c.o(.text.i2c_deinit)
    [Anonymous Symbol]                       0x08003034   Section        0  gd32f4xx_i2c.o(.text.i2c_enable)
    [Anonymous Symbol]                       0x08003048   Section        0  gd32f4xx_i2c.o(.text.i2c_mode_addr_config)
    [Anonymous Symbol]                       0x08003088   Section        0  454software.o(.text.init_454)
    [Anonymous Symbol]                       0x080030d8   Section        0  main.o(.text.main)
    [Anonymous Symbol]                       0x08003120   Section        0  454software.o(.text.motor_control)
    [Anonymous Symbol]                       0x0800319c   Section        0  gd32f4xx_misc.o(.text.nvic_irq_enable)
    [Anonymous Symbol]                       0x080032c8   Section        0  gd32f4xx_misc.o(.text.nvic_priority_group_set)
    [Anonymous Symbol]                       0x080032e4   Section        0  gd32f4xx_rcu.o(.text.rcu_ahb_clock_config)
    [Anonymous Symbol]                       0x08003308   Section        0  gd32f4xx_rcu.o(.text.rcu_apb1_clock_config)
    [Anonymous Symbol]                       0x0800332c   Section        0  gd32f4xx_rcu.o(.text.rcu_clock_freq_get)
    [Anonymous Symbol]                       0x08003490   Section        0  gd32f4xx_rcu.o(.text.rcu_periph_clock_enable)
    [Anonymous Symbol]                       0x080034b8   Section        0  gd32f4xx_rcu.o(.text.rcu_periph_reset_disable)
    [Anonymous Symbol]                       0x080034e0   Section        0  gd32f4xx_rcu.o(.text.rcu_periph_reset_enable)
    [Anonymous Symbol]                       0x08003508   Section        0  gd32f4xx_spi.o(.text.spi_enable)
    [Anonymous Symbol]                       0x0800351c   Section        0  gd32f4xx_spi.o(.text.spi_i2s_data_receive)
    [Anonymous Symbol]                       0x0800352c   Section        0  gd32f4xx_spi.o(.text.spi_i2s_data_transmit)
    [Anonymous Symbol]                       0x08003540   Section        0  gd32f4xx_spi.o(.text.spi_i2s_deinit)
    [Anonymous Symbol]                       0x0800361c   Section        0  gd32f4xx_spi.o(.text.spi_i2s_flag_get)
    [Anonymous Symbol]                       0x08003648   Section        0  gd32f4xx_spi.o(.text.spi_init)
    system_clock_200m_25m_hxtal              0x080036bd   Thumb Code   350  system_gd32f4xx.o(.text.system_clock_200m_25m_hxtal)
    [Anonymous Symbol]                       0x080036bc   Section        0  system_gd32f4xx.o(.text.system_clock_200m_25m_hxtal)
    system_clock_config                      0x0800381d   Thumb Code     8  system_gd32f4xx.o(.text.system_clock_config)
    [Anonymous Symbol]                       0x0800381c   Section        0  system_gd32f4xx.o(.text.system_clock_config)
    [Anonymous Symbol]                       0x08003824   Section        0  gd32f4xx_timer.o(.text.timer_auto_reload_shadow_enable)
    [Anonymous Symbol]                       0x08003838   Section        0  gd32f4xx_timer.o(.text.timer_autoreload_value_config)
    [Anonymous Symbol]                       0x08003848   Section        0  gd32f4xx_timer.o(.text.timer_channel_capture_value_register_read)
    [Anonymous Symbol]                       0x08003894   Section        0  gd32f4xx_timer.o(.text.timer_channel_input_capture_prescaler_config)
    [Anonymous Symbol]                       0x08003920   Section        0  gd32f4xx_timer.o(.text.timer_channel_output_config)
    [Anonymous Symbol]                       0x08003be8   Section        0  gd32f4xx_timer.o(.text.timer_channel_output_mode_config)
    [Anonymous Symbol]                       0x08003c74   Section        0  gd32f4xx_timer.o(.text.timer_channel_output_pulse_value_config)
    [Anonymous Symbol]                       0x08003cbc   Section        0  gd32f4xx_timer.o(.text.timer_channel_output_shadow_config)
    [Anonymous Symbol]                       0x08003d48   Section        0  gd32f4xx_timer.o(.text.timer_counter_value_config)
    [Anonymous Symbol]                       0x08003d58   Section        0  gd32f4xx_timer.o(.text.timer_deinit)
    [Anonymous Symbol]                       0x08003f40   Section        0  gd32f4xx_timer.o(.text.timer_enable)
    [Anonymous Symbol]                       0x08003f54   Section        0  gd32f4xx_timer.o(.text.timer_flag_clear)
    [Anonymous Symbol]                       0x08003f68   Section        0  gd32f4xx_timer.o(.text.timer_flag_get)
    [Anonymous Symbol]                       0x08003f94   Section        0  gd32f4xx_timer.o(.text.timer_init)
    [Anonymous Symbol]                       0x08004094   Section        0  gd32f4xx_timer.o(.text.timer_input_capture_config)
    [Anonymous Symbol]                       0x08004240   Section        0  gd32f4xx_timer.o(.text.timer_interrupt_enable)
    [Anonymous Symbol]                       0x08004254   Section        0  gd32f4xx_timer.o(.text.timer_interrupt_flag_clear)
    [Anonymous Symbol]                       0x08004268   Section        0  gd32f4xx_timer.o(.text.timer_interrupt_flag_get)
    [Anonymous Symbol]                       0x080042a4   Section        0  gd32f4xx_usart.o(.text.usart_baudrate_set)
    [Anonymous Symbol]                       0x080043fc   Section        0  gd32f4xx_usart.o(.text.usart_data_receive)
    [Anonymous Symbol]                       0x0800440c   Section        0  gd32f4xx_usart.o(.text.usart_data_transmit)
    [Anonymous Symbol]                       0x08004420   Section        0  gd32f4xx_usart.o(.text.usart_deinit)
    [Anonymous Symbol]                       0x08004540   Section        0  gd32f4xx_usart.o(.text.usart_disable)
    [Anonymous Symbol]                       0x08004554   Section        0  gd32f4xx_usart.o(.text.usart_dma_receive_config)
    [Anonymous Symbol]                       0x08004580   Section        0  gd32f4xx_usart.o(.text.usart_enable)
    [Anonymous Symbol]                       0x08004594   Section        0  gd32f4xx_usart.o(.text.usart_flag_get)
    [Anonymous Symbol]                       0x080045d0   Section        0  gd32f4xx_usart.o(.text.usart_hardware_flow_cts_config)
    [Anonymous Symbol]                       0x080045fc   Section        0  gd32f4xx_usart.o(.text.usart_hardware_flow_rts_config)
    [Anonymous Symbol]                       0x08004628   Section        0  gd32f4xx_usart.o(.text.usart_parity_config)
    [Anonymous Symbol]                       0x08004648   Section        0  gd32f4xx_usart.o(.text.usart_prescaler_config)
    [Anonymous Symbol]                       0x0800466c   Section        0  gd32f4xx_usart.o(.text.usart_receive_config)
    [Anonymous Symbol]                       0x08004698   Section        0  gd32f4xx_usart.o(.text.usart_stop_bit_set)
    [Anonymous Symbol]                       0x080046b8   Section        0  gd32f4xx_usart.o(.text.usart_transmit_config)
    [Anonymous Symbol]                       0x080046e4   Section        0  gd32f4xx_usart.o(.text.usart_word_length_set)
    i.__scatterload_copy                     0x08004702   Section       14  handlers.o(i.__scatterload_copy)
    i.__scatterload_null                     0x08004710   Section        2  handlers.o(i.__scatterload_null)
    i.__scatterload_zeroinit                 0x08004712   Section       14  handlers.o(i.__scatterload_zeroinit)
    i._is_digit                              0x08004720   Section        0  scanf_fp.o(i._is_digit)
    .constdata                               0x0800472e   Section       64  ctype_c.o(.constdata)
    .L.str                                   0x0800476e   Data           4  main.o(.rodata.str1.1)
    [Anonymous Symbol]                       0x0800476e   Section        0  main.o(.rodata.str1.1)
    .data                                    0x20000000   Section        4  stdin.o(.data)
    STACK                                    0x20000050   Section     1024  startup_gd32f450_470.o(STACK)

    Global Symbols

    Symbol Name                              Value     Ov Type        Size  Object(Section)

    BuildAttributes$$THM_ISAv4$E$P$D$K$B$S$7EM$VFPi3$EXTD16$VFPS$VFMA$PE$A:L22UL41UL21$X:L11$S22US41US21$IEEE1$IW$~IW$USESV6$~STKCKD$USESV7$~SHL$OTIME$ROPI$IEEEX$EBA8$MICROLIB$REQ8$PRES8$EABIv2 0x00000000   Number         0  anon$$obj.o ABSOLUTE
    __cpp_initialize__aeabi_                  - Undefined Weak Reference
    __cxa_finalize                            - Undefined Weak Reference
    __decompress                              - Undefined Weak Reference
    _clock_init                               - Undefined Weak Reference
    _microlib_exit                            - Undefined Weak Reference
    __Vectors_Size                           0x000001ac   Number         0  startup_gd32f450_470.o ABSOLUTE
    __Vectors                                0x08000000   Data           4  startup_gd32f450_470.o(RESET)
    __Vectors_End                            0x080001ac   Data           0  startup_gd32f450_470.o(RESET)
    __main                                   0x080001ad   Thumb Code     0  entry.o(.ARM.Collect$$$$00000000)
    _main_stk                                0x080001ad   Thumb Code     0  entry2.o(.ARM.Collect$$$$00000001)
    _main_scatterload                        0x080001b1   Thumb Code     0  entry5.o(.ARM.Collect$$$$00000004)
    __main_after_scatterload                 0x080001b5   Thumb Code     0  entry5.o(.ARM.Collect$$$$00000004)
    _main_clock                              0x080001b5   Thumb Code     0  entry7b.o(.ARM.Collect$$$$00000008)
    _main_cpp_init                           0x080001b5   Thumb Code     0  entry8b.o(.ARM.Collect$$$$0000000A)
    _main_init                               0x080001b5   Thumb Code     0  entry9a.o(.ARM.Collect$$$$0000000B)
    __rt_final_cpp                           0x080001bd   Thumb Code     0  entry10a.o(.ARM.Collect$$$$0000000D)
    __rt_final_exit                          0x080001bd   Thumb Code     0  entry11a.o(.ARM.Collect$$$$0000000F)
    Reset_Handler                            0x080001c1   Thumb Code     8  startup_gd32f450_470.o(.text)
    NMI_Handler                              0x080001c9   Thumb Code     2  startup_gd32f450_470.o(.text)
    HardFault_Handler                        0x080001cb   Thumb Code     2  startup_gd32f450_470.o(.text)
    MemManage_Handler                        0x080001cd   Thumb Code     2  startup_gd32f450_470.o(.text)
    BusFault_Handler                         0x080001cf   Thumb Code     2  startup_gd32f450_470.o(.text)
    UsageFault_Handler                       0x080001d1   Thumb Code     2  startup_gd32f450_470.o(.text)
    SVC_Handler                              0x080001d3   Thumb Code     2  startup_gd32f450_470.o(.text)
    DebugMon_Handler                         0x080001d5   Thumb Code     2  startup_gd32f450_470.o(.text)
    PendSV_Handler                           0x080001d7   Thumb Code     2  startup_gd32f450_470.o(.text)
    SysTick_Handler                          0x080001d9   Thumb Code     2  startup_gd32f450_470.o(.text)
    ADC_IRQHandler                           0x080001db   Thumb Code     0  startup_gd32f450_470.o(.text)
    CAN0_EWMC_IRQHandler                     0x080001db   Thumb Code     0  startup_gd32f450_470.o(.text)
    CAN0_RX0_IRQHandler                      0x080001db   Thumb Code     0  startup_gd32f450_470.o(.text)
    CAN0_RX1_IRQHandler                      0x080001db   Thumb Code     0  startup_gd32f450_470.o(.text)
    CAN0_TX_IRQHandler                       0x080001db   Thumb Code     0  startup_gd32f450_470.o(.text)
    CAN1_EWMC_IRQHandler                     0x080001db   Thumb Code     0  startup_gd32f450_470.o(.text)
    CAN1_RX0_IRQHandler                      0x080001db   Thumb Code     0  startup_gd32f450_470.o(.text)
    CAN1_RX1_IRQHandler                      0x080001db   Thumb Code     0  startup_gd32f450_470.o(.text)
    CAN1_TX_IRQHandler                       0x080001db   Thumb Code     0  startup_gd32f450_470.o(.text)
    DCI_IRQHandler                           0x080001db   Thumb Code     0  startup_gd32f450_470.o(.text)
    DMA0_Channel0_IRQHandler                 0x080001db   Thumb Code     0  startup_gd32f450_470.o(.text)
    DMA0_Channel2_IRQHandler                 0x080001db   Thumb Code     0  startup_gd32f450_470.o(.text)
    DMA0_Channel3_IRQHandler                 0x080001db   Thumb Code     0  startup_gd32f450_470.o(.text)
    DMA0_Channel4_IRQHandler                 0x080001db   Thumb Code     0  startup_gd32f450_470.o(.text)
    DMA0_Channel5_IRQHandler                 0x080001db   Thumb Code     0  startup_gd32f450_470.o(.text)
    DMA0_Channel6_IRQHandler                 0x080001db   Thumb Code     0  startup_gd32f450_470.o(.text)
    DMA0_Channel7_IRQHandler                 0x080001db   Thumb Code     0  startup_gd32f450_470.o(.text)
    DMA1_Channel0_IRQHandler                 0x080001db   Thumb Code     0  startup_gd32f450_470.o(.text)
    DMA1_Channel1_IRQHandler                 0x080001db   Thumb Code     0  startup_gd32f450_470.o(.text)
    DMA1_Channel2_IRQHandler                 0x080001db   Thumb Code     0  startup_gd32f450_470.o(.text)
    DMA1_Channel3_IRQHandler                 0x080001db   Thumb Code     0  startup_gd32f450_470.o(.text)
    DMA1_Channel4_IRQHandler                 0x080001db   Thumb Code     0  startup_gd32f450_470.o(.text)
    DMA1_Channel5_IRQHandler                 0x080001db   Thumb Code     0  startup_gd32f450_470.o(.text)
    DMA1_Channel6_IRQHandler                 0x080001db   Thumb Code     0  startup_gd32f450_470.o(.text)
    DMA1_Channel7_IRQHandler                 0x080001db   Thumb Code     0  startup_gd32f450_470.o(.text)
    ENET_IRQHandler                          0x080001db   Thumb Code     0  startup_gd32f450_470.o(.text)
    ENET_WKUP_IRQHandler                     0x080001db   Thumb Code     0  startup_gd32f450_470.o(.text)
    EXMC_IRQHandler                          0x080001db   Thumb Code     0  startup_gd32f450_470.o(.text)
    EXTI0_IRQHandler                         0x080001db   Thumb Code     0  startup_gd32f450_470.o(.text)
    EXTI10_15_IRQHandler                     0x080001db   Thumb Code     0  startup_gd32f450_470.o(.text)
    EXTI1_IRQHandler                         0x080001db   Thumb Code     0  startup_gd32f450_470.o(.text)
    EXTI2_IRQHandler                         0x080001db   Thumb Code     0  startup_gd32f450_470.o(.text)
    EXTI3_IRQHandler                         0x080001db   Thumb Code     0  startup_gd32f450_470.o(.text)
    EXTI4_IRQHandler                         0x080001db   Thumb Code     0  startup_gd32f450_470.o(.text)
    EXTI5_9_IRQHandler                       0x080001db   Thumb Code     0  startup_gd32f450_470.o(.text)
    FMC_IRQHandler                           0x080001db   Thumb Code     0  startup_gd32f450_470.o(.text)
    FPU_IRQHandler                           0x080001db   Thumb Code     0  startup_gd32f450_470.o(.text)
    I2C0_ER_IRQHandler                       0x080001db   Thumb Code     0  startup_gd32f450_470.o(.text)
    I2C0_EV_IRQHandler                       0x080001db   Thumb Code     0  startup_gd32f450_470.o(.text)
    I2C1_ER_IRQHandler                       0x080001db   Thumb Code     0  startup_gd32f450_470.o(.text)
    I2C2_ER_IRQHandler                       0x080001db   Thumb Code     0  startup_gd32f450_470.o(.text)
    I2C2_EV_IRQHandler                       0x080001db   Thumb Code     0  startup_gd32f450_470.o(.text)
    IPA_IRQHandler                           0x080001db   Thumb Code     0  startup_gd32f450_470.o(.text)
    LVD_IRQHandler                           0x080001db   Thumb Code     0  startup_gd32f450_470.o(.text)
    RCU_CTC_IRQHandler                       0x080001db   Thumb Code     0  startup_gd32f450_470.o(.text)
    RTC_Alarm_IRQHandler                     0x080001db   Thumb Code     0  startup_gd32f450_470.o(.text)
    RTC_WKUP_IRQHandler                      0x080001db   Thumb Code     0  startup_gd32f450_470.o(.text)
    SDIO_IRQHandler                          0x080001db   Thumb Code     0  startup_gd32f450_470.o(.text)
    SPI0_IRQHandler                          0x080001db   Thumb Code     0  startup_gd32f450_470.o(.text)
    SPI1_IRQHandler                          0x080001db   Thumb Code     0  startup_gd32f450_470.o(.text)
    SPI2_IRQHandler                          0x080001db   Thumb Code     0  startup_gd32f450_470.o(.text)
    SPI3_IRQHandler                          0x080001db   Thumb Code     0  startup_gd32f450_470.o(.text)
    SPI4_IRQHandler                          0x080001db   Thumb Code     0  startup_gd32f450_470.o(.text)
    SPI5_IRQHandler                          0x080001db   Thumb Code     0  startup_gd32f450_470.o(.text)
    TAMPER_STAMP_IRQHandler                  0x080001db   Thumb Code     0  startup_gd32f450_470.o(.text)
    TIMER0_BRK_TIMER8_IRQHandler             0x080001db   Thumb Code     0  startup_gd32f450_470.o(.text)
    TIMER0_Channel_IRQHandler                0x080001db   Thumb Code     0  startup_gd32f450_470.o(.text)
    TIMER0_TRG_CMT_TIMER10_IRQHandler        0x080001db   Thumb Code     0  startup_gd32f450_470.o(.text)
    TIMER0_UP_TIMER9_IRQHandler              0x080001db   Thumb Code     0  startup_gd32f450_470.o(.text)
    TIMER1_IRQHandler                        0x080001db   Thumb Code     0  startup_gd32f450_470.o(.text)
    TIMER2_IRQHandler                        0x080001db   Thumb Code     0  startup_gd32f450_470.o(.text)
    TIMER3_IRQHandler                        0x080001db   Thumb Code     0  startup_gd32f450_470.o(.text)
    TIMER5_DAC_IRQHandler                    0x080001db   Thumb Code     0  startup_gd32f450_470.o(.text)
    TIMER6_IRQHandler                        0x080001db   Thumb Code     0  startup_gd32f450_470.o(.text)
    TIMER7_BRK_TIMER11_IRQHandler            0x080001db   Thumb Code     0  startup_gd32f450_470.o(.text)
    TIMER7_Channel_IRQHandler                0x080001db   Thumb Code     0  startup_gd32f450_470.o(.text)
    TIMER7_TRG_CMT_TIMER13_IRQHandler        0x080001db   Thumb Code     0  startup_gd32f450_470.o(.text)
    TIMER7_UP_TIMER12_IRQHandler             0x080001db   Thumb Code     0  startup_gd32f450_470.o(.text)
    TLI_ER_IRQHandler                        0x080001db   Thumb Code     0  startup_gd32f450_470.o(.text)
    TLI_IRQHandler                           0x080001db   Thumb Code     0  startup_gd32f450_470.o(.text)
    TRNG_IRQHandler                          0x080001db   Thumb Code     0  startup_gd32f450_470.o(.text)
    UART3_IRQHandler                         0x080001db   Thumb Code     0  startup_gd32f450_470.o(.text)
    UART4_IRQHandler                         0x080001db   Thumb Code     0  startup_gd32f450_470.o(.text)
    UART6_IRQHandler                         0x080001db   Thumb Code     0  startup_gd32f450_470.o(.text)
    UART7_IRQHandler                         0x080001db   Thumb Code     0  startup_gd32f450_470.o(.text)
    USART0_IRQHandler                        0x080001db   Thumb Code     0  startup_gd32f450_470.o(.text)
    USART1_IRQHandler                        0x080001db   Thumb Code     0  startup_gd32f450_470.o(.text)
    USART2_IRQHandler                        0x080001db   Thumb Code     0  startup_gd32f450_470.o(.text)
    USART5_IRQHandler                        0x080001db   Thumb Code     0  startup_gd32f450_470.o(.text)
    USBFS_IRQHandler                         0x080001db   Thumb Code     0  startup_gd32f450_470.o(.text)
    USBFS_WKUP_IRQHandler                    0x080001db   Thumb Code     0  startup_gd32f450_470.o(.text)
    USBHS_EP1_In_IRQHandler                  0x080001db   Thumb Code     0  startup_gd32f450_470.o(.text)
    USBHS_EP1_Out_IRQHandler                 0x080001db   Thumb Code     0  startup_gd32f450_470.o(.text)
    USBHS_IRQHandler                         0x080001db   Thumb Code     0  startup_gd32f450_470.o(.text)
    USBHS_WKUP_IRQHandler                    0x080001db   Thumb Code     0  startup_gd32f450_470.o(.text)
    WWDGT_IRQHandler                         0x080001db   Thumb Code     0  startup_gd32f450_470.o(.text)
    scanf                                    0x080001e5   Thumb Code    26  scanf.o(.text)
    __aeabi_ddiv                             0x08000205   Thumb Code   222  ddiv.o(.text)
    __aeabi_f2d                              0x080002e3   Thumb Code    38  f2d.o(.text)
    __aeabi_d2f                              0x08000309   Thumb Code    56  d2f.o(.text)
    __aeabi_llsl                             0x08000341   Thumb Code    30  llshl.o(.text)
    _ll_shift_l                              0x08000341   Thumb Code     0  llshl.o(.text)
    _scanf_longlong                          0x0800035f   Thumb Code   342  _scanf_longlong.o(.text)
    _scanf_int                               0x080004b5   Thumb Code   332  _scanf_int.o(.text)
    _scanf_string                            0x08000601   Thumb Code   224  _scanf_str.o(.text)
    _scanf_real                              0x08000809   Thumb Code     0  scanf_fp.o(.text)
    _scanf_really_real                       0x08000809   Thumb Code   556  scanf_fp.o(.text)
    __vfscanf_char_file                      0x08000a41   Thumb Code    12  scanf_char_file.o(.text)
    __I$use$fp                               0x08000a55   Thumb Code     0  iusefp.o(.text)
    _float_round                             0x08000a55   Thumb Code    18  fepilogue.o(.text)
    _float_epilogue                          0x08000a67   Thumb Code    92  fepilogue.o(.text)
    _double_round                            0x08000ac3   Thumb Code    30  depilogue.o(.text)
    _double_epilogue                         0x08000ae1   Thumb Code   156  depilogue.o(.text)
    __aeabi_dmul                             0x08000b7d   Thumb Code   228  dmul.o(.text)
    __scatterload                            0x08000c61   Thumb Code    28  init.o(.text)
    __scatterload_rt2                        0x08000c61   Thumb Code     0  init.o(.text)
    __aeabi_llsr                             0x08000c85   Thumb Code    32  llushr.o(.text)
    _ll_ushift_r                             0x08000c85   Thumb Code     0  llushr.o(.text)
    _chval                                   0x08000ca5   Thumb Code    28  _chval.o(.text)
    __vfscanf_char                           0x08000ccd   Thumb Code    20  scanf_char.o(.text)
    __aeabi_ul2d                             0x08000ce9   Thumb Code    24  dfltul.o(.text)
    isspace                                  0x08000d01   Thumb Code    10  isspace_c.o(.text)
    __vfscanf                                0x08000d0d   Thumb Code   808  _scanf.o(.text)
    __ctype_lookup                           0x08001039   Thumb Code    34  ctype_c.o(.text)
    ADC2_DMA_init_454                        0x08001061   Thumb Code   116  454software.o(.text.ADC2_DMA_init_454)
    ADC2_init_454                            0x080010d5   Thumb Code   230  454software.o(.text.ADC2_init_454)
    DMA0_Channel1_IRQHandler                 0x080011bd   Thumb Code   274  454software.o(.text.DMA0_Channel1_IRQHandler)
    I2C1_EV_IRQHandler                       0x080012d1   Thumb Code     2  454software.o(.text.I2C1_EV_IRQHandler)
    I2C_init_454                             0x080012d5   Thumb Code   422  454software.o(.text.I2C_init_454)
    LED_init_454                             0x0800147d   Thumb Code   126  454software.o(.text.LED_init_454)
    MAX31865_CsOff                           0x080014fd   Thumb Code    24  454software.o(.text.MAX31865_CsOff)
    MAX31865_CsOn                            0x08001515   Thumb Code    24  454software.o(.text.MAX31865_CsOn)
    MAX31865_HWInit                          0x0800152d   Thumb Code    20  454software.o(.text.MAX31865_HWInit)
    MAX31865_Spi_WriteByte                   0x08001541   Thumb Code    24  454software.o(.text.MAX31865_Spi_WriteByte)
    MAX31865_bufWrite                        0x08001559   Thumb Code    54  454software.o(.text.MAX31865_bufWrite)
    NVIC_init_454                            0x08001591   Thumb Code    38  454software.o(.text.NVIC_init_454)
    PWM_IN_init_454                          0x080015b9   Thumb Code   226  454software.o(.text.PWM_IN_init_454)
    PWM_init_454                             0x0800169d   Thumb Code   636  454software.o(.text.PWM_init_454)
    RCU_init_454                             0x08001919   Thumb Code   190  454software.o(.text.RCU_init_454)
    SPI1_Transfer                            0x080019d9   Thumb Code   124  454software.o(.text.SPI1_Transfer)
    SPI1_init_454                            0x08001a55   Thumb Code   302  454software.o(.text.SPI1_init_454)
    SystemInit                               0x08001b85   Thumb Code   232  system_gd32f4xx.o(.text.SystemInit)
    TIMER4_IRQHandler                        0x08001c71   Thumb Code   240  454software.o(.text.TIMER4_IRQHandler)
    TIMER_init_454                           0x08001d61   Thumb Code    64  454software.o(.text.TIMER_init_454)
    USART0_init_454                          0x08001da1   Thumb Code   196  454software.o(.text.USART0_init_454)
    USART2_init_454                          0x08001e65   Thumb Code   334  454software.o(.text.USART2_init_454)
    YDP_init_454                             0x08001fb5   Thumb Code    54  454software.o(.text.YDP_init_454)
    __backspace                              0x08001fed   Thumb Code    10  454software.o(.text.__backspace)
    adc_calibration_enable                   0x08001ff9   Thumb Code    60  gd32f4xx_adc.o(.text.adc_calibration_enable)
    adc_channel_length_config                0x08002035   Thumb Code   142  gd32f4xx_adc.o(.text.adc_channel_length_config)
    adc_clock_config                         0x080020c5   Thumb Code    32  gd32f4xx_adc.o(.text.adc_clock_config)
    adc_data_alignment_config                0x080020e5   Thumb Code    40  gd32f4xx_adc.o(.text.adc_data_alignment_config)
    adc_deinit                               0x0800210d   Thumb Code    24  gd32f4xx_adc.o(.text.adc_deinit)
    adc_dma_mode_enable                      0x08002125   Thumb Code    18  gd32f4xx_adc.o(.text.adc_dma_mode_enable)
    adc_dma_request_after_last_enable        0x08002139   Thumb Code    18  gd32f4xx_adc.o(.text.adc_dma_request_after_last_enable)
    adc_enable                               0x0800214d   Thumb Code    30  gd32f4xx_adc.o(.text.adc_enable)
    adc_external_trigger_config              0x0800216d   Thumb Code    86  gd32f4xx_adc.o(.text.adc_external_trigger_config)
    adc_regular_channel_config               0x080021c5   Thumb Code   372  gd32f4xx_adc.o(.text.adc_regular_channel_config)
    adc_resolution_config                    0x08002339   Thumb Code    30  gd32f4xx_adc.o(.text.adc_resolution_config)
    adc_software_trigger_enable              0x08002359   Thumb Code    60  gd32f4xx_adc.o(.text.adc_software_trigger_enable)
    adc_special_function_config              0x08002395   Thumb Code   166  gd32f4xx_adc.o(.text.adc_special_function_config)
    adc_sync_mode_config                     0x0800243d   Thumb Code    32  gd32f4xx_adc.o(.text.adc_sync_mode_config)
    delay_ms_454                             0x0800245d   Thumb Code   208  454software.o(.text.delay_ms_454)
    dma_channel_disable                      0x0800252d   Thumb Code    34  gd32f4xx_dma.o(.text.dma_channel_disable)
    dma_channel_enable                       0x08002551   Thumb Code    34  gd32f4xx_dma.o(.text.dma_channel_enable)
    dma_channel_subperipheral_select         0x08002575   Thumb Code    72  gd32f4xx_dma.o(.text.dma_channel_subperipheral_select)
    dma_deinit                               0x080025bd   Thumb Code   220  gd32f4xx_dma.o(.text.dma_deinit)
    dma_interrupt_enable                     0x08002699   Thumb Code    70  gd32f4xx_dma.o(.text.dma_interrupt_enable)
    dma_interrupt_flag_clear                 0x080026e1   Thumb Code   102  gd32f4xx_dma.o(.text.dma_interrupt_flag_clear)
    dma_interrupt_flag_get                   0x08002749   Thumb Code   734  gd32f4xx_dma.o(.text.dma_interrupt_flag_get)
    dma_single_data_mode_init                0x08002a29   Thumb Code   372  gd32f4xx_dma.o(.text.dma_single_data_mode_init)
    dma_single_data_para_struct_init         0x08002b9d   Thumb Code    48  gd32f4xx_dma.o(.text.dma_single_data_para_struct_init)
    fgetc                                    0x08002bcd   Thumb Code    48  454software.o(.text.fgetc)
    gpio_af_set                              0x08002bfd   Thumb Code   212  gd32f4xx_gpio.o(.text.gpio_af_set)
    gpio_bit_reset                           0x08002cd1   Thumb Code    16  gd32f4xx_gpio.o(.text.gpio_bit_reset)
    gpio_bit_set                             0x08002ce1   Thumb Code    16  gd32f4xx_gpio.o(.text.gpio_bit_set)
    gpio_bit_toggle                          0x08002cf1   Thumb Code    16  gd32f4xx_gpio.o(.text.gpio_bit_toggle)
    gpio_mode_set                            0x08002d01   Thumb Code   156  gd32f4xx_gpio.o(.text.gpio_mode_set)
    gpio_output_options_set                  0x08002d9d   Thumb Code   146  gd32f4xx_gpio.o(.text.gpio_output_options_set)
    i2c_ack_config                           0x08002e31   Thumb Code    42  gd32f4xx_i2c.o(.text.i2c_ack_config)
    i2c_clock_config                         0x08002e5d   Thumb Code   354  gd32f4xx_i2c.o(.text.i2c_clock_config)
    i2c_deinit                               0x08002fc1   Thumb Code   116  gd32f4xx_i2c.o(.text.i2c_deinit)
    i2c_enable                               0x08003035   Thumb Code    18  gd32f4xx_i2c.o(.text.i2c_enable)
    i2c_mode_addr_config                     0x08003049   Thumb Code    64  gd32f4xx_i2c.o(.text.i2c_mode_addr_config)
    init_454                                 0x08003089   Thumb Code    78  454software.o(.text.init_454)
    main                                     0x080030d9   Thumb Code    70  main.o(.text.main)
    motor_control                            0x08003121   Thumb Code   122  454software.o(.text.motor_control)
    nvic_irq_enable                          0x0800319d   Thumb Code   298  gd32f4xx_misc.o(.text.nvic_irq_enable)
    nvic_priority_group_set                  0x080032c9   Thumb Code    28  gd32f4xx_misc.o(.text.nvic_priority_group_set)
    rcu_ahb_clock_config                     0x080032e5   Thumb Code    36  gd32f4xx_rcu.o(.text.rcu_ahb_clock_config)
    rcu_apb1_clock_config                    0x08003309   Thumb Code    36  gd32f4xx_rcu.o(.text.rcu_apb1_clock_config)
    rcu_clock_freq_get                       0x0800332d   Thumb Code   354  gd32f4xx_rcu.o(.text.rcu_clock_freq_get)
    rcu_periph_clock_enable                  0x08003491   Thumb Code    40  gd32f4xx_rcu.o(.text.rcu_periph_clock_enable)
    rcu_periph_reset_disable                 0x080034b9   Thumb Code    40  gd32f4xx_rcu.o(.text.rcu_periph_reset_disable)
    rcu_periph_reset_enable                  0x080034e1   Thumb Code    40  gd32f4xx_rcu.o(.text.rcu_periph_reset_enable)
    spi_enable                               0x08003509   Thumb Code    18  gd32f4xx_spi.o(.text.spi_enable)
    spi_i2s_data_receive                     0x0800351d   Thumb Code    14  gd32f4xx_spi.o(.text.spi_i2s_data_receive)
    spi_i2s_data_transmit                    0x0800352d   Thumb Code    20  gd32f4xx_spi.o(.text.spi_i2s_data_transmit)
    spi_i2s_deinit                           0x08003541   Thumb Code   218  gd32f4xx_spi.o(.text.spi_i2s_deinit)
    spi_i2s_flag_get                         0x0800361d   Thumb Code    42  gd32f4xx_spi.o(.text.spi_i2s_flag_get)
    spi_init                                 0x08003649   Thumb Code   114  gd32f4xx_spi.o(.text.spi_init)
    timer_auto_reload_shadow_enable          0x08003825   Thumb Code    18  gd32f4xx_timer.o(.text.timer_auto_reload_shadow_enable)
    timer_autoreload_value_config            0x08003839   Thumb Code    16  gd32f4xx_timer.o(.text.timer_autoreload_value_config)
    timer_channel_capture_value_register_read 0x08003849   Thumb Code    74  gd32f4xx_timer.o(.text.timer_channel_capture_value_register_read)
    timer_channel_input_capture_prescaler_config 0x08003895   Thumb Code   140  gd32f4xx_timer.o(.text.timer_channel_input_capture_prescaler_config)
    timer_channel_output_config              0x08003921   Thumb Code   712  gd32f4xx_timer.o(.text.timer_channel_output_config)
    timer_channel_output_mode_config         0x08003be9   Thumb Code   140  gd32f4xx_timer.o(.text.timer_channel_output_mode_config)
    timer_channel_output_pulse_value_config  0x08003c75   Thumb Code    70  gd32f4xx_timer.o(.text.timer_channel_output_pulse_value_config)
    timer_channel_output_shadow_config       0x08003cbd   Thumb Code   140  gd32f4xx_timer.o(.text.timer_channel_output_shadow_config)
    timer_counter_value_config               0x08003d49   Thumb Code    16  gd32f4xx_timer.o(.text.timer_counter_value_config)
    timer_deinit                             0x08003d59   Thumb Code   488  gd32f4xx_timer.o(.text.timer_deinit)
    timer_enable                             0x08003f41   Thumb Code    18  gd32f4xx_timer.o(.text.timer_enable)
    timer_flag_clear                         0x08003f55   Thumb Code    18  gd32f4xx_timer.o(.text.timer_flag_clear)
    timer_flag_get                           0x08003f69   Thumb Code    42  gd32f4xx_timer.o(.text.timer_flag_get)
    timer_init                               0x08003f95   Thumb Code   256  gd32f4xx_timer.o(.text.timer_init)
    timer_input_capture_config               0x08004095   Thumb Code   426  gd32f4xx_timer.o(.text.timer_input_capture_config)
    timer_interrupt_enable                   0x08004241   Thumb Code    20  gd32f4xx_timer.o(.text.timer_interrupt_enable)
    timer_interrupt_flag_clear               0x08004255   Thumb Code    18  gd32f4xx_timer.o(.text.timer_interrupt_flag_clear)
    timer_interrupt_flag_get                 0x08004269   Thumb Code    58  gd32f4xx_timer.o(.text.timer_interrupt_flag_get)
    usart_baudrate_set                       0x080042a5   Thumb Code   344  gd32f4xx_usart.o(.text.usart_baudrate_set)
    usart_data_receive                       0x080043fd   Thumb Code    16  gd32f4xx_usart.o(.text.usart_data_receive)
    usart_data_transmit                      0x0800440d   Thumb Code    20  gd32f4xx_usart.o(.text.usart_data_transmit)
    usart_deinit                             0x08004421   Thumb Code   286  gd32f4xx_usart.o(.text.usart_deinit)
    usart_disable                            0x08004541   Thumb Code    18  gd32f4xx_usart.o(.text.usart_disable)
    usart_dma_receive_config                 0x08004555   Thumb Code    42  gd32f4xx_usart.o(.text.usart_dma_receive_config)
    usart_enable                             0x08004581   Thumb Code    18  gd32f4xx_usart.o(.text.usart_enable)
    usart_flag_get                           0x08004595   Thumb Code    58  gd32f4xx_usart.o(.text.usart_flag_get)
    usart_hardware_flow_cts_config           0x080045d1   Thumb Code    42  gd32f4xx_usart.o(.text.usart_hardware_flow_cts_config)
    usart_hardware_flow_rts_config           0x080045fd   Thumb Code    42  gd32f4xx_usart.o(.text.usart_hardware_flow_rts_config)
    usart_parity_config                      0x08004629   Thumb Code    30  gd32f4xx_usart.o(.text.usart_parity_config)
    usart_prescaler_config                   0x08004649   Thumb Code    34  gd32f4xx_usart.o(.text.usart_prescaler_config)
    usart_receive_config                     0x0800466d   Thumb Code    42  gd32f4xx_usart.o(.text.usart_receive_config)
    usart_stop_bit_set                       0x08004699   Thumb Code    30  gd32f4xx_usart.o(.text.usart_stop_bit_set)
    usart_transmit_config                    0x080046b9   Thumb Code    42  gd32f4xx_usart.o(.text.usart_transmit_config)
    usart_word_length_set                    0x080046e5   Thumb Code    30  gd32f4xx_usart.o(.text.usart_word_length_set)
    __scatterload_copy                       0x08004703   Thumb Code    14  handlers.o(i.__scatterload_copy)
    __scatterload_null                       0x08004711   Thumb Code     2  handlers.o(i.__scatterload_null)
    __scatterload_zeroinit                   0x08004713   Thumb Code    14  handlers.o(i.__scatterload_zeroinit)
    _is_digit                                0x08004721   Thumb Code    14  scanf_fp.o(i._is_digit)
    __ctype_categories                       0x0800472e   Data          64  ctype_c.o(.constdata)
    Region$$Table$$Base                      0x08004774   Number         0  anon$$obj.o(Region$$Table)
    Region$$Table$$Limit                     0x08004794   Number         0  anon$$obj.o(Region$$Table)
    __stdin                                  0x20000000   Data           4  stdin.o(.data)
    SystemCoreClock                          0x20000004   Data           4  system_gd32f4xx.o(.data.SystemCoreClock)
    MOTOR_received_frame                     0x20000008   Data           6  454software.o(.bss.MOTOR_received_frame)
    adc_values_454                           0x2000000e   Data           8  454software.o(.bss.adc_values_454)
    motor_status                             0x20000018   Data          16  454software.o(.bss.motor_status)
    pwm_values                               0x20000028   Data          36  454software.o(.bss.pwm_values)
    __initial_sp                             0x20000450   Data           0  startup_gd32f450_470.o(STACK)



==============================================================================

Memory Map of the image

  Image Entry point : 0x080001ad

  Load Region LR_IROM1 (Base: 0x08000000, Size: 0x000047a0, Max: 0x00300000, ABSOLUTE)

    Execution Region ER_IROM1 (Exec base: 0x08000000, Load base: 0x08000000, Size: 0x00004794, Max: 0x00300000, ABSOLUTE)

    Exec Addr    Load Addr    Size         Type   Attr      Idx    E Section Name        Object

    0x08000000   0x08000000   0x000001ac   Data   RO         2071    RESET               startup_gd32f450_470.o
    0x080001ac   0x080001ac   0x00000000   Code   RO         2102  * .ARM.Collect$$$$00000000  mc_w.l(entry.o)
    0x080001ac   0x080001ac   0x00000004   Code   RO         2176    .ARM.Collect$$$$00000001  mc_w.l(entry2.o)
    0x080001b0   0x080001b0   0x00000004   Code   RO         2179    .ARM.Collect$$$$00000004  mc_w.l(entry5.o)
    0x080001b4   0x080001b4   0x00000000   Code   RO         2181    .ARM.Collect$$$$00000008  mc_w.l(entry7b.o)
    0x080001b4   0x080001b4   0x00000000   Code   RO         2183    .ARM.Collect$$$$0000000A  mc_w.l(entry8b.o)
    0x080001b4   0x080001b4   0x00000008   Code   RO         2184    .ARM.Collect$$$$0000000B  mc_w.l(entry9a.o)
    0x080001bc   0x080001bc   0x00000000   Code   RO         2186    .ARM.Collect$$$$0000000D  mc_w.l(entry10a.o)
    0x080001bc   0x080001bc   0x00000000   Code   RO         2188    .ARM.Collect$$$$0000000F  mc_w.l(entry11a.o)
    0x080001bc   0x080001bc   0x00000004   Code   RO         2177    .ARM.Collect$$$$00002712  mc_w.l(entry2.o)
    0x080001c0   0x080001c0   0x00000024   Code   RO         2072    .text               startup_gd32f450_470.o
    0x080001e4   0x080001e4   0x00000020   Code   RO         2133    .text               mc_w.l(scanf.o)
    0x08000204   0x08000204   0x000000de   Code   RO         2137    .text               mf_w.l(ddiv.o)
    0x080002e2   0x080002e2   0x00000026   Code   RO         2141    .text               mf_w.l(f2d.o)
    0x08000308   0x08000308   0x00000038   Code   RO         2143    .text               mf_w.l(d2f.o)
    0x08000340   0x08000340   0x0000001e   Code   RO         2205    .text               mc_w.l(llshl.o)
    0x0800035e   0x0800035e   0x00000156   Code   RO         2216    .text               mc_w.l(_scanf_longlong.o)
    0x080004b4   0x080004b4   0x0000014c   Code   RO         2218    .text               mc_w.l(_scanf_int.o)
    0x08000600   0x08000600   0x000000e0   Code   RO         2220    .text               mc_w.l(_scanf_str.o)
    0x080006e0   0x080006e0   0x00000360   Code   RO         2222    .text               mc_w.l(scanf_fp.o)
    0x08000a40   0x08000a40   0x00000014   Code   RO         2226    .text               mc_w.l(scanf_char_file.o)
    0x08000a54   0x08000a54   0x00000000   Code   RO         2228    .text               mc_w.l(iusefp.o)
    0x08000a54   0x08000a54   0x0000006e   Code   RO         2229    .text               mf_w.l(fepilogue.o)
    0x08000ac2   0x08000ac2   0x000000ba   Code   RO         2231    .text               mf_w.l(depilogue.o)
    0x08000b7c   0x08000b7c   0x000000e4   Code   RO         2233    .text               mf_w.l(dmul.o)
    0x08000c60   0x08000c60   0x00000024   Code   RO         2245    .text               mc_w.l(init.o)
    0x08000c84   0x08000c84   0x00000020   Code   RO         2247    .text               mc_w.l(llushr.o)
    0x08000ca4   0x08000ca4   0x0000001c   Code   RO         2249    .text               mc_w.l(_chval.o)
    0x08000cc0   0x08000cc0   0x00000028   Code   RO         2251    .text               mc_w.l(scanf_char.o)
    0x08000ce8   0x08000ce8   0x00000018   Code   RO         2255    .text               mf_w.l(dfltul.o)
    0x08000d00   0x08000d00   0x0000000a   Code   RO         2257    .text               mc_w.l(isspace_c.o)
    0x08000d0a   0x08000d0a   0x00000002   PAD
    0x08000d0c   0x08000d0c   0x0000032c   Code   RO         2259    .text               mc_w.l(_scanf.o)
    0x08001038   0x08001038   0x00000028   Code   RO         2261    .text               mc_w.l(ctype_c.o)
    0x08001060   0x08001060   0x00000074   Code   RO           38    .text.ADC2_DMA_init_454  454software.o
    0x080010d4   0x080010d4   0x000000e6   Code   RO           40    .text.ADC2_init_454  454software.o
    0x080011ba   0x080011ba   0x00000002   PAD
    0x080011bc   0x080011bc   0x00000112   Code   RO          148    .text.DMA0_Channel1_IRQHandler  454software.o
    0x080012ce   0x080012ce   0x00000002   PAD
    0x080012d0   0x080012d0   0x00000002   Code   RO          146    .text.I2C1_EV_IRQHandler  454software.o
    0x080012d2   0x080012d2   0x00000002   PAD
    0x080012d4   0x080012d4   0x000001a6   Code   RO           18    .text.I2C_init_454  454software.o
    0x0800147a   0x0800147a   0x00000002   PAD
    0x0800147c   0x0800147c   0x0000007e   Code   RO           20    .text.LED_init_454  454software.o
    0x080014fa   0x080014fa   0x00000002   PAD
    0x080014fc   0x080014fc   0x00000018   Code   RO          122    .text.MAX31865_CsOff  454software.o
    0x08001514   0x08001514   0x00000018   Code   RO          120    .text.MAX31865_CsOn  454software.o
    0x0800152c   0x0800152c   0x00000014   Code   RO           32    .text.MAX31865_HWInit  454software.o
    0x08001540   0x08001540   0x00000018   Code   RO          126    .text.MAX31865_Spi_WriteByte  454software.o
    0x08001558   0x08001558   0x00000036   Code   RO          130    .text.MAX31865_bufWrite  454software.o
    0x0800158e   0x0800158e   0x00000002   PAD
    0x08001590   0x08001590   0x00000026   Code   RO           16    .text.NVIC_init_454  454software.o
    0x080015b6   0x080015b6   0x00000002   PAD
    0x080015b8   0x080015b8   0x000000e2   Code   RO           36    .text.PWM_IN_init_454  454software.o
    0x0800169a   0x0800169a   0x00000002   PAD
    0x0800169c   0x0800169c   0x0000027c   Code   RO           34    .text.PWM_init_454  454software.o
    0x08001918   0x08001918   0x000000be   Code   RO           14    .text.RCU_init_454  454software.o
    0x080019d6   0x080019d6   0x00000002   PAD
    0x080019d8   0x080019d8   0x0000007c   Code   RO          124    .text.SPI1_Transfer  454software.o
    0x08001a54   0x08001a54   0x0000012e   Code   RO           30    .text.SPI1_init_454  454software.o
    0x08001b82   0x08001b82   0x00000002   PAD
    0x08001b84   0x08001b84   0x000000e8   Code   RO         2079    .text.SystemInit    system_gd32f4xx.o
    0x08001c6c   0x08001c6c   0x00000004   PAD
    0x08001c70   0x08001c70   0x000000f0   Code   RO          144    .text.TIMER4_IRQHandler  454software.o
    0x08001d60   0x08001d60   0x00000040   Code   RO           24    .text.TIMER_init_454  454software.o
    0x08001da0   0x08001da0   0x000000c4   Code   RO           26    .text.USART0_init_454  454software.o
    0x08001e64   0x08001e64   0x0000014e   Code   RO           28    .text.USART2_init_454  454software.o
    0x08001fb2   0x08001fb2   0x00000002   PAD
    0x08001fb4   0x08001fb4   0x00000036   Code   RO           22    .text.YDP_init_454  454software.o
    0x08001fea   0x08001fea   0x00000002   PAD
    0x08001fec   0x08001fec   0x0000000a   Code   RO           52    .text.__backspace   454software.o
    0x08001ff6   0x08001ff6   0x00000002   PAD
    0x08001ff8   0x08001ff8   0x0000003c   Code   RO          175    .text.adc_calibration_enable  gd32f4xx_adc.o
    0x08002034   0x08002034   0x0000008e   Code   RO          197    .text.adc_channel_length_config  gd32f4xx_adc.o
    0x080020c2   0x080020c2   0x00000002   PAD
    0x080020c4   0x080020c4   0x00000020   Code   RO          165    .text.adc_clock_config  gd32f4xx_adc.o
    0x080020e4   0x080020e4   0x00000028   Code   RO          169    .text.adc_data_alignment_config  gd32f4xx_adc.o
    0x0800210c   0x0800210c   0x00000018   Code   RO          163    .text.adc_deinit    gd32f4xx_adc.o
    0x08002124   0x08002124   0x00000012   Code   RO          187    .text.adc_dma_mode_enable  gd32f4xx_adc.o
    0x08002136   0x08002136   0x00000002   PAD
    0x08002138   0x08002138   0x00000012   Code   RO          191    .text.adc_dma_request_after_last_enable  gd32f4xx_adc.o
    0x0800214a   0x0800214a   0x00000002   PAD
    0x0800214c   0x0800214c   0x0000001e   Code   RO          171    .text.adc_enable    gd32f4xx_adc.o
    0x0800216a   0x0800216a   0x00000002   PAD
    0x0800216c   0x0800216c   0x00000056   Code   RO          207    .text.adc_external_trigger_config  gd32f4xx_adc.o
    0x080021c2   0x080021c2   0x00000002   PAD
    0x080021c4   0x080021c4   0x00000174   Code   RO          199    .text.adc_regular_channel_config  gd32f4xx_adc.o
    0x08002338   0x08002338   0x0000001e   Code   RO          179    .text.adc_resolution_config  gd32f4xx_adc.o
    0x08002356   0x08002356   0x00000002   PAD
    0x08002358   0x08002358   0x0000003c   Code   RO          209    .text.adc_software_trigger_enable  gd32f4xx_adc.o
    0x08002394   0x08002394   0x000000a6   Code   RO          167    .text.adc_special_function_config  gd32f4xx_adc.o
    0x0800243a   0x0800243a   0x00000002   PAD
    0x0800243c   0x0800243c   0x00000020   Code   RO          243    .text.adc_sync_mode_config  gd32f4xx_adc.o
    0x0800245c   0x0800245c   0x000000d0   Code   RO           42    .text.delay_ms_454  454software.o
    0x0800252c   0x0800252c   0x00000022   Code   RO          576    .text.dma_channel_disable  gd32f4xx_dma.o
    0x0800254e   0x0800254e   0x00000002   PAD
    0x08002550   0x08002550   0x00000022   Code   RO          574    .text.dma_channel_enable  gd32f4xx_dma.o
    0x08002572   0x08002572   0x00000002   PAD
    0x08002574   0x08002574   0x00000048   Code   RO          584    .text.dma_channel_subperipheral_select  gd32f4xx_dma.o
    0x080025bc   0x080025bc   0x000000dc   Code   RO          538    .text.dma_deinit    gd32f4xx_dma.o
    0x08002698   0x08002698   0x00000046   Code   RO          596    .text.dma_interrupt_enable  gd32f4xx_dma.o
    0x080026de   0x080026de   0x00000002   PAD
    0x080026e0   0x080026e0   0x00000066   Code   RO          602    .text.dma_interrupt_flag_clear  gd32f4xx_dma.o
    0x08002746   0x08002746   0x00000002   PAD
    0x08002748   0x08002748   0x000002de   Code   RO          600    .text.dma_interrupt_flag_get  gd32f4xx_dma.o
    0x08002a26   0x08002a26   0x00000002   PAD
    0x08002a28   0x08002a28   0x00000174   Code   RO          544    .text.dma_single_data_mode_init  gd32f4xx_dma.o
    0x08002b9c   0x08002b9c   0x00000030   Code   RO          540    .text.dma_single_data_para_struct_init  gd32f4xx_dma.o
    0x08002bcc   0x08002bcc   0x00000030   Code   RO           50    .text.fgetc         454software.o
    0x08002bfc   0x08002bfc   0x000000d4   Code   RO         1047    .text.gpio_af_set   gd32f4xx_gpio.o
    0x08002cd0   0x08002cd0   0x00000010   Code   RO         1033    .text.gpio_bit_reset  gd32f4xx_gpio.o
    0x08002ce0   0x08002ce0   0x00000010   Code   RO         1031    .text.gpio_bit_set  gd32f4xx_gpio.o
    0x08002cf0   0x08002cf0   0x00000010   Code   RO         1051    .text.gpio_bit_toggle  gd32f4xx_gpio.o
    0x08002d00   0x08002d00   0x0000009c   Code   RO         1027    .text.gpio_mode_set  gd32f4xx_gpio.o
    0x08002d9c   0x08002d9c   0x00000092   Code   RO         1029    .text.gpio_output_options_set  gd32f4xx_gpio.o
    0x08002e2e   0x08002e2e   0x00000002   PAD
    0x08002e30   0x08002e30   0x0000002a   Code   RO         1070    .text.i2c_ack_config  gd32f4xx_i2c.o
    0x08002e5a   0x08002e5a   0x00000002   PAD
    0x08002e5c   0x08002e5c   0x00000162   Code   RO         1064    .text.i2c_clock_config  gd32f4xx_i2c.o
    0x08002fbe   0x08002fbe   0x00000002   PAD
    0x08002fc0   0x08002fc0   0x00000074   Code   RO         1062    .text.i2c_deinit    gd32f4xx_i2c.o
    0x08003034   0x08003034   0x00000012   Code   RO         1080    .text.i2c_enable    gd32f4xx_i2c.o
    0x08003046   0x08003046   0x00000002   PAD
    0x08003048   0x08003048   0x00000040   Code   RO         1066    .text.i2c_mode_addr_config  gd32f4xx_i2c.o
    0x08003088   0x08003088   0x0000004e   Code   RO           12    .text.init_454      454software.o
    0x080030d6   0x080030d6   0x00000002   PAD
    0x080030d8   0x080030d8   0x00000046   Code   RO            2    .text.main          main.o
    0x0800311e   0x0800311e   0x00000002   PAD
    0x08003120   0x08003120   0x0000007a   Code   RO          142    .text.motor_control  454software.o
    0x0800319a   0x0800319a   0x00000002   PAD
    0x0800319c   0x0800319c   0x0000012a   Code   RO         1227    .text.nvic_irq_enable  gd32f4xx_misc.o
    0x080032c6   0x080032c6   0x00000002   PAD
    0x080032c8   0x080032c8   0x0000001c   Code   RO         1225    .text.nvic_priority_group_set  gd32f4xx_misc.o
    0x080032e4   0x080032e4   0x00000024   Code   RO         1320    .text.rcu_ahb_clock_config  gd32f4xx_rcu.o
    0x08003308   0x08003308   0x00000024   Code   RO         1322    .text.rcu_apb1_clock_config  gd32f4xx_rcu.o
    0x0800332c   0x0800332c   0x00000162   Code   RO         1388    .text.rcu_clock_freq_get  gd32f4xx_rcu.o
    0x0800348e   0x0800348e   0x00000002   PAD
    0x08003490   0x08003490   0x00000028   Code   RO         1300    .text.rcu_periph_clock_enable  gd32f4xx_rcu.o
    0x080034b8   0x080034b8   0x00000028   Code   RO         1310    .text.rcu_periph_reset_disable  gd32f4xx_rcu.o
    0x080034e0   0x080034e0   0x00000028   Code   RO         1308    .text.rcu_periph_reset_enable  gd32f4xx_rcu.o
    0x08003508   0x08003508   0x00000012   Code   RO         1595    .text.spi_enable    gd32f4xx_spi.o
    0x0800351a   0x0800351a   0x00000002   PAD
    0x0800351c   0x0800351c   0x0000000e   Code   RO         1623    .text.spi_i2s_data_receive  gd32f4xx_spi.o
    0x0800352a   0x0800352a   0x00000002   PAD
    0x0800352c   0x0800352c   0x00000014   Code   RO         1621    .text.spi_i2s_data_transmit  gd32f4xx_spi.o
    0x08003540   0x08003540   0x000000da   Code   RO         1589    .text.spi_i2s_deinit  gd32f4xx_spi.o
    0x0800361a   0x0800361a   0x00000002   PAD
    0x0800361c   0x0800361c   0x0000002a   Code   RO         1663    .text.spi_i2s_flag_get  gd32f4xx_spi.o
    0x08003646   0x08003646   0x00000002   PAD
    0x08003648   0x08003648   0x00000072   Code   RO         1593    .text.spi_init      gd32f4xx_spi.o
    0x080036ba   0x080036ba   0x00000002   PAD
    0x080036bc   0x080036bc   0x0000015e   Code   RO         2085    .text.system_clock_200m_25m_hxtal  system_gd32f4xx.o
    0x0800381a   0x0800381a   0x00000002   PAD
    0x0800381c   0x0800381c   0x00000008   Code   RO         2081    .text.system_clock_config  system_gd32f4xx.o
    0x08003824   0x08003824   0x00000012   Code   RO         1707    .text.timer_auto_reload_shadow_enable  gd32f4xx_timer.o
    0x08003836   0x08003836   0x00000002   PAD
    0x08003838   0x08003838   0x00000010   Code   RO         1725    .text.timer_autoreload_value_config  gd32f4xx_timer.o
    0x08003848   0x08003848   0x0000004a   Code   RO         1793    .text.timer_channel_capture_value_register_read  gd32f4xx_timer.o
    0x08003892   0x08003892   0x00000002   PAD
    0x08003894   0x08003894   0x0000008c   Code   RO         1791    .text.timer_channel_input_capture_prescaler_config  gd32f4xx_timer.o
    0x08003920   0x08003920   0x000002c8   Code   RO         1767    .text.timer_channel_output_config  gd32f4xx_timer.o
    0x08003be8   0x08003be8   0x0000008c   Code   RO         1769    .text.timer_channel_output_mode_config  gd32f4xx_timer.o
    0x08003c74   0x08003c74   0x00000046   Code   RO         1771    .text.timer_channel_output_pulse_value_config  gd32f4xx_timer.o
    0x08003cba   0x08003cba   0x00000002   PAD
    0x08003cbc   0x08003cbc   0x0000008c   Code   RO         1773    .text.timer_channel_output_shadow_config  gd32f4xx_timer.o
    0x08003d48   0x08003d48   0x00000010   Code   RO         1727    .text.timer_counter_value_config  gd32f4xx_timer.o
    0x08003d58   0x08003d58   0x000001e8   Code   RO         1697    .text.timer_deinit  gd32f4xx_timer.o
    0x08003f40   0x08003f40   0x00000012   Code   RO         1703    .text.timer_enable  gd32f4xx_timer.o
    0x08003f52   0x08003f52   0x00000002   PAD
    0x08003f54   0x08003f54   0x00000012   Code   RO         1831    .text.timer_flag_clear  gd32f4xx_timer.o
    0x08003f66   0x08003f66   0x00000002   PAD
    0x08003f68   0x08003f68   0x0000002a   Code   RO         1829    .text.timer_flag_get  gd32f4xx_timer.o
    0x08003f92   0x08003f92   0x00000002   PAD
    0x08003f94   0x08003f94   0x00000100   Code   RO         1701    .text.timer_init    gd32f4xx_timer.o
    0x08004094   0x08004094   0x000001aa   Code   RO         1789    .text.timer_input_capture_config  gd32f4xx_timer.o
    0x0800423e   0x0800423e   0x00000002   PAD
    0x08004240   0x08004240   0x00000014   Code   RO         1833    .text.timer_interrupt_enable  gd32f4xx_timer.o
    0x08004254   0x08004254   0x00000012   Code   RO         1839    .text.timer_interrupt_flag_clear  gd32f4xx_timer.o
    0x08004266   0x08004266   0x00000002   PAD
    0x08004268   0x08004268   0x0000003a   Code   RO         1837    .text.timer_interrupt_flag_get  gd32f4xx_timer.o
    0x080042a2   0x080042a2   0x00000002   PAD
    0x080042a4   0x080042a4   0x00000158   Code   RO         1934    .text.usart_baudrate_set  gd32f4xx_usart.o
    0x080043fc   0x080043fc   0x00000010   Code   RO         1966    .text.usart_data_receive  gd32f4xx_usart.o
    0x0800440c   0x0800440c   0x00000014   Code   RO         1964    .text.usart_data_transmit  gd32f4xx_usart.o
    0x08004420   0x08004420   0x0000011e   Code   RO         1932    .text.usart_deinit  gd32f4xx_usart.o
    0x0800453e   0x0800453e   0x00000002   PAD
    0x08004540   0x08004540   0x00000012   Code   RO         1944    .text.usart_disable  gd32f4xx_usart.o
    0x08004552   0x08004552   0x00000002   PAD
    0x08004554   0x08004554   0x0000002a   Code   RO         2026    .text.usart_dma_receive_config  gd32f4xx_usart.o
    0x0800457e   0x0800457e   0x00000002   PAD
    0x08004580   0x08004580   0x00000012   Code   RO         1942    .text.usart_enable  gd32f4xx_usart.o
    0x08004592   0x08004592   0x00000002   PAD
    0x08004594   0x08004594   0x0000003a   Code   RO         2030    .text.usart_flag_get  gd32f4xx_usart.o
    0x080045ce   0x080045ce   0x00000002   PAD
    0x080045d0   0x080045d0   0x0000002a   Code   RO         2018    .text.usart_hardware_flow_cts_config  gd32f4xx_usart.o
    0x080045fa   0x080045fa   0x00000002   PAD
    0x080045fc   0x080045fc   0x0000002a   Code   RO         2016    .text.usart_hardware_flow_rts_config  gd32f4xx_usart.o
    0x08004626   0x08004626   0x00000002   PAD
    0x08004628   0x08004628   0x0000001e   Code   RO         1936    .text.usart_parity_config  gd32f4xx_usart.o
    0x08004646   0x08004646   0x00000002   PAD
    0x08004648   0x08004648   0x00000022   Code   RO         2012    .text.usart_prescaler_config  gd32f4xx_usart.o
    0x0800466a   0x0800466a   0x00000002   PAD
    0x0800466c   0x0800466c   0x0000002a   Code   RO         1948    .text.usart_receive_config  gd32f4xx_usart.o
    0x08004696   0x08004696   0x00000002   PAD
    0x08004698   0x08004698   0x0000001e   Code   RO         1940    .text.usart_stop_bit_set  gd32f4xx_usart.o
    0x080046b6   0x080046b6   0x00000002   PAD
    0x080046b8   0x080046b8   0x0000002a   Code   RO         1946    .text.usart_transmit_config  gd32f4xx_usart.o
    0x080046e2   0x080046e2   0x00000002   PAD
    0x080046e4   0x080046e4   0x0000001e   Code   RO         1938    .text.usart_word_length_set  gd32f4xx_usart.o
    0x08004702   0x08004702   0x0000000e   Code   RO         2266    i.__scatterload_copy  mc_w.l(handlers.o)
    0x08004710   0x08004710   0x00000002   Code   RO         2267    i.__scatterload_null  mc_w.l(handlers.o)
    0x08004712   0x08004712   0x0000000e   Code   RO         2268    i.__scatterload_zeroinit  mc_w.l(handlers.o)
    0x08004720   0x08004720   0x0000000e   Code   RO         2224    i._is_digit         mc_w.l(scanf_fp.o)
    0x0800472e   0x0800472e   0x00000040   Data   RO         2262    .constdata          mc_w.l(ctype_c.o)
    0x0800476e   0x0800476e   0x00000004   Data   RO            4    .rodata.str1.1      main.o
    0x08004772   0x08004772   0x00000002   PAD
    0x08004774   0x08004774   0x00000020   Data   RO         2265    Region$$Table       anon$$obj.o


    Execution Region RW_IRAM1 (Exec base: 0x20000000, Load base: 0x08004798, Size: 0x00000450, Max: 0x00030000, ABSOLUTE)

    Exec Addr    Load Addr    Size         Type   Attr      Idx    E Section Name        Object

    0x20000000   0x08004798   0x00000004   Data   RW         2190    .data               mc_w.l(stdin.o)
    0x20000004   0x0800479c   0x00000004   Data   RW         2087    .data.SystemCoreClock  system_gd32f4xx.o
    0x20000008        -       0x00000006   Zero   RW          151    .bss.MOTOR_received_frame  454software.o
    0x2000000e        -       0x00000008   Zero   RW          152    .bss.adc_values_454  454software.o
    0x20000016   0x080047a0   0x00000002   PAD
    0x20000018        -       0x00000010   Zero   RW          155    .bss.motor_status   454software.o
    0x20000028        -       0x00000024   Zero   RW          150    .bss.pwm_values     454software.o
    0x2000004c   0x080047a0   0x00000004   PAD
    0x20000050        -       0x00000400   Zero   RW         2069    STACK               startup_gd32f450_470.o


==============================================================================

Image component sizes


      Code (inc. data)   RO Data    RW Data    ZI Data      Debug   Object Name

      4186          8          0          0         66      20721   454software.o
      1110          0          0          0          0      10379   gd32f4xx_adc.o
      1686         64          0          0          0       8575   gd32f4xx_dma.o
       562          0          0          0          0       4944   gd32f4xx_gpio.o
       594          0          0          0          0      10080   gd32f4xx_i2c.o
       326          0          0          0          0       3012   gd32f4xx_misc.o
       546          4          0          0          0      15009   gd32f4xx_rcu.o
       426          0          0          0          0       8773   gd32f4xx_spi.o
      2670         32          0          0          0      17223   gd32f4xx_timer.o
      1094          0          0          0          0      11993   gd32f4xx_usart.o
        70          0          4          0          0        746   main.o
        36          8        428          0       1024        876   startup_gd32f450_470.o
       590          0          0          4          0       2471   system_gd32f4xx.o

    ----------------------------------------------------------------------
     14022        116        466          4       1096     114802   Object Totals
         0          0         32          0          0          0   (incl. Generated)
       126          0          2          0          6          0   (incl. Padding)

    ----------------------------------------------------------------------

      Code (inc. data)   RO Data    RW Data    ZI Data      Debug   Library Member Name

        28          0          0          0          0         68   _chval.o
       812          4          0          0          0        112   _scanf.o
       332          0          0          0          0         96   _scanf_int.o
       342          0          0          0          0        100   _scanf_longlong.o
       224          0          0          0          0         96   _scanf_str.o
        40          6         64          0          0         68   ctype_c.o
         0          0          0          0          0          0   entry.o
         0          0          0          0          0          0   entry10a.o
         0          0          0          0          0          0   entry11a.o
         8          4          0          0          0          0   entry2.o
         4          0          0          0          0          0   entry5.o
         0          0          0          0          0          0   entry7b.o
         0          0          0          0          0          0   entry8b.o
         8          4          0          0          0          0   entry9a.o
        30          0          0          0          0          0   handlers.o
        36          8          0          0          0         68   init.o
        10          0          0          0          0         68   isspace_c.o
         0          0          0          0          0          0   iusefp.o
        30          0          0          0          0         68   llshl.o
        32          0          0          0          0         68   llushr.o
        32          6          0          0          0         84   scanf.o
        40          8          0          0          0         84   scanf_char.o
        20          8          0          0          0         68   scanf_char_file.o
       878         12          0          0          0        216   scanf_fp.o
         0          0          0          4          0          0   stdin.o
        56          0          0          0          0         88   d2f.o
       222          0          0          0          0        100   ddiv.o
       186          0          0          0          0        176   depilogue.o
        24          0          0          0          0         76   dfltul.o
       228          0          0          0          0         96   dmul.o
        38          0          0          0          0         68   f2d.o
       110          0          0          0          0        168   fepilogue.o

    ----------------------------------------------------------------------
      3772         60         64          4          0       2036   Library Totals
         2          0          0          0          0          0   (incl. Padding)

    ----------------------------------------------------------------------

      Code (inc. data)   RO Data    RW Data    ZI Data      Debug   Library Name

      2906         60         64          4          0       1264   mc_w.l
       864          0          0          0          0        772   mf_w.l

    ----------------------------------------------------------------------
      3772         60         64          4          0       2036   Library Totals

    ----------------------------------------------------------------------

==============================================================================


      Code (inc. data)   RO Data    RW Data    ZI Data      Debug   

     17794        176        530          8       1096     115834   Grand Totals
     17794        176        530          8       1096     115834   ELF Image Totals
     17794        176        530          8          0          0   ROM Totals

==============================================================================

    Total RO  Size (Code + RO Data)                18324 (  17.89kB)
    Total RW  Size (RW Data + ZI Data)              1104 (   1.08kB)
    Total ROM Size (Code + RO Data + RW Data)      18332 (  17.90kB)

==============================================================================

